
 Start         Length     Name                   Class
 0001:00401000 00045DECH .text                   CODE
 0002:00447000 000003E8H .itext                  ICODE
 0003:00448000 00005268H .data                   DATA
 0004:0044E000 0000639CH .bss                    BSS
 0005:00000000 00000000H .tls                    TLS


Detailed map of segments

 0001:00000000 000055A5 C=CODE     S=.text    G=(none)   M=System   ACBP=A9
 0001:000055A8 000001A2 C=CODE     S=.text    G=(none)   M=SysInit  ACBP=A9
 0001:0000574C 00000318 C=CODE     S=.text    G=(none)   M=SysConst ACBP=A9
 0001:00005A64 0000023C C=CODE     S=.text    G=(none)   M=Windows  ACBP=A9
 0001:00005CA0 00007E05 C=CODE     S=.text    G=(none)   M=SysUtils ACBP=A9
 0001:0000DAA8 00000006 C=CODE     S=.text    G=(none)   M=ActiveX  ACBP=A9
 0001:0000DAB0 000007EE C=CODE     S=.text    G=(none)   M=VarUtils ACBP=A9
 0001:0000E2A0 0000333C C=CODE     S=.text    G=(none)   M=Variants ACBP=A9
 0001:000115DC 00000070 C=CODE     S=.text    G=(none)   M=RTLConsts ACBP=A9
 0001:0001164C 0000007B C=CODE     S=.text    G=(none)   M=TypInfo  ACBP=A9
 0001:000116C8 00004055 C=CODE     S=.text    G=(none)   M=Classes  ACBP=A9
 0001:00015720 0000003B C=CODE     S=.text    G=(none)   M=i_DBMS_Provider ACBP=A9
 0001:0001575C 00001306 C=CODE     S=.text    G=(none)   M=t_SQL_types ACBP=A9
 0001:00016A64 000002D4 C=CODE     S=.text    G=(none)   M=t_ETS_Path ACBP=A9
 0001:00016D38 000005C7 C=CODE     S=.text    G=(none)   M=t_DBMS_version ACBP=A9
 0001:00017300 00000428 C=CODE     S=.text    G=(none)   M=t_DBMS_contenttype ACBP=A9
 0001:00017728 0000005A C=CODE     S=.text    G=(none)   M=t_DBMS_service ACBP=A9
 0001:00017784 0000017F C=CODE     S=.text    G=(none)   M=t_DBMS_Template ACBP=A9
 0001:00017904 00000098 C=CODE     S=.text    G=(none)   M=odbcsql  ACBP=A9
 0001:0001799C 0000004B C=CODE     S=.text    G=(none)   M=i_StatementHandleCache ACBP=A9
 0001:000179E8 00000D06 C=CODE     S=.text    G=(none)   M=t_ODBC_Exception ACBP=A9
 0001:000186F0 000018E3 C=CODE     S=.text    G=(none)   M=t_ODBC_Buffer ACBP=A9
 0001:00019FD4 00000EEC C=CODE     S=.text    G=(none)   M=u_Synchronizer ACBP=A9
 0001:0001AEC0 00000751 C=CODE     S=.text    G=(none)   M=u_StatementHandleCache ACBP=A9
 0001:0001B614 00000E3A C=CODE     S=.text    G=(none)   M=t_ODBC_Connection ACBP=A9
 0001:0001C450 00000033 C=CODE     S=.text    G=(none)   M=i_ZoomList ACBP=A9
 0001:0001C484 000000B0 C=CODE     S=.text    G=(none)   M=StrUtils ACBP=A9
 0001:0001C534 000003C4 C=CODE     S=.text    G=(none)   M=u_ZoomList ACBP=A9
 0001:0001C8F8 00000548 C=CODE     S=.text    G=(none)   M=u_TileArea ACBP=A9
 0001:0001CE40 0000030E C=CODE     S=.text    G=(none)   M=t_TSS    ACBP=A9
 0001:0001D150 000011D5 C=CODE     S=.text    G=(none)   M=IniFiles ACBP=A9
 0001:0001E328 000000EA C=CODE     S=.text    G=(none)   M=Contnrs  ACBP=A9
 0001:0001E414 0000000E C=CODE     S=.text    G=(none)   M=NativeNTAPI ACBP=A9
 0001:0001E424 0000028E C=CODE     S=.text    G=(none)   M=NTRegistry ACBP=A9
 0001:0001E6B4 00000FF8 C=CODE     S=.text    G=(none)   M=u_PStoreTools ACBP=A9
 0001:0001F6AC 0000011E C=CODE     S=.text    G=(none)   M=u_DBMS_Utils ACBP=A9
 0001:0001F7CC 00001A95 C=CODE     S=.text    G=(none)   M=u_DBMS_Connect ACBP=A9
 0001:00021264 000002E8 C=CODE     S=.text    G=(none)   M=u_ExecuteSQLArray ACBP=A9
 0001:0002154C 00002774 C=CODE     S=.text    G=(none)   M=SevenZip ACBP=A9
 0001:00023CC0 00000291 C=CODE     S=.text    G=(none)   M=u_7zHolder ACBP=A9
 0001:00023F54 00000008 C=CODE     S=.text    G=(none)   M=ZLibConst ACBP=A9
 0001:00023F5C 00008DC2 C=CODE     S=.text    G=(none)   M=ZLib     ACBP=A9
 0001:0002CD20 000074E1 C=CODE     S=.text    G=(none)   M=ALZLibExApi ACBP=A9
 0001:00034204 00000511 C=CODE     S=.text    G=(none)   M=ALZLibEx ACBP=A9
 0001:00034718 00000060 C=CODE     S=.text    G=(none)   M=DateUtils ACBP=A9
 0001:00034778 0000061E C=CODE     S=.text    G=(none)   M=ALZLibExGZ ACBP=A9
 0001:00034D98 000008FC C=CODE     S=.text    G=(none)   M=u_CompressBinaryData ACBP=A9
 0001:00035694 0000041D C=CODE     S=.text    G=(none)   M=u_Exif_Parser ACBP=A9
 0001:00035AB4 00000B5C C=CODE     S=.text    G=(none)   M=u_Tile_Parser ACBP=A9
 0001:00036610 000003B6 C=CODE     S=.text    G=(none)   M=u_Lang   ACBP=A9
 0001:000369C8 00000F42 C=CODE     S=.text    G=(none)   M=u_DBMS_TileEnum ACBP=A9
 0001:0003790C 00000502 C=CODE     S=.text    G=(none)   M=u_SQLScriptParser ACBP=A9
 0001:00037E10 00000950 C=CODE     S=.text    G=(none)   M=u_DBMS_Template ACBP=A9
 0001:00038760 0000CD1E C=CODE     S=.text    G=(none)   M=u_DBMS_Provider ACBP=A9
 0001:00045480 000006EB C=CODE     S=.text    G=(none)   M=u_exports ACBP=A9
 0001:00045B6C 00000280 C=CODE     S=.text    G=(none)   M=TileStorage_DBMS ACBP=A9
 0002:00000000 00000095 C=ICODE    S=.itext   G=(none)   M=System   ACBP=A9
 0002:00000098 00000011 C=ICODE    S=.itext   G=(none)   M=Windows  ACBP=A9
 0002:000000AC 00000088 C=ICODE    S=.itext   G=(none)   M=SysUtils ACBP=A9
 0002:00000134 0000000F C=ICODE    S=.itext   G=(none)   M=VarUtils ACBP=A9
 0002:00000144 000000AA C=ICODE    S=.itext   G=(none)   M=Variants ACBP=A9
 0002:000001F0 00000008 C=ICODE    S=.itext   G=(none)   M=TypInfo  ACBP=A9
 0002:000001F8 00000092 C=ICODE    S=.itext   G=(none)   M=Classes  ACBP=A9
 0002:0000028C 00000008 C=ICODE    S=.itext   G=(none)   M=t_SQL_types ACBP=A9
 0002:00000294 00000050 C=ICODE    S=.itext   G=(none)   M=u_Synchronizer ACBP=A9
 0002:000002E4 00000018 C=ICODE    S=.itext   G=(none)   M=t_ODBC_Connection ACBP=A9
 0002:000002FC 00000008 C=ICODE    S=.itext   G=(none)   M=IniFiles ACBP=A9
 0002:00000304 0000003B C=ICODE    S=.itext   G=(none)   M=u_PStoreTools ACBP=A9
 0002:00000340 00000014 C=ICODE    S=.itext   G=(none)   M=SevenZip ACBP=A9
 0002:00000354 00000008 C=ICODE    S=.itext   G=(none)   M=ALZLibExApi ACBP=A9
 0002:0000035C 0000003B C=ICODE    S=.itext   G=(none)   M=u_CompressBinaryData ACBP=A9
 0002:00000398 00000008 C=ICODE    S=.itext   G=(none)   M=u_Lang   ACBP=A9
 0002:000003A0 00000026 C=ICODE    S=.itext   G=(none)   M=u_DBMS_Provider ACBP=A9
 0002:000003C8 0000001D C=ICODE    S=.itext   G=(none)   M=TileStorage_DBMS ACBP=A9
 0003:00000000 00000788 C=DATA     S=.data    G=DGROUP   M=System   ACBP=A9
 0003:00000788 00000030 C=DATA     S=.data    G=DGROUP   M=SysInit  ACBP=A9
 0003:000007B8 00000250 C=DATA     S=.data    G=DGROUP   M=SysUtils ACBP=A9
 0003:00000A08 00000010 C=DATA     S=.data    G=DGROUP   M=ActiveX  ACBP=A9
 0003:00000A18 00000008 C=DATA     S=.data    G=DGROUP   M=VarUtils ACBP=A9
 0003:00000A20 00000076 C=DATA     S=.data    G=DGROUP   M=Variants ACBP=A9
 0003:00000A98 0000000C C=DATA     S=.data    G=DGROUP   M=TypInfo  ACBP=A9
 0003:00000AA4 00000084 C=DATA     S=.data    G=DGROUP   M=Classes  ACBP=A9
 0003:00000B28 00000480 C=DATA     S=.data    G=DGROUP   M=t_SQL_types ACBP=A9
 0003:00000FA8 00000008 C=DATA     S=.data    G=DGROUP   M=IniFiles ACBP=A9
 0003:00000FB0 00000058 C=DATA     S=.data    G=DGROUP   M=SevenZip ACBP=A9
 0003:00001008 000006CC C=DATA     S=.data    G=DGROUP   M=ZLib     ACBP=A9
 0003:000016D4 00003754 C=DATA     S=.data    G=DGROUP   M=ALZLibExApi ACBP=A9
 0003:00004E28 0000007C C=DATA     S=.data    G=DGROUP   M=ALZLibEx ACBP=A9
 0003:00004EA4 00000014 C=DATA     S=.data    G=DGROUP   M=u_CompressBinaryData ACBP=A9
 0003:00004EB8 00000008 C=DATA     S=.data    G=DGROUP   M=u_Tile_Parser ACBP=A9
 0003:00004EC0 0000004C C=DATA     S=.data    G=DGROUP   M=u_Lang   ACBP=A9
 0003:00004F0C 000000A8 C=DATA     S=.data    G=DGROUP   M=u_DBMS_Provider ACBP=A9
 0004:00000000 000027EC C=BSS      S=.bss     G=DGROUP   M=System   ACBP=A9
 0004:000027EC 00000010 C=BSS      S=.bss     G=DGROUP   M=SysInit  ACBP=A9
 0004:000027FC 00000008 C=BSS      S=.bss     G=DGROUP   M=Windows  ACBP=A9
 0004:00002804 00002108 C=BSS      S=.bss     G=DGROUP   M=SysUtils ACBP=A9
 0004:0000490C 0000005C C=BSS      S=.bss     G=DGROUP   M=VarUtils ACBP=A9
 0004:00004968 00000040 C=BSS      S=.bss     G=DGROUP   M=Variants ACBP=A9
 0004:000049A8 00000004 C=BSS      S=.bss     G=DGROUP   M=TypInfo  ACBP=A9
 0004:000049AC 00000034 C=BSS      S=.bss     G=DGROUP   M=Classes  ACBP=A9
 0004:000049E0 00000004 C=BSS      S=.bss     G=DGROUP   M=t_SQL_types ACBP=A9
 0004:000049E4 00000008 C=BSS      S=.bss     G=DGROUP   M=u_Synchronizer ACBP=A9
 0004:000049EC 00000008 C=BSS      S=.bss     G=DGROUP   M=t_ODBC_Connection ACBP=A9
 0004:000049F4 00000004 C=BSS      S=.bss     G=DGROUP   M=IniFiles ACBP=A9
 0004:000049F8 00000008 C=BSS      S=.bss     G=DGROUP   M=u_PStoreTools ACBP=A9
 0004:00004A00 00000004 C=BSS      S=.bss     G=DGROUP   M=SevenZip ACBP=A9
 0004:00004A04 00001984 C=BSS      S=.bss     G=DGROUP   M=ZLib     ACBP=A9
 0004:00006388 00000004 C=BSS      S=.bss     G=DGROUP   M=ALZLibExApi ACBP=A9
 0004:0000638C 00000008 C=BSS      S=.bss     G=DGROUP   M=u_CompressBinaryData ACBP=A9
 0004:00006394 00000004 C=BSS      S=.bss     G=DGROUP   M=u_Lang   ACBP=A9
 0004:00006398 00000004 C=BSS      S=.bss     G=DGROUP   M=u_DBMS_Provider ACBP=A9
 0005:00000000 00000008 C=TLS      S=.tls     G=(none)   M=System   ACBP=A9
 0005:00000008 00000004 C=TLS      S=.tls     G=(none)   M=Classes  ACBP=A9


  Address             Publics by Name

 0003:00000A08       ActiveX.GUID_NULL
 0001:0000DAA8       ActiveX.SysAllocString
 0001:0003425C       ALZLibEx..EZCompressionError
 0001:000342BC       ALZLibEx..EZDecompressionError
 0001:00034204       ALZLibEx..EZLibError
 0001:00034678       ALZLibEx.EZLibError.Create
 0001:000346CC       ALZLibEx.EZLibError.Create
 0001:00034320       ALZLibEx.ZCompressCheck
 0001:000345BC       ALZLibEx.ZCompressStream2
 0001:00034344       ALZLibEx.ZDecompressCheck
 0001:0003462C       ALZLibEx.ZDecompressStream2
 0003:00004E70       ALZLibEx.ZErrors
 0003:00004E88       ALZLibEx.ZFlushes
 0001:00034374       ALZLibEx.ZInternalCompressStream
 0001:00034490       ALZLibEx.ZInternalDecompressStream
 0003:00004E28       ALZLibEx.ZLevels
 0003:00004E5C       ALZLibEx.ZStrategies
 0001:00031934       ALZLibExApi...
 0003:00002E28       ALZLibExApi...
 0003:0000236C       ALZLibExApi...
 0001:00033900       ALZLibExApi...
 0003:00002240       ALZLibExApi...
 0003:000023BC       ALZLibExApi...
 0003:000017C4       ALZLibExApi...
 0001:0002F2B4       ALZLibExApi...
 0003:00001700       ALZLibExApi...
 0004:00006388       ALZLibExApi..2
 0001:00031428       ALZLibExApi.@inflate_fast
 0001:00030FEC       ALZLibExApi.@inflate_table
 0001:00032AE0       ALZLibExApi.@_tr_align
 0001:00032AD8       ALZLibExApi.@_tr_flush_bits
 0001:00032C30       ALZLibExApi.@_tr_flush_block
 0001:00031938       ALZLibExApi.@_tr_init
 0001:00032A1C       ALZLibExApi.@_tr_stored_block
 0001:00033598       ALZLibExApi.adler32
 0002:00000354       ALZLibExApi.ALZLibExApi
 0001:00033908       ALZLibExApi.crc32
 0001:0002D604       ALZLibExApi.deflate
 0001:0002DEEC       ALZLibExApi.deflateEnd
 0001:0002CE64       ALZLibExApi.deflateInit2_
 0001:0002CE48       ALZLibExApi.deflateInit_
 0001:0002D2B4       ALZLibExApi.deflateReset
 0001:000341BC       ALZLibExApi.Finalization
 0001:0002F614       ALZLibExApi.inflate
 0001:00030BF4       ALZLibExApi.inflateEnd
 0001:0002F3DC       ALZLibExApi.inflateInit2_
 0001:0002F480       ALZLibExApi.inflateInit_
 0001:0002F330       ALZLibExApi.inflateReset
 0001:0002CE2C       ALZLibExApi.memcpy
 0001:0002CE10       ALZLibExApi.memset
 0001:0002CDF4       ALZLibExApi.zcalloc
 0001:0002CE04       ALZLibExApi.zcfree
 0003:000016D4       ALZLibExApi.ZLIB_VERSION
 0003:000016D8       ALZLibExApi.z_errmsg
 0003:00002B27       ALZLibExApi._dist_code
 0003:00002D27       ALZLibExApi._length_code
 0001:0002CE40       ALZLibExApi._llmod
 0001:000349A0       ALZLibExGZ.GZCompressStream
 0001:00034778       ALZLibExGZ.GZCompressStream
 0001:00034D44       ALZLibExGZ.GZDecompressStream
 0001:000349B4       ALZLibExGZ.GZDecompressStream
 0004:000049B4       Classes..95
 0001:00011784       Classes..EFCreateError
 0001:00011838       Classes..EFilerError
 0001:00011724       Classes..EFileStreamError
 0001:000117E0       Classes..EFOpenError
 0001:00011940       Classes..EListError
 0001:00011890       Classes..EReadError
 0001:000116C8       Classes..EStreamError
 0001:00011998       Classes..EStringListError
 0001:000118E8       Classes..EWriteError
 0001:00011F48       Classes..TCustomMemoryStream
 0001:00011EC0       Classes..TFileStream
 0001:00011E48       Classes..THandleStream
 0001:000119F8       Classes..TList
 0001:00011FC4       Classes..TMemoryStream
 0001:00011AB4       Classes..TPersistent
 0001:00012040       Classes..TRegGroup
 0001:00012098       Classes..TRegGroups
 0001:00011DD8       Classes..TStream
 0001:00011CC0       Classes..TStringList
 0001:00011B88       Classes..TStrings
 0001:00011A5C       Classes..TThreadList
 0001:0001551C       Classes.BinToHex
 0002:000001F8       Classes.Classes
 0003:00000AA4       Classes.Convert
 0003:00000AB4       Classes.Convert
 0001:000155E4       Classes.DoneThreadSynchronization
 0001:00012B64       Classes.DoWrite
 0001:00015670       Classes.Finalization
 0004:000049C0       Classes.FindGlobalComponentProcs
 0001:000155FC       Classes.FreeIntConstList
 0004:000049C4       Classes.GlobalFixupList
 0005:00000008       Classes.GlobalLists
 0004:000049AC       Classes.GlobalNameSpace
 0001:00015558       Classes.HexToBin
 0001:000155B0       Classes.InitThreadSynchronization
 0004:000049B8       Classes.IntConstList
 0001:00015668       Classes.ModuleUnload
 0001:0001218C       Classes.PointerInModule
 0001:00014D7C       Classes.PropValueError
 0001:00014514       Classes.RaiseException
 0001:00014D64       Classes.ReadError
 0004:000049BC       Classes.RegGroups
 0001:00014C34       Classes.RemoveFixupReferences
 0001:00014CE0       Classes.RemoveFixups
 0001:000124A8       Classes.ReturnAddr
 0001:00012CC4       Classes.ReturnAddr
 0001:000150C8       Classes.SkipBinary
 0001:000150F8       Classes.SkipCollection
 0001:000150A0       Classes.SkipList
 0001:0001433C       Classes.StringListCompareStrings
 0004:000049B0       Classes.SyncEvent
 0003:00000B24       Classes.SyncList
 0001:00014A70       Classes.TCustomMemoryStream.Read
 0001:00014AA8       Classes.TCustomMemoryStream.Seek
 0001:00014A68       Classes.TCustomMemoryStream.SetPointer
 0001:0001487C       Classes.TFileStream.Create
 0001:000148C0       Classes.TFileStream.Create
 0001:00014A34       Classes.TFileStream.Destroy
 0001:000147B8       Classes.THandleStream.Create
 0001:000147F4       Classes.THandleStream.Read
 0001:00014814       Classes.THandleStream.Seek
 0001:00014854       Classes.THandleStream.SetSize
 0001:00014840       Classes.THandleStream.SetSize
 0001:00014804       Classes.THandleStream.Write
 0004:000049C8       Classes.ThreadLock
 0001:00012400       Classes.TList.Add
 0001:00012434       Classes.TList.Clear
 0001:0001244C       Classes.TList.Delete
 0001:000123E0       Classes.TList.Destroy
 0001:000124E4       Classes.TList.Error
 0001:000124AC       Classes.TList.Error
 0001:00012664       Classes.TList.Extract
 0001:00012538       Classes.TList.Get
 0001:00012560       Classes.TList.Grow
 0001:00012594       Classes.TList.IndexOf
 0001:000126A0       Classes.TList.Notify
 0001:000125B4       Classes.TList.SetCapacity
 0001:000125F0       Classes.TList.SetCount
 0001:00014AF8       Classes.TMemoryStream.Clear
 0001:00014ACC       Classes.TMemoryStream.Destroy
 0001:00014B64       Classes.TMemoryStream.Realloc
 0001:00014B10       Classes.TMemoryStream.SetCapacity
 0001:00014B38       Classes.TMemoryStream.SetSize
 0001:00014BE4       Classes.TMemoryStream.Write
 0001:000127C0       Classes.TPersistent.Assign
 0001:000127D4       Classes.TPersistent.AssignError
 0001:000128A4       Classes.TPersistent.AssignTo
 0001:000128AC       Classes.TPersistent.DefineProperties
 0001:00012794       Classes.TPersistent.Destroy
 0001:000128B0       Classes.TPersistent.GetNamePath
 0001:00012960       Classes.TPersistent.GetOwner
 0001:00014D88       Classes.TReader.CheckValue
 0001:00014DAC       Classes.TReader.EndOfList
 0001:00014DC0       Classes.TReader.NextValue
 0001:00014DD0       Classes.TReader.Read
 0001:00014E1C       Classes.TReader.ReadBuffer
 0001:00014E58       Classes.TReader.ReadListBegin
 0001:00014E60       Classes.TReader.ReadListEnd
 0001:00014E68       Classes.TReader.ReadStr
 0001:00014EA4       Classes.TReader.ReadString
 0001:00015044       Classes.TReader.ReadValue
 0001:00014F60       Classes.TReader.ReadWideString
 0001:0001534C       Classes.TReader.SkipBytes
 0001:00015304       Classes.TReader.SkipProperty
 0001:00015058       Classes.TReader.SkipSetBody
 0001:00015154       Classes.TReader.SkipValue
 0001:000120F0       Classes.TRegGroup.Create
 0001:0001214C       Classes.TRegGroup.Destroy
 0001:000121AC       Classes.TRegGroup.UnregisterModuleClasses
 0001:00012258       Classes.TRegGroups.Create
 0001:000122CC       Classes.TRegGroups.Destroy
 0001:0001232C       Classes.TRegGroups.Lock
 0001:00012338       Classes.TRegGroups.Unlock
 0001:00012344       Classes.TRegGroups.UnregisterModuleClasses
 0001:000146C4       Classes.TStream.CopyFrom
 0001:00014428       Classes.TStream.GetPosition
 0001:0001445C       Classes.TStream.GetSize
 0001:00014654       Classes.TStream.ReadBuffer
 0001:000145E4       Classes.TStream.Seek
 0001:00014560       Classes.TStream.Seek
 0001:00014448       Classes.TStream.SetPosition
 0001:000144A8       Classes.TStream.SetSize
 0001:000144C0       Classes.TStream.SetSize
 0001:000144AC       Classes.TStream.SetSize64
 0001:0001468C       Classes.TStream.WriteBuffer
 0001:00013DC8       Classes.TStringList.Add
 0001:00013DD8       Classes.TStringList.AddObject
 0001:00013E3C       Classes.TStringList.Changed
 0001:00013E58       Classes.TStringList.Changing
 0001:00013E74       Classes.TStringList.Clear
 0001:000143A4       Classes.TStringList.CompareStrings
 0001:0001436C       Classes.TStringList.CustomSort
 0001:00013EB4       Classes.TStringList.Delete
 0001:00013D6C       Classes.TStringList.Destroy
 0001:00013F20       Classes.TStringList.Exchange
 0001:00013F7C       Classes.TStringList.ExchangeItems
 0001:00013FA0       Classes.TStringList.Find
 0001:00014024       Classes.TStringList.Get
 0001:00014058       Classes.TStringList.GetCapacity
 0001:0001405C       Classes.TStringList.GetCount
 0001:00014060       Classes.TStringList.GetObject
 0001:00014088       Classes.TStringList.Grow
 0001:000140BC       Classes.TStringList.IndexOf
 0001:000140F8       Classes.TStringList.Insert
 0001:0001415C       Classes.TStringList.InsertItem
 0001:00014108       Classes.TStringList.InsertObject
 0001:000141D8       Classes.TStringList.Put
 0001:00014234       Classes.TStringList.PutObject
 0001:00014274       Classes.TStringList.QuickSort
 0001:00014308       Classes.TStringList.SetCapacity
 0001:00014324       Classes.TStringList.SetUpdateState
 0001:0001435C       Classes.TStringList.Sort
 0001:00012994       Classes.TStrings.Add
 0001:000129B8       Classes.TStrings.AddObject
 0001:000129DC       Classes.TStrings.AddStrings
 0001:00012A94       Classes.TStrings.Assign
 0001:00012B4C       Classes.TStrings.BeginUpdate
 0001:00013C54       Classes.TStrings.CompareStrings
 0001:00012BBC       Classes.TStrings.DefineProperties
 0001:00012964       Classes.TStrings.Destroy
 0001:00012C08       Classes.TStrings.EndUpdate
 0001:00012C1C       Classes.TStrings.Equals
 0001:00012CC8       Classes.TStrings.Error
 0001:00012D00       Classes.TStrings.Error
 0001:00012D58       Classes.TStrings.Exchange
 0001:00012E44       Classes.TStrings.ExtractName
 0001:00012EC0       Classes.TStrings.GetCapacity
 0001:00013B58       Classes.TStrings.GetDelimiter
 0001:00013B70       Classes.TStrings.GetLineBreak
 0001:00012EC8       Classes.TStrings.GetName
 0001:00013C98       Classes.TStrings.GetNameValueSeparator
 0001:00012F28       Classes.TStrings.GetObject
 0001:00013BA4       Classes.TStrings.GetQuoteChar
 0001:00013BBC       Classes.TStrings.GetStrictDelimiter
 0001:00012F2C       Classes.TStrings.GetText
 0001:00012F80       Classes.TStrings.GetTextStr
 0001:000130B8       Classes.TStrings.GetValue
 0001:00013CCC       Classes.TStrings.GetValueFromIndex
 0001:00013144       Classes.TStrings.IndexOf
 0001:000131D0       Classes.TStrings.IndexOfName
 0001:000132A4       Classes.TStrings.IndexOfObject
 0001:000132D8       Classes.TStrings.InsertObject
 0001:00013308       Classes.TStrings.LoadFromFile
 0001:0001335C       Classes.TStrings.LoadFromStream
 0001:00013408       Classes.TStrings.Move
 0001:000134B8       Classes.TStrings.Put
 0001:000134E8       Classes.TStrings.PutObject
 0001:000134EC       Classes.TStrings.ReadData
 0001:0001359C       Classes.TStrings.SaveToFile
 0001:000135F4       Classes.TStrings.SaveToStream
 0001:00013654       Classes.TStrings.SetCapacity
 0001:000139BC       Classes.TStrings.SetDelimitedText
 0001:00013BD4       Classes.TStrings.SetDelimiter
 0001:00013BF0       Classes.TStrings.SetLineBreak
 0001:00013CB0       Classes.TStrings.SetNameValueSeparator
 0001:00013C1C       Classes.TStrings.SetQuoteChar
 0001:00013C38       Classes.TStrings.SetStrictDelimiter
 0001:00013658       Classes.TStrings.SetStringsAdapter
 0001:0001368C       Classes.TStrings.SetText
 0001:000136DC       Classes.TStrings.SetTextStr
 0001:00013880       Classes.TStrings.SetUpdateState
 0001:00013884       Classes.TStrings.SetValue
 0001:00013938       Classes.TStrings.WriteData
 0001:000126A4       Classes.TThreadList.Create
 0001:000126F8       Classes.TThreadList.Destroy
 0001:00012774       Classes.TThreadList.LockList
 0001:00012788       Classes.TThreadList.UnlockList
 0001:00015394       Classes.TWriter.Write
 0001:000153E0       Classes.TWriter.WriteBuffer
 0001:000153F8       Classes.TWriter.WriteListBegin
 0001:00015400       Classes.TWriter.WriteListEnd
 0001:00015408       Classes.TWriter.WriteMinStr
 0001:000154B4       Classes.TWriter.WriteString
 0001:00015508       Classes.TWriter.WriteValue
 0001:00012394       Classes.UnRegisterModuleClasses
 0001:0001E328       Contnrs..TObjectList
 0001:0001E390       Contnrs.TObjectList.Add
 0001:0001E398       Contnrs.TObjectList.Create
 0001:0001E3D4       Contnrs.TObjectList.GetItem
 0001:0001E3E8       Contnrs.TObjectList.Notify
 0001:00034718       DateUtils.DateTimeToUnix
 0001:0003474C       DateUtils.UnixToDateTime
 0004:000049F4       IniFiles..8
 0001:0001D150       IniFiles..EIniFileException
 0001:0001D1B0       IniFiles..TCustomIniFile
 0001:0001D280       IniFiles..TIniFile
 0001:0001E2E0       IniFiles.Finalization
 0002:000002FC       IniFiles.IniFiles
 0001:0001D338       IniFiles.TCustomIniFile.Create
 0001:0001DA50       IniFiles.TCustomIniFile.ReadBinaryStream
 0001:0001D50C       IniFiles.TCustomIniFile.ReadBool
 0001:0001D538       IniFiles.TCustomIniFile.ReadDate
 0001:0001D5F0       IniFiles.TCustomIniFile.ReadDateTime
 0001:0001D6A8       IniFiles.TCustomIniFile.ReadFloat
 0001:0001D3E0       IniFiles.TCustomIniFile.ReadInteger
 0001:0001DD40       IniFiles.TCustomIniFile.ReadSections
 0001:0001D760       IniFiles.TCustomIniFile.ReadTime
 0001:0001D374       IniFiles.TCustomIniFile.SectionExists
 0001:0001D9E0       IniFiles.TCustomIniFile.ValueExists
 0001:0001DBCC       IniFiles.TCustomIniFile.WriteBinaryStream
 0001:0001D9C4       IniFiles.TCustomIniFile.WriteBool
 0001:0001D818       IniFiles.TCustomIniFile.WriteDate
 0001:0001D880       IniFiles.TCustomIniFile.WriteDateTime
 0001:0001D8E0       IniFiles.TCustomIniFile.WriteFloat
 0001:0001D4B0       IniFiles.TCustomIniFile.WriteInteger
 0001:0001D944       IniFiles.TCustomIniFile.WriteTime
 0001:0001E294       IniFiles.TIniFile.DeleteKey
 0001:0001DDF4       IniFiles.TIniFile.Destroy
 0001:0001E240       IniFiles.TIniFile.EraseSection
 0001:0001DFEC       IniFiles.TIniFile.ReadSection
 0001:0001DEEC       IniFiles.TIniFile.ReadSections
 0001:0001E0F4       IniFiles.TIniFile.ReadSectionValues
 0001:0001DE20       IniFiles.TIniFile.ReadString
 0001:0001E2C4       IniFiles.TIniFile.UpdateFile
 0001:0001DE80       IniFiles.TIniFile.WriteString
 0003:00000FA8       IniFiles.Values
 0001:0001E414       NativeNTAPI.NtQueryValueKey
 0001:0001E41C       NativeNTAPI.NtSetValueKey
 0001:0001E424       NTRegistry.InternalPrepareRegValue
 0001:0001E494       NTRegistry.NTRegistryClearInfo
 0001:0001E4B8       NTRegistry.NTRegistryReadBuffer
 0001:0001E5D8       NTRegistry.NTRegistrySaveBuffer
 0001:00017904       odbcsql.SQLAllocHandle
 0001:00017974       odbcsql.SQLBindCol
 0001:00017984       odbcsql.SQLBindParameter
 0001:00017944       odbcsql.SQLCloseCursor
 0001:00017924       odbcsql.SQLConnectA
 0001:0001797C       odbcsql.SQLDataSourcesA
 0001:0001795C       odbcsql.SQLDescribeColA
 0001:0001792C       odbcsql.SQLDisconnect
 0001:00017934       odbcsql.SQLDriverConnectA
 0001:0001793C       odbcsql.SQLExecDirectA
 0001:0001794C       odbcsql.SQLFetch
 0001:00017914       odbcsql.SQLFreeHandle
 0001:0001798C       odbcsql.SQLFreeStmt
 0001:00017964       odbcsql.SQLGetData
 0001:0001791C       odbcsql.SQLGetDiagRecA
 0001:0001796C       odbcsql.SQLGetInfoA
 0001:00017954       odbcsql.SQLNumResultCols
 0001:0001790C       odbcsql.SQLSetEnvAttr
 0001:00017994       odbcsql.SQL_SUCCEEDED
 0004:00004A00       SevenZip..2
 0001:00021ADC       SevenZip..T7zArchive
 0001:000230F4       SevenZip..T7zBatchItem
 0001:00021E90       SevenZip..T7zInArchive
 0001:000220EC       SevenZip..T7zOutArchive
 0001:00021A80       SevenZip..T7zPlugin
 0001:0002181C       SevenZip..T7zStream
 0003:00000FB0       SevenZip.CLSID_CFormat7z
 0001:00022164       SevenZip.CreateInArchive
 0001:0002219C       SevenZip.CreateOutArchive
 0001:00023BCC       SevenZip.Finalization
 0003:00000FC0       SevenZip.MAXCHECK
 0001:000219A0       SevenZip.RINOK
 0003:00000FF0       SevenZip.SevCompressionMethod
 0002:00000340       SevenZip.SevenZip
 0001:000219FC       SevenZip.SevenZipSetCompressionMethod
 0001:00022EA8       SevenZip.T7zArchive.Create
 0001:00022F78       SevenZip.T7zArchive.GetClassId
 0001:00022F88       SevenZip.T7zArchive.SetClassId
 0001:00023168       SevenZip.T7zBatchItem.Destroy
 0001:0002237C       SevenZip.T7zInArchive.Close
 0001:000223A4       SevenZip.T7zInArchive.Create
 0001:000229E0       SevenZip.T7zInArchive.CryptoGetTextPassword
 0001:000223FC       SevenZip.T7zInArchive.Destroy
 0001:00022CB0       SevenZip.T7zInArchive.ExtractAll
 0001:00022714       SevenZip.T7zInArchive.ExtractItem
 0001:00022B8C       SevenZip.T7zInArchive.ExtractItems
 0001:00022DB4       SevenZip.T7zInArchive.ExtractTo
 0001:00022430       SevenZip.T7zInArchive.GetInArchive
 0001:0002269C       SevenZip.T7zInArchive.GetItemIsFolder
 0001:00022ACC       SevenZip.T7zInArchive.GetItemName
 0001:00022480       SevenZip.T7zInArchive.GetItemPath
 0001:000226FC       SevenZip.T7zInArchive.GetItemProp
 0001:00022B2C       SevenZip.T7zInArchive.GetItemSize
 0001:000224E0       SevenZip.T7zInArchive.GetNumberOfItems
 0001:00022A7C       SevenZip.T7zInArchive.GetProperty
 0001:0002280C       SevenZip.T7zInArchive.GetStream
 0001:00022A88       SevenZip.T7zInArchive.GetStream
 0001:00022504       SevenZip.T7zInArchive.OpenFile
 0001:000225FC       SevenZip.T7zInArchive.OpenStream
 0001:00022960       SevenZip.T7zInArchive.PrepareOperation
 0001:0002296C       SevenZip.T7zInArchive.SetCompleted
 0001:00022998       SevenZip.T7zInArchive.SetCompleted
 0001:000229A4       SevenZip.T7zInArchive.SetOperationResult
 0001:00022E80       SevenZip.T7zInArchive.SetPassword
 0001:00022A94       SevenZip.T7zInArchive.SetPasswordCallback
 0001:00022C98       SevenZip.T7zInArchive.SetProgressCallback
 0001:00022AAC       SevenZip.T7zInArchive.SetSubArchiveName
 0001:000229D4       SevenZip.T7zInArchive.SetTotal
 0001:000229B0       SevenZip.T7zInArchive.SetTotal
 0001:000231A8       SevenZip.T7zOutArchive.AddFile
 0001:0002354C       SevenZip.T7zOutArchive.AddFiles
 0001:000235FC       SevenZip.T7zOutArchive.AddStream
 0001:00023678       SevenZip.T7zOutArchive.ClearBatch
 0001:0002368C       SevenZip.T7zOutArchive.Create
 0001:000236E0       SevenZip.T7zOutArchive.CryptoGetTextPassword2
 0001:00023720       SevenZip.T7zOutArchive.Destroy
 0001:0002375C       SevenZip.T7zOutArchive.GetOutArchive
 0001:000237AC       SevenZip.T7zOutArchive.GetProperty
 0001:00023894       SevenZip.T7zOutArchive.GetStream
 0001:00023920       SevenZip.T7zOutArchive.GetUpdateItemInfo
 0001:00023944       SevenZip.T7zOutArchive.SaveToFile
 0001:000239A0       SevenZip.T7zOutArchive.SaveToStream
 0001:00023A8C       SevenZip.T7zOutArchive.SetCompleted
 0001:00023AB8       SevenZip.T7zOutArchive.SetOperationResult
 0001:00023AC4       SevenZip.T7zOutArchive.SetPassword
 0001:00023ADC       SevenZip.T7zOutArchive.SetProgressCallback
 0001:00023AF4       SevenZip.T7zOutArchive.SetPropertie
 0001:00023BA8       SevenZip.T7zOutArchive.SetTotal
 0001:000221D4       SevenZip.T7zPlugin.Create
 0001:00022314       SevenZip.T7zPlugin.CreateObject
 0001:000222E0       SevenZip.T7zPlugin.Destroy
 0001:00022F98       SevenZip.T7zStream.Create
 0001:00022FE4       SevenZip.T7zStream.Destroy
 0001:00023020       SevenZip.T7zStream.Flush
 0001:0002302C       SevenZip.T7zStream.GetSize
 0001:00023050       SevenZip.T7zStream.Read
 0001:00023078       SevenZip.T7zStream.Seek
 0001:000230B0       SevenZip.T7zStream.SetSize
 0001:000230CC       SevenZip.T7zStream.Write
 0001:00023250       SevenZip.Traverse
 0003:00000FC8       SevenZip.ZipCompressionMethod
 0003:00000FE0       SevenZip.ZipEncryptionMethod
 0001:0001C484       StrUtils.PosEx
 0001:000056B8       SysInit.@GetTls
 0001:00005704       SysInit.@InitLib
 0001:000055D8       SysInit.AllocTlsBuffer
 0004:000027F4       SysInit.DllProc
 0001:00005694       SysInit.ExitProcessTLS
 0001:0000565C       SysInit.ExitThreadTLS
 0001:000055E4       SysInit.GetTlsSize
 0004:000027F0       SysInit.HInstance
 0001:000056F8       SysInit.InitializeModule
 0001:00005630       SysInit.InitProcessTLS
 0001:000055EC       SysInit.InitThreadTLS
 0001:000055A8       SysInit.LocalAlloc
 0001:000055B0       SysInit.LocalFree
 0003:00000790       SysInit.Module
 0004:000027ED       SysInit.ModuleIsCpp
 0004:000027EC       SysInit.ModuleIsLib
 0003:0000078C       SysInit.PtrToNil
 0001:000055B8       SysInit.TlsAlloc
 0004:000027F8       SysInit.tlsBuffer
 0001:000055C0       SysInit.TlsFree
 0001:000055C8       SysInit.TlsGetValue
 0003:00000788       SysInit.TlsIndex
 0005:0000000C       SysInit.TlsLast
 0003:000007A8       SysInit.TlsProc
 0001:000055D0       SysInit.TlsSetValue
 0004:000005B0       System..6
 0001:00000110       System..TInterfacedObject
 0001:0000001C       System..TObject
 0001:000020C0       System.@AbstractError
 0001:00002AF4       System.@AfterConstruction
 0001:000029E8       System.@AsClass
 0001:00003648       System.@Assert
 0001:000021C4       System.@AStrCmp
 0001:00002B44       System.@BeforeDestruction
 0001:00002798       System.@BoundErr
 0001:00002A34       System.@CallDynaInst
 0001:00002A9C       System.@ClassCreate
 0001:00002AEC       System.@ClassDestroy
 0001:00002130       System.@Close
 0001:00001F50       System.@Copy
 0001:00004584       System.@CopyArray
 0001:00004468       System.@CopyRecord
 0001:000046A0       System.@DispCallByIDError
 0001:00004690       System.@Dispose
 0001:00003068       System.@DoneExcept
 0001:0000494C       System.@DynArrayAsg
 0001:00004910       System.@DynArrayClear
 0001:00004750       System.@DynArrayHigh
 0001:00004748       System.@DynArrayLength
 0001:00004904       System.@DynArraySetLength
 0001:00003150       System.@ExceptionHandler
 0001:00002234       System.@FillChar
 0001:00004444       System.@Finalize
 0001:00004358       System.@FinalizeArray
 0001:0000430C       System.@FinalizeRecord
 0001:0000278C       System.@FpuInit
 0001:000026C8       System.@FpuMaskInit
 0001:00001DE0       System.@FreeMem
 0001:00001DC4       System.@GetMem
 0001:00003630       System.@Halt
 0001:00003554       System.@Halt0
 0001:00002C58       System.@HandleAnyException
 0001:00002F0C       System.@HandleFinally
 0001:00002FB4       System.@HandleFinallyInternal
 0001:00002D84       System.@HandleOnException
 0001:00004300       System.@Initialize
 0001:0000426C       System.@InitializeArray
 0001:0000423C       System.@InitializeRecord
 0001:000033F4       System.@InitImports
 0001:000033CC       System.@InitResStringImports
 0001:00003418       System.@InitWideStrings
 0001:00005054       System.@IntfAddRef
 0001:00005024       System.@IntfCast
 0001:00004FE0       System.@IntfClear
 0001:00004FF8       System.@IntfCopy
 0001:000027A0       System.@IntOver
 0001:000029C4       System.@IsClass
 0001:00002698       System.@isNECWindows
 0001:00003AE8       System.@LStrAddRef
 0001:0000368C       System.@LStrArrayClr
 0001:000036BC       System.@LStrAsg
 0001:00003934       System.@LStrCat
 0001:00003980       System.@LStrCat3
 0001:000039FC       System.@LStrCatN
 0001:00003668       System.@LStrClr
 0001:00003A90       System.@LStrCmp
 0001:00003B60       System.@LStrCopy
 0001:00003BA0       System.@LStrDelete
 0001:000038D8       System.@LStrFromArray
 0001:00003850       System.@LStrFromChar
 0001:00003860       System.@LStrFromPChar
 0001:00003758       System.@LStrFromPCharLen
 0001:00003890       System.@LStrFromPWChar
 0001:000037C4       System.@LStrFromPWCharLen
 0001:000038CC       System.@LStrFromString
 0001:000038F0       System.@LStrFromWStr
 0001:00003BE8       System.@LStrInsert
 0001:00003700       System.@LStrLAsg
 0001:00003928       System.@LStrLen
 0001:00003D88       System.@LStrSetLength
 0001:00003AF8       System.@LStrToPChar
 0001:00003904       System.@LStrToString
 0001:0000467C       System.@New
 0001:0000372C       System.@NewAnsiString
 0001:00003DF4       System.@NewWideString
 0001:000023AC       System.@Pow10
 0001:000021B8       System.@PStrCpy
 0001:00002188       System.@PStrNCat
 0001:00003014       System.@RaiseAgain
 0001:00002FEC       System.@RaiseExcept
 0001:00001DF8       System.@ReallocMem
 0001:000020B4       System.@ROUND
 0001:0000363C       System.@RunError
 0001:00003304       System.@StartLib
 0001:00000218       System.@strlen
 0001:00003098       System.@TryFinallyExit
 0001:00003B58       System.@UniqueStringA
 0001:000022D0       System.@ValLong
 0001:00004340       System.@VarClr
 0001:00004450       System.@VarCopy
 0001:0000421C       System.@WStrAddRef
 0001:00003E34       System.@WStrArrayClr
 0001:00003E58       System.@WStrAsg
 0001:00003FA0       System.@WStrCat
 0001:00004000       System.@WStrCat3
 0001:00004070       System.@WStrCatN
 0001:00003E1C       System.@WStrClr
 0001:000040B8       System.@WStrCmp
 0001:0000413C       System.@WStrCopy
 0001:00003F74       System.@WStrFromLStr
 0001:00003E88       System.@WStrFromPCharLen
 0001:00003F38       System.@WStrFromPWChar
 0001:00003F14       System.@WStrFromPWCharLen
 0001:00003E80       System.@WStrLAsg
 0001:00003F94       System.@WStrLen
 0001:000041D8       System.@WStrSetLength
 0001:00003F84       System.@WStrToPWChar
 0001:00001F20       System.@_IOTest
 0001:000046CC       System.@_llmod
 0001:000046A8       System.@_llmul
 0004:00000028       System.AbstractErrorProc
 0001:00001E88       System.AcquireExceptionObject
 0001:00004E80       System.AddModuleUnloadProc
 0001:00004E70       System.AddModuleUnloadProc
 0001:0000067C       System.AllocateLargeBlock
 0001:00001DAC       System.AllocMem
 0001:000005BC       System.AllocNewSequentialFeedMediumPool
 0004:000005B8       System.AllocSize2SmallBlockTypeIndX4
 0001:00005498       System.AnsiToUtf8
 0001:00001350       System.AppendStringToBuffer
 0004:00000020       System.AssertErrorProc
 0001:00000550       System.BinMediumSequentialFeedRemainder
 0001:00001B5C       System.BuildBlockTypeLookupTable
 0001:00001234       System.CardinalToStrBuf
 0001:00003788       System.CharFromWChar
 0001:00000198       System.CharNext
 0001:00002BD4       System.CheckJmp
 0001:00001598       System.CheckSmallBlockPoolForLeaks
 0004:0000003C       System.CmdLine
 0004:00000038       System.CmdShow
 0001:00004758       System.CopyArray
 0003:00000038       System.Copyright
 0003:00000024       System.DebugHook
 0003:00000020       System.Default8087CW
 0004:000005B4       System.DefaultSystemCodePage
 0001:0000499C       System.DelayLoadResourceModule
 0001:000002BC       System.DestroyWindow
 0003:00000778       System.dig
 0004:00000000       System.DispCallByIDProc
 0001:00004770       System.DynArrayClear
 0001:00004778       System.DynArraySetLength
 0003:00000750       System.errCaption
 0001:00001F14       System.Error
 0003:00000004       System.ErrorAddr
 0001:00001EC8       System.ErrorAt
 0004:00000008       System.ErrorProc
 0004:000003E0       System.ErrOutput
 0001:00001E68       System.ExceptAddr
 0004:0000000C       System.ExceptClsProc
 0004:0000001C       System.ExceptionClass
 0001:00001E48       System.ExceptObject
 0004:00000010       System.ExceptObjProc
 0004:00000004       System.ExceptProc
 0003:00000000       System.ExitCode
 0001:00003498       System.ExitDll
 0004:00000040       System.ExitProc
 0001:000001A0       System.ExitProcess
 0004:00000024       System.ExitProcessProc
 0004:000027B4       System.ExpectedMemoryLeaks
 0004:000027B8       System.ExpectedMemoryLeaksListLocked
 0003:00000008       System.FileMode
 0001:00005548       System.Finalization
 0001:00004768       System.FinalizeArray
 0001:00001D58       System.FinalizeMemoryManager
 0001:00003238       System.FinalizeUnits
 0001:00004A1C       System.FindBS
 0001:000001B0       System.FindClose
 0001:000001B8       System.FindFirstFile
 0001:00004974       System.FindHInstance
 0001:000049E4       System.FindResourceHInstance
 0001:00002124       System.Flush
 0001:000023A4       System.FPower10
 0001:00001CC8       System.FreeAllMemory
 0001:000006E0       System.FreeLargeBlock
 0001:000001C0       System.FreeLibrary
 0001:00005100       System.FreeMemory
 0001:00005540       System.GetACP
 0001:00000280       System.GetCmdShow
 0001:000001C8       System.GetCommandLine
 0001:00000278       System.GetCurrentThreadId
 0001:00002A04       System.GetDynaMethod
 0001:000011F8       System.GetFirstAndLastSmallBlockInPool
 0001:000011B8       System.GetFirstMediumBlockInPool
 0001:00002690       System.GetKeyboardType
 0001:000001D0       System.GetLocaleInfo
 0001:000050F0       System.GetMemory
 0001:000001D8       System.GetModuleFileName
 0001:000001E0       System.GetModuleHandle
 0001:00001464       System.GetObjectClass
 0001:000001E8       System.GetProcAddress
 0001:000001F0       System.GetStartupInfo
 0001:00000170       System.GetStdHandle
 0001:000001F8       System.GetThreadLocale
 0004:000027C0       System.InitContext
 0001:00001BA0       System.InitializeMemoryManager
 0001:0000329C       System.InitUnits
 0005:00000004       System.InOutRes
 0004:00000048       System.Input
 0001:000004F0       System.InsertMediumBlockIntoBin
 0001:00000270       System.InterlockedDecrement
 0001:00000268       System.InterlockedIncrement
 0001:000020DC       System.InternalFlush
 0001:000013E4       System.InternalIsValidClass
 0001:00003B0C       System.InternalUniqueString
 0001:000028BC       System.InvokeImplGetter
 0001:00001F94       System.IOResult
 0004:00000044       System.IsConsole
 0004:00000034       System.IsLibrary
 0004:00000045       System.IsMultiThread
 0001:00001368       System.IsValidVMTAddress
 0003:00000028       System.JITEnable
 0004:000027A4       System.LargeBlocksCircularList
 0004:000027A0       System.LargeBlocksLocked
 0004:00000714       System.LastSequentiallyFedMediumBlock
 0003:00000030       System.LibModuleList
 0001:00000200       System.LoadLibraryEx
 0001:00004C00       System.LoadResourceModule
 0001:000054E8       System.LoadResString
 0001:00000208       System.LoadString
 0001:00000324       System.LockCmpxchg
 0001:0000148C       System.LockExpectedMemoryLeaksList
 0001:00000634       System.LockLargeBlocks
 0001:00000210       System.lstrcpyn
 0004:0000002C       System.MainInstance
 0004:00000030       System.MainThreadID
 0001:00003434       System.MakeErrorMessage
 0001:000030B0       System.MapToRunError
 0004:00000720       System.MediumBlockBinBitmaps
 0004:0000071C       System.MediumBlockBinGroupBitmap
 0004:000007A0       System.MediumBlockBins
 0004:00000700       System.MediumBlockPoolsCircularList
 0004:00000710       System.MediumBlocksLocked
 0004:00000718       System.MediumSequentialFeedBytesLeft
 0003:0000071C       System.MemoryManager
 0001:000001A8       System.MessageBox
 0004:000006FE       System.MinimumBlockAlignment
 0004:000027BC       System.MMSharingWindow
 0003:00000034       System.ModuleUnloadList
 0001:00001FB4       System.Move
 0001:0000032C       System.Move12
 0001:00000340       System.Move20
 0001:00000360       System.Move28
 0001:0000038C       System.Move36
 0001:000003AC       System.Move44
 0001:000003D0       System.Move52
 0001:000003FC       System.Move60
 0001:0000042C       System.Move68
 0001:00000464       System.MoveX16L4
 0001:00000494       System.MoveX8L4
 0001:00000220       System.MultiByteToWideChar
 0004:000005AD       System.NeverSleepOnMMThreadContention
 0001:00001194       System.NextMediumBlock
 0003:0000002C       System.NoErrMsg
 0001:00002BC0       System.NotifyAnyExcept
 0001:00002B94       System.NotifyExcept
 0001:00002BF4       System.NotifyExceptFinally
 0001:00004F04       System.NotifyModuleUnload
 0001:00002B70       System.NotifyNonDelphiException
 0001:00002BAC       System.NotifyOnExcept
 0001:00002B54       System.NotifyReRaise
 0001:00002C1C       System.NotifyTerminate
 0001:00002C38       System.NotifyUnhandled
 0004:00000214       System.Output
 0001:00003C44       System.Pos
 0001:00004188       System.Pos
 0001:00000178       System.RaiseException
 0004:00000014       System.RaiseExceptionProc
 0005:00000000       System.RaiseListPtr
 0001:00000784       System.ReallocateLargeBlock
 0001:00000228       System.RegCloseKey
 0001:00004F60       System.RegisterModule
 0001:00000230       System.RegOpenKeyEx
 0001:00000238       System.RegQueryValueEx
 0003:00000734       System.reMap
 0001:000004B0       System.RemoveMediumFreeBlock
 0001:00004E78       System.RemoveModuleUnloadProc
 0001:00004EA0       System.RemoveModuleUnloadProc
 0004:000005AC       System.ReportMemoryLeaksOnShutdown
 0001:00000180       System.RtlUnwind
 0004:00000018       System.RTLUnwindProc
 0003:00000758       System.runErrMsg
 0001:00001EBC       System.RunErrorAt
 0001:000016E4       System.ScanForMemoryLeaks
 0001:000031F0       System.SetExceptionHandler
 0001:00001F40       System.SetInOutRes
 0001:000002B4       System.Sleep
 0003:0000003C       System.SmallBlockTypes
 0001:00001164       System.SysAllocMem
 0001:00000250       System.SysAllocStringLen
 0001:00000C54       System.SysFreeMem
 0001:00000260       System.SysFreeString
 0001:000008D0       System.SysGetMem
 0001:00000E4C       System.SysReallocMem
 0001:00000258       System.SysReAllocStringLen
 0001:00001500       System.SysRegisterExpectedMemoryLeak
 0002:00000000       System.System
 0001:00001540       System.SysUnregisterExpectedMemoryLeak
 0004:00000046       System.Test8086
 0001:00005060       System.TInterfacedObject.AfterConstruction
 0001:0000506C       System.TInterfacedObject.BeforeDestruction
 0001:0000507C       System.TInterfacedObject.NewInstance
 0001:0000508C       System.TInterfacedObject.QueryInterface
 0001:000050B4       System.TInterfacedObject._AddRef
 0001:000050C8       System.TInterfacedObject._Release
 0001:00002A6C       System.TObject.AfterConstruction
 0001:00002A70       System.TObject.BeforeDestruction
 0001:000027B0       System.TObject.ClassName
 0001:000027C4       System.TObject.ClassParent
 0001:000027A8       System.TObject.ClassType
 0001:0000289C       System.TObject.CleanupInstance
 0001:00002808       System.TObject.Create
 0001:00002A68       System.TObject.DefaultHandler
 0001:00002828       System.TObject.Destroy
 0001:00002A74       System.TObject.Dispatch
 0001:00002838       System.TObject.Free
 0001:000027EC       System.TObject.FreeInstance
 0001:000028EC       System.TObject.GetInterface
 0001:00002980       System.TObject.GetInterfaceEntry
 0001:00002A4C       System.TObject.InheritsFrom
 0001:00002844       System.TObject.InitInstance
 0001:00002800       System.TObject.InstanceSize
 0001:000027D0       System.TObject.NewInstance
 0001:00002A60       System.TObject.SafeCallException
 0001:00004A3C       System.ToLongPath
 0001:00000188       System.UnhandledExceptionFilter
 0001:00005118       System.UnicodeToUtf8
 0001:00003B50       System.UniqueString
 0001:00004F70       System.UnregisterModule
 0001:00003210       System.UnsetExceptionHandler
 0001:000053E0       System.UTF8Decode
 0001:00005324       System.UTF8Encode
 0001:000051F4       System.Utf8ToUnicode
 0003:00000010       System.VarAddRefProc
 0003:0000000C       System.VarClearProc
 0003:00000014       System.VarCopyProc
 0003:00000018       System.VarToLStrProc
 0003:0000001C       System.VarToWStrProc
 0001:000002A4       System.VirtualAlloc
 0001:000002AC       System.VirtualFree
 0001:00000248       System.VirtualQuery
 0001:000037A8       System.WCharFromChar
 0001:00000240       System.WideCharToMultiByte
 0001:000034C8       System.WriteErrorMessage
 0001:00000190       System.WriteFile
 0001:00003DEC       System.WStrError
 0001:00003E0C       System.WStrSet
 0004:00002914       SysUtils..35
 0001:00005D38       SysUtils..EAbort
 0001:000065AC       SysUtils..EAbstractError
 0001:00006384       SysUtils..EAccessViolation
 0001:0000654C       SysUtils..EAssertionFailed
 0001:00006498       SysUtils..EControlC
 0001:00006328       SysUtils..EConvertError
 0001:00005FAC       SysUtils..EDivByZero
 0001:00005E9C       SysUtils..EExternal
 0001:00005EF4       SysUtils..EExternalException
 0001:00005D8C       SysUtils..EHeapException
 0001:00005E44       SysUtils..EInOutError
 0001:00005F54       SysUtils..EIntError
 0001:00006608       SysUtils..EIntfCastError
 0001:0000605C       SysUtils..EIntOverflow
 0001:000062CC       SysUtils..EInvalidCast
 0001:00006110       SysUtils..EInvalidOp
 0001:00006270       SysUtils..EInvalidPointer
 0001:000060B8       SysUtils..EMathError
 0001:00006664       SysUtils..EOSError
 0001:00005DE8       SysUtils..EOutOfMemory
 0001:000061C0       SysUtils..EOverflow
 0001:000063E4       SysUtils..EPrivilege
 0001:00006004       SysUtils..ERangeError
 0001:000066BC       SysUtils..ESafecallException
 0001:0000643C       SysUtils..EStackOverflow
 0001:00006218       SysUtils..EUnderflow
 0001:000064F0       SysUtils..EVariantError
 0001:00005CD0       SysUtils..Exception
 0001:00006168       SysUtils..EZeroDivide
 0001:0000695C       SysUtils..TMultiReadExclusiveWriteSynchronizer
 0001:00006880       SysUtils..TThreadLocalCounter
 0001:0000B778       SysUtils.Abort
 0001:0000BAF8       SysUtils.AbstractErrorHandler
 0003:00000838       SysUtils.AccessMode
 0001:00006C98       SysUtils.AnsiCompareText
 0001:00006DD4       SysUtils.AnsiExtractQuotedStr
 0001:0000C428       SysUtils.AnsiPos
 0001:0000C460       SysUtils.AnsiStrPos
 0001:0000C500       SysUtils.AnsiStrRScan
 0001:0000C534       SysUtils.AnsiStrScan
 0001:00006C60       SysUtils.AnsiUpperCase
 0001:00009780       SysUtils.AppendChars
 0001:00008B88       SysUtils.AppendChars
 0001:00008F6C       SysUtils.AppendFormat
 0001:00009B64       SysUtils.AppendFormat
 0001:000097E0       SysUtils.AppendNumber
 0001:00008BE8       SysUtils.AppendNumber
 0001:00008BCC       SysUtils.AppendString
 0001:000097C4       SysUtils.AppendString
 0001:0000BADC       SysUtils.AssertErrorHandler
 0001:0000781C       SysUtils.BackfillGetDiskFreeSpaceEx
 0001:00007288       SysUtils.BoolToStr
 0001:0000C0C0       SysUtils.ByteToCharIndex
 0001:0000C09C       SysUtils.ByteToCharLen
 0001:0000C060       SysUtils.ByteType
 0001:0000BFEC       SysUtils.ByteTypeTest
 0001:000076E0       SysUtils.ChangeFileExt
 0001:0000C2D4       SysUtils.CharLength
 0001:0000C1B8       SysUtils.CharToByteIndex
 0001:0000C23C       SysUtils.CharToByteLen
 0001:0000D618       SysUtils.ClearHashTables
 0001:00006B38       SysUtils.CompareStr
 0001:00006BA0       SysUtils.CompareText
 0001:00007168       SysUtils.CompareWith
 0001:0000B518       SysUtils.ConvertAddr
 0001:00008CD8       SysUtils.ConvertEraString
 0001:000098D0       SysUtils.ConvertEraString
 0001:000069EC       SysUtils.ConvertError
 0001:00006A04       SysUtils.ConvertErrorFmt
 0001:00009A4C       SysUtils.ConvertYearString
 0001:00008E54       SysUtils.ConvertYearString
 0001:0000C128       SysUtils.CountChars
 0001:0000BA20       SysUtils.CreateAssertException
 0001:0000BBA8       SysUtils.CreateAVObject
 0001:00007890       SysUtils.CreateDir
 0001:0000B950       SysUtils.CreateInOutError
 0003:00000830       SysUtils.cSimpleBoolStrs
 0004:0000280C       SysUtils.CurrencyDecimals
 0004:00002808       SysUtils.CurrencyFormat
 0004:00002804       SysUtils.CurrencyString
 0001:00008B74       SysUtils.CurrentYear
 0001:000085EC       SysUtils.CurrToStr
 0001:00006EDC       SysUtils.CvtInt
 0001:00006F48       SysUtils.CvtInt64
 0003:00000870       SysUtils.CWNear
 0004:0000280D       SysUtils.DateSeparator
 0001:0000A39C       SysUtils.DateTimeToString
 0001:00009724       SysUtils.DateTimeToString
 0001:000086E8       SysUtils.DateTimeToTimeStamp
 0001:00008B4C       SysUtils.DayOfWeek
 0003:0000086C       SysUtils.DCon10
 0004:0000280B       SysUtils.DecimalSeparator
 0001:00008ABC       SysUtils.DecodeDate
 0001:00008970       SysUtils.DecodeDateFully
 0001:000087DC       SysUtils.DecodeTime
 0003:00000900       SysUtils.DefLongDayNames
 0003:000008B4       SysUtils.DefLongMonthNames
 0003:000008E4       SysUtils.DefShortDayNames
 0003:00000884       SysUtils.DefShortMonthNames
 0001:0000745C       SysUtils.DirectoryExists
 0001:000069D0       SysUtils.DivMod
 0001:0000BED0       SysUtils.DoneExceptions
 0001:0000B924       SysUtils.EHeapException.FreeInstance
 0003:000007B8       SysUtils.EmptyStr
 0003:000007BC       SysUtils.EmptyWideStr
 0001:00008940       SysUtils.EncodeDate
 0001:0000879C       SysUtils.EncodeTime
 0001:0000B184       SysUtils.EnumEraNames
 0001:0000B1C0       SysUtils.EnumEraYearOffsets
 0004:000028D4       SysUtils.EraNames
 0001:0000A6CC       SysUtils.EraToYear
 0004:000028F0       SysUtils.EraYearOffsets
 0001:0000B9D0       SysUtils.ErrorHandler
 0003:0000091C       SysUtils.ErrorMap
 0001:0000BE3C       SysUtils.ExceptHandler
 0001:0000B798       SysUtils.Exception.Create
 0001:0000B7D4       SysUtils.Exception.CreateFmt
 0001:0000B854       SysUtils.Exception.CreateRes
 0001:0000B890       SysUtils.Exception.CreateResFmt
 0001:0000B524       SysUtils.ExceptionErrorMessage
 0003:00000954       SysUtils.ExceptMap
 0001:0000C3D8       SysUtils.ExcludeTrailingPathDelimiter
 0001:000073D4       SysUtils.ExistsLockedOrShared
 0001:000077E0       SysUtils.ExpandFileName
 0001:000077A8       SysUtils.ExtractFileName
 0001:00007774       SysUtils.ExtractFilePath
 0004:00002910       SysUtils.FalseBoolStrs
 0003:00000860       SysUtils.FCon1E18
 0001:00007414       SysUtils.FileExists
 0001:000072D4       SysUtils.FileOpen
 0001:0000732C       SysUtils.FileRead
 0001:00007384       SysUtils.FileSeek
 0001:00007358       SysUtils.FileWrite
 0001:0000D918       SysUtils.Finalization
 0001:00007670       SysUtils.FindClose
 0001:000075FC       SysUtils.FindFirst
 0001:00007578       SysUtils.FindMatchingFile
 0001:0000764C       SysUtils.FindNext
 0004:00004908       SysUtils.FLanguages
 0001:0000827C       SysUtils.FloatToDecimal
 0001:000085BC       SysUtils.FloatToStr
 0001:00007FA8       SysUtils.FloatToText
 0003:00000874       SysUtils.FMSecsPerDay
 0001:00007E88       SysUtils.FmtStr
 0001:00007480       SysUtils.ForceDirectories
 0001:00007E74       SysUtils.Format
 0003:0000087C       SysUtils.Format
 0003:00000880       SysUtils.Format
 0001:00007ABC       SysUtils.FormatBuf
 0001:00007AB0       SysUtils.FormatClearStr
 0001:0000A3FC       SysUtils.FormatDateTime
 0001:00007A34       SysUtils.FormatError
 0003:00000858       SysUtils.FormatErrorStrs
 0001:00007A8C       SysUtils.FormatVarToStr
 0001:0000D608       SysUtils.FreeAndNil
 0001:0000D14C       SysUtils.FreeTerminateProcs
 0001:0000982C       SysUtils.GetCount
 0001:00008C34       SysUtils.GetCount
 0001:00009858       SysUtils.GetDate
 0001:00008C60       SysUtils.GetDate
 0001:0000A5E4       SysUtils.GetDateOrder
 0003:0000082C       SysUtils.GetDiskFreeSpaceEx
 0001:0000B238       SysUtils.GetEraNamesAndYearOffsets
 0001:0000A678       SysUtils.GetEraYearOffset
 0001:0000BB90       SysUtils.GetExceptionClass
 0001:0000BD74       SysUtils.GetExceptionObject
 0001:0000C694       SysUtils.GetFormatSettings
 0001:0000AEAC       SysUtils.GetLocaleChar
 0001:0000CA0C       SysUtils.GetLocaleFormatSettings
 0001:0000B074       SysUtils.GetLocaleMonthDayNames
 0001:0000AE60       SysUtils.GetLocaleStr
 0001:0000D060       SysUtils.GetModuleName
 0001:0000AF14       SysUtils.GetMonthDayNames
 0001:00009890       SysUtils.GetTime
 0001:00008C98       SysUtils.GetTime
 0001:0000CF20       SysUtils.HashName
 0003:00000828       SysUtils.HexDisplayPrefix
 0003:00000878       SysUtils.IMSecsPerDay
 0001:0000C38C       SysUtils.IncludeTrailingPathDelimiter
 0001:0000D170       SysUtils.InitDriveSpacePtr
 0001:0000BE4C       SysUtils.InitExceptions
 0001:0000C574       SysUtils.InitLeadBytes
 0001:0000BF7C       SysUtils.InitPlatformId
 0001:0000C5D0       SysUtils.InitSysLocale
 0001:0000D1D8       SysUtils.InterlockedDecrement
 0001:0000D1E4       SysUtils.InterlockedExchange
 0001:0000D1EC       SysUtils.InterlockedExchangeAdd
 0001:0000D1CC       SysUtils.InterlockedIncrement
 0001:0000703C       SysUtils.IntToHex
 0001:00006F28       SysUtils.IntToStr
 0001:00007014       SysUtils.IntToStr
 0004:0000291C       SysUtils.InvalidPointer
 0001:00008838       SysUtils.IsLeapYear
 0001:0000C344       SysUtils.IsPathDelimiter
 0001:0000768C       SysUtils.LastDelimiter
 0003:00000808       SysUtils.LeadBytes
 0004:000028D2       SysUtils.ListSeparator
 0001:0000AED8       SysUtils.LocalGetLocaleStr
 0001:0000B038       SysUtils.LocalGetLocaleStr
 0004:00002814       SysUtils.LongDateFormat
 0004:000028A8       SysUtils.LongDayNames
 0004:0000285C       SysUtils.LongMonthNames
 0004:00002828       SysUtils.LongTimeFormat
 0001:00006AB0       SysUtils.LowerCase
 0001:0000BB10       SysUtils.MapException
 0001:0000CF48       SysUtils.ModuleUnloaded
 0003:000007D8       SysUtils.MonthDays
 0004:00002809       SysUtils.NegCurrFormat
 0001:0000C30C       SysUtils.NextCharIndex
 0004:00002918       SysUtils.OutOfMemory
 0001:00007F64       SysUtils.PutExponent
 0001:00006D68       SysUtils.QuotedStr
 0001:0000BACC       SysUtils.RaiseAssertException
 0001:0000D0A4       SysUtils.RaiseLastOSError
 0001:0000D098       SysUtils.RaiseLastOSError
 0001:0000B774       SysUtils.ReturnAddr
 0001:00006C3C       SysUtils.SameText
 0001:0000A418       SysUtils.ScanBlanks
 0001:0000A5A8       SysUtils.ScanChar
 0001:0000A728       SysUtils.ScanDate
 0001:0000A43C       SysUtils.ScanNumber
 0001:0000A4D0       SysUtils.ScanString
 0001:0000AA74       SysUtils.ScanTime
 0001:0000A630       SysUtils.ScanToNumber
 0003:00000844       SysUtils.ShareMode
 0004:00002810       SysUtils.ShortDateFormat
 0004:0000288C       SysUtils.ShortDayNames
 0004:0000282C       SysUtils.ShortMonthNames
 0004:00002824       SysUtils.ShortTimeFormat
 0001:0000B6AC       SysUtils.ShowException
 0001:0000D090       SysUtils.Sleep
 0001:000079F4       SysUtils.StrAlloc
 0001:0000C084       SysUtils.StrByteType
 0001:0000C2AC       SysUtils.StrCharLength
 0001:000078DC       SysUtils.StrEnd
 0001:0000CD70       SysUtils.StringReplace
 0001:00007900       SysUtils.StrLCopy
 0001:000078AC       SysUtils.StrLen
 0001:00007E34       SysUtils.StrLFmt
 0001:00007934       SysUtils.StrLIComp
 0001:000078F0       SysUtils.StrMove
 0001:00007A08       SysUtils.StrNew
 0001:0000C2CC       SysUtils.StrNextChar
 0001:000079E0       SysUtils.StrPas
 0001:0000798C       SysUtils.StrPos
 0001:00007978       SysUtils.StrScan
 0001:0000AC6C       SysUtils.StrToDate
 0001:0000AD44       SysUtils.StrToDateTime
 0001:0000861C       SysUtils.StrToFloat
 0001:00007064       SysUtils.StrToInt
 0001:000070A0       SysUtils.StrToIntDef
 0001:0000ACD8       SysUtils.StrToTime
 0001:0000AE14       SysUtils.SysErrorMessage
 0004:000028C4       SysUtils.SysLocale
 0001:00008ADC       SysUtils.SystemTimeToDateTime
 0002:000000AC       SysUtils.SysUtils
 0003:00000A04       SysUtils.TerminateProcList
 0001:000084A8       SysUtils.TextToFloat
 0004:0000280A       SysUtils.ThousandSeparator
 0004:0000281C       SysUtils.TimeAMString
 0004:00002820       SysUtils.TimePMString
 0004:00002818       SysUtils.TimeSeparator
 0001:0000D530       SysUtils.TMultiReadExclusiveWriteSynchronizer.BeginRead
 0001:0000D434       SysUtils.TMultiReadExclusiveWriteSynchronizer.BeginWrite
 0001:0000D3F0       SysUtils.TMultiReadExclusiveWriteSynchronizer.BlockReaders
 0001:0000D334       SysUtils.TMultiReadExclusiveWriteSynchronizer.Create
 0001:0000D3A8       SysUtils.TMultiReadExclusiveWriteSynchronizer.Destroy
 0001:0000D5A0       SysUtils.TMultiReadExclusiveWriteSynchronizer.EndRead
 0001:0000D4E0       SysUtils.TMultiReadExclusiveWriteSynchronizer.EndWrite
 0001:0000D408       SysUtils.TMultiReadExclusiveWriteSynchronizer.UnblockOneWriter
 0001:0000D3FC       SysUtils.TMultiReadExclusiveWriteSynchronizer.UnblockReaders
 0001:0000D414       SysUtils.TMultiReadExclusiveWriteSynchronizer.WaitForReadSignal
 0001:0000D424       SysUtils.TMultiReadExclusiveWriteSynchronizer.WaitForWriteSignal
 0001:0000B2E8       SysUtils.TranslateDateFormat
 0001:00006CDC       SysUtils.Trim
 0001:00006D30       SysUtils.TrimRight
 0004:0000290C       SysUtils.TrueBoolStrs
 0001:00008874       SysUtils.TryEncodeDate
 0001:0000872C       SysUtils.TryEncodeTime
 0001:000071EC       SysUtils.TryStrToBool
 0001:000086CC       SysUtils.TryStrToCurr
 0001:0000ACA0       SysUtils.TryStrToDate
 0001:0000AD78       SysUtils.TryStrToDateTime
 0001:00008658       SysUtils.TryStrToFloat
 0001:00008674       SysUtils.TryStrToFloat
 0001:000086A0       SysUtils.TryStrToFloat
 0001:000070B8       SysUtils.TryStrToInt
 0001:0000AD0C       SysUtils.TryStrToTime
 0001:0000D2E0       SysUtils.TThreadLocalCounter.Delete
 0001:0000D1F4       SysUtils.TThreadLocalCounter.Destroy
 0001:0000D24C       SysUtils.TThreadLocalCounter.HashIndex
 0001:0000D268       SysUtils.TThreadLocalCounter.Open
 0001:0000D2F0       SysUtils.TThreadLocalCounter.Recycle
 0003:000007D4       SysUtils.TwoDigitYearCenturyWindow
 0004:00003914       SysUtils.UnitHashBuckets
 0001:00006A28       SysUtils.UpperCase
 0004:00002920       SysUtils.ValidatedUnitHashBuckets
 0001:000070D8       SysUtils.VerifyBoolStrArray
 0003:000007CC       SysUtils.Win32BuildNumber
 0001:0000D13C       SysUtils.Win32Check
 0003:000007D0       SysUtils.Win32CSDVersion
 0003:000007C4       SysUtils.Win32MajorVersion
 0003:000007C8       SysUtils.Win32MinorVersion
 0003:000007C0       SysUtils.Win32Platform
 0001:00045B6C       TileStorage_DBMS.Finalization
 0002:000003C8       TileStorage_DBMS.TileStorage_DBMS
 0004:000049A8       TypInfo..6
 0003:00000A98       TypInfo.BooleanIdents
 0003:00000AA0       TypInfo.DotSep
 0001:00011678       TypInfo.Finalization
 0002:000001F0       TypInfo.TypInfo
 0001:00017350       t_DBMS_contenttype..TContentTypeList
 0001:000173C0       t_DBMS_contenttype.TContentTypeList.AddItem
 0001:00017434       t_DBMS_contenttype.TContentTypeList.Clear
 0001:00017470       t_DBMS_contenttype.TContentTypeList.Create
 0001:000174B0       t_DBMS_contenttype.TContentTypeList.Destroy
 0001:000174E0       t_DBMS_contenttype.TContentTypeList.FindItemByAnsiContentTypeText
 0001:00017554       t_DBMS_contenttype.TContentTypeList.FindItemByAnsiValueInternal
 0001:000175B4       t_DBMS_contenttype.TContentTypeList.FindItemByIdContentType
 0001:0001766C       t_DBMS_contenttype.TContentTypeList.FindItemByWideContentTypeText
 0001:000176F8       t_DBMS_contenttype.TContentTypeList.SetCapacity
 0001:00017728       t_DBMS_service.TDBMS_Service_Info.CalcBackToTilePos
 0001:00017768       t_DBMS_service.TDBMS_Service_Info.XYMaskWidth
 0001:000177E4       t_DBMS_Template.TSQLTile.HXToTableNameChar
 0001:0001784C       t_DBMS_Template.TSQLTile.HXYToTableNamePos
 0001:00017870       t_DBMS_Template.TSQLTile.HYToTableNameChar
 0001:000178D8       t_DBMS_Template.TSQLTile.ZoomToTableNameChar
 0001:00016D88       t_DBMS_version..TVersionList
 0001:000172D4       t_DBMS_version.TVersionAA.Clear
 0001:00016DF4       t_DBMS_version.TVersionList.AddItem
 0001:00016EE8       t_DBMS_version.TVersionList.Clear
 0001:00016F24       t_DBMS_version.TVersionList.Create
 0001:00016F64       t_DBMS_version.TVersionList.Destroy
 0001:00016F94       t_DBMS_version.TVersionList.FindItemByAnsiValue
 0001:00017010       t_DBMS_version.TVersionList.FindItemByAnsiValueInternal
 0001:00017084       t_DBMS_version.TVersionList.FindItemByIdVer
 0001:00017144       t_DBMS_version.TVersionList.FindItemByIdVerInternal
 0001:000171AC       t_DBMS_version.TVersionList.FindItemByVersion
 0001:00017220       t_DBMS_version.TVersionList.FindItemByWideValue
 0001:000172B0       t_DBMS_version.TVersionList.GetItemByIndex
 0001:00016CC8       t_ETS_Path.TETS_Path_DelimPos.Get3Parts
 0001:00016AA4       t_ETS_Path.TETS_Path_Divided_W.ApplyFrom
 0001:00016C2C       t_ETS_Path.TETS_Path_Divided_W.AsEndpoint
 0001:00016C6C       t_ETS_Path.TETS_Path_Divided_W.Clear
 0001:00016C8C       t_ETS_Path.TETS_Path_Divided_W.CopyFrom
 0001:00018804       t_ODBC_Buffer.OdbcAlloc
 0001:000188A0       t_ODBC_Buffer.OdbcFetchStmt
 0001:00018848       t_ODBC_Buffer.OdbcFreeBuffer
 0001:0001886C       t_ODBC_Buffer.OdbcFreeColBuffer
 0001:000188F8       t_ODBC_Buffer.OdbcNumericToInt
 0001:0001881C       t_ODBC_Buffer.OdbcRealloc
 0001:00018950       t_ODBC_Buffer.OdbcTryEncodeTimeStamp
 0001:00019EA8       t_ODBC_Buffer.TDescribeColData.IsLOB
 0001:00019F04       t_ODBC_Buffer.TDescribeColData.LOBDataType
 0001:000189C8       t_ODBC_Buffer.TOdbcFetchCols.Close
 0001:00018B48       t_ODBC_Buffer.TOdbcFetchCols.ColIndex
 0001:00018BCC       t_ODBC_Buffer.TOdbcFetchCols.ColToAnsiCharDef
 0001:00018C98       t_ODBC_Buffer.TOdbcFetchCols.ColToAnsiString
 0001:00018DC8       t_ODBC_Buffer.TOdbcFetchCols.ColToDateTime
 0001:00019154       t_ODBC_Buffer.TOdbcFetchCols.ColToLongInt
 0001:00019370       t_ODBC_Buffer.TOdbcFetchCols.ColToSmallInt
 0001:0001959C       t_ODBC_Buffer.TOdbcFetchCols.DescribeAndBind
 0001:00019A6C       t_ODBC_Buffer.TOdbcFetchCols.FetchLOBs
 0001:00019C20       t_ODBC_Buffer.TOdbcFetchCols.FetchRecord
 0001:00019C50       t_ODBC_Buffer.TOdbcFetchCols.GetLOBBuffer
 0001:00019D58       t_ODBC_Buffer.TOdbcFetchCols.GetOptionalAnsiChar
 0001:00019D8C       t_ODBC_Buffer.TOdbcFetchCols.GetOptionalLongInt
 0001:00019DBC       t_ODBC_Buffer.TOdbcFetchCols.GetOptionalSmallInt
 0001:00018A80       t_ODBC_Buffer.TOdbcFetchCols.Init
 0001:00018A9C       t_ODBC_Buffer.TOdbcFetchCols.InternalColData
 0001:00018AC4       t_ODBC_Buffer.TOdbcFetchCols.InternalFreeColNames
 0001:00018AF4       t_ODBC_Buffer.TOdbcFetchCols.InternalFreeLOBs
 0001:00019DEC       t_ODBC_Buffer.TOdbcFetchCols.IsNull
 0001:00019E98       t_ODBC_Buffer.TOdbcFetchCols.WithColNames
 0001:00019EA0       t_ODBC_Buffer.TOdbcFetchCols.WithLOBs
 0001:00019F24       t_ODBC_Buffer.TOdbcFetchCols10.Init
 0001:00019F44       t_ODBC_Buffer.TOdbcFetchCols12.Init
 0001:00019F9C       t_ODBC_Buffer.TOdbcFetchCols2.Init
 0001:00019F80       t_ODBC_Buffer.TOdbcFetchCols3.Init
 0001:00019F64       t_ODBC_Buffer.TOdbcFetchCols5.Init
 0001:00019FB8       t_ODBC_Buffer.TOdbcFetchCols7.Init
 0004:000049EC       t_ODBC_Connection..1
 0001:0001C414       t_ODBC_Connection.Finalization
 0004:000049F0       t_ODBC_Connection.gEnv
 0001:0001B64C       t_ODBC_Connection.Load_DSN_Params_from_ODBC
 0001:0001B678       t_ODBC_Connection.TODBCConnection.CheckByteaAsLoOff
 0001:0001B7E0       t_ODBC_Connection.TODBCConnection.CheckDirectSQLSingleNotNull
 0001:0001B89C       t_ODBC_Connection.TODBCConnection.CheckSQLResult
 0001:0001B8D0       t_ODBC_Connection.TODBCConnection.Connect
 0001:0001BBD0       t_ODBC_Connection.TODBCConnection.Connected
 0001:0001BBD8       t_ODBC_Connection.TODBCConnection.DisConnect
 0001:0001BC08       t_ODBC_Connection.TODBCConnection.ExecuteDirectSQL
 0001:0001BCB0       t_ODBC_Connection.TODBCConnection.ExecuteDirectWithBlob
 0001:0001BDB4       t_ODBC_Connection.TODBCConnection.GetDSN
 0001:0001BDDC       t_ODBC_Connection.TODBCConnection.GetHENV
 0001:0001BDE4       t_ODBC_Connection.TODBCConnection.GetPWD
 0001:0001BE0C       t_ODBC_Connection.TODBCConnection.GetUID
 0001:0001BE34       t_ODBC_Connection.TODBCConnection.Init
 0001:0001BE88       t_ODBC_Connection.TODBCConnection.ODBCDriverInfoA
 0001:0001BFF4       t_ODBC_Connection.TODBCConnection.OpenDirectSQLFetchCols
 0001:0001C0E0       t_ODBC_Connection.TODBCConnection.SetDSN
 0001:0001C100       t_ODBC_Connection.TODBCConnection.SetPWD
 0001:0001C120       t_ODBC_Connection.TODBCConnection.SetUID
 0001:0001C140       t_ODBC_Connection.TODBCConnection.TableExistsDirect
 0001:0001C1D4       t_ODBC_Connection.TODBCConnection.Uninit
 0001:0001C1EC       t_ODBC_Connection.TOdbcEnvironment.Close
 0001:0001C208       t_ODBC_Connection.TOdbcEnvironment.FindDSN
 0001:0001C308       t_ODBC_Connection.TOdbcEnvironment.Init
 0001:0001C31C       t_ODBC_Connection.TOdbcEnvironment.Load
 0002:000002E4       t_ODBC_Connection.t_ODBC_Connection
 0001:00018284       t_ODBC_Exception..EODBCAllocateEnvironment
 0001:00017DC0       t_ODBC_Exception..EODBCBindColError
 0001:00017A44       t_ODBC_Exception..EODBCConnectionError
 0001:00018080       t_ODBC_Exception..EODBCConvertDateTimeError
 0001:00017EE4       t_ODBC_Exception..EODBCConvertError
 0001:00017F44       t_ODBC_Exception..EODBCConvertFromDateError
 0001:00017FAC       t_ODBC_Exception..EODBCConvertFromTimeError
 0001:00018014       t_ODBC_Exception..EODBCConvertFromTimeStampError
 0001:000181B8       t_ODBC_Exception..EODBCConvertLOBError
 0001:000180E8       t_ODBC_Exception..EODBCConvertLongintError
 0001:00018150       t_ODBC_Exception..EODBCConvertSmallintError
 0001:00017D5C       t_ODBC_Exception..EODBCDescribeColError
 0001:00017C90       t_ODBC_Exception..EODBCDirectExecBlobError
 0001:00017C2C       t_ODBC_Exception..EODBCDirectExecError
 0001:00017AA8       t_ODBC_Exception..EODBCEnvironmentError
 0001:000179E8       t_ODBC_Exception..EODBCException
 0001:00017BCC       t_ODBC_Exception..EODBCFetchStmtError
 0001:00017E20       t_ODBC_Exception..EODBCGetDataLOBError
 0001:00017CF8       t_ODBC_Exception..EODBCNumResultColsError
 0001:00017B6C       t_ODBC_Exception..EODBCOpenFetchError
 0001:00017E84       t_ODBC_Exception..EODBCSimpleError
 0001:00017B0C       t_ODBC_Exception..EODBCStatementError
 0001:0001821C       t_ODBC_Exception..EODBCUnknownDataTypeError
 0001:000182EC       t_ODBC_Exception.CheckStatementResult
 0001:0001866C       t_ODBC_Exception.EODBCException.CreateWithDiag
 0001:000184C0       t_ODBC_Exception.MakeODBCInfoMessage
 0001:0001831C       t_ODBC_Exception.tError
 0004:000049E0       t_SQL_types..32
 0003:00000ECC       t_SQL_types.c_ODBC_SQLSTATE_ConnectionIsDead_1
 0003:00000EF8       t_SQL_types.c_ODBC_SQLSTATE_ConnectionIsDead_2
 0003:00000F24       t_SQL_types.c_ODBC_SQLSTATE_DataTruncation
 0003:00000E74       t_SQL_types.c_ODBC_SQLSTATE_NoSpaceAvailable_1
 0003:00000EA0       t_SQL_types.c_ODBC_SQLSTATE_NoSpaceAvailable_2
 0003:00000E48       t_SQL_types.c_ODBC_SQLSTATE_PrimaryKeyViolation
 0003:00000F7C       t_SQL_types.c_ODBC_SQLSTATE_ReadOnlyConnection
 0003:00000DF0       t_SQL_types.c_ODBC_SQLSTATE_TableNotEists_1
 0003:00000E1C       t_SQL_types.c_ODBC_SQLSTATE_TableNotEists_2
 0003:00000F50       t_SQL_types.c_ODBC_SQLSTATE_UnsynchronizedStatements
 0003:00000D98       t_SQL_types.c_SQL_DateTimeForEmptyVersion
 0003:00000B80       t_SQL_types.c_SQL_DateTime_FieldName
 0003:00000B54       t_SQL_types.c_SQL_DateTime_FunctionName
 0003:00000BAC       t_SQL_types.c_SQL_DateTime_Literal_Prefix
 0003:00000D1C       t_SQL_types.c_SQL_DUAL_Create
 0003:00000BD8       t_SQL_types.c_SQL_Empty_Version_Denied
 0003:00000B28       t_SQL_types.c_SQL_Engine_Name
 0003:00000D48       t_SQL_types.c_SQL_ENUM_SVC_Tables
 0003:00000CCC       t_SQL_types.c_SQL_FROM
 0003:00000C94       t_SQL_types.c_SQL_INT1_FieldName
 0003:00000C68       t_SQL_types.c_SQL_INT2_FieldName
 0003:00000C3C       t_SQL_types.c_SQL_INT3_FieldName
 0003:00000C10       t_SQL_types.c_SQL_INT4_FieldName
 0003:00000BE4       t_SQL_types.c_SQL_INT8_FieldName
 0003:00000CC0       t_SQL_types.c_SQL_INT_With_Size
 0003:00000D10       t_SQL_types.c_SQL_ProcedureNew_Mode
 0003:00000D74       t_SQL_types.c_SQL_QuotedIdentifierForcedForTiles
 0003:00000D80       t_SQL_types.c_SQL_QuotedIdentifierValue
 0003:00000CF8       t_SQL_types.c_SQL_RowCount1_Mode
 0003:00000D04       t_SQL_types.c_SQL_UpsertMode
 0001:00016860       t_SQL_types.Finalization
 0001:00016468       t_SQL_types.GetEngineTypeByODBCDescription
 0001:000167B8       t_SQL_types.GetEngineTypeUsingSelectFromDualException
 0001:000167B4       t_SQL_types.GetEngineTypeUsingSelectVersionException
 0001:000166D8       t_SQL_types.GetEngineTypeUsingSQL_Version_Upper
 0001:000167BC       t_SQL_types.OdbcEceptionStartsWith
 0001:0001680C       t_SQL_types.StandardExceptionType
 0002:0000028C       t_SQL_types.t_SQL_types
 0001:0001CEEC       t_TSS.TTSS_Info.ApplyDefinition
 0001:0001CFC0       t_TSS.TTSS_Info.Clear
 0001:0001CFDC       t_TSS.TTSS_Info.TileInSection
 0001:0001D044       t_TSS.TTSS_Primary_Params.ApplyAlgorithmValue
 0001:0001D0A0       t_TSS.TTSS_Primary_Params.ApplyLinkValue
 0001:0001D134       t_TSS.TTSS_Primary_Params.UseSingleConn
 0001:00023D24       u_7zHolder..T7zHolder
 0001:00023D8C       u_7zHolder.T7zHolder.CheckIfInitOrFailed
 0001:00023D98       u_7zHolder.T7zHolder.Create
 0001:00023DDC       u_7zHolder.T7zHolder.CreateCompressor
 0001:00023E24       u_7zHolder.T7zHolder.CreateDecompressor
 0001:00023E60       u_7zHolder.T7zHolder.Destroy
 0001:00023E94       u_7zHolder.T7zHolder.InternalLoad7z
 0001:00023F40       u_7zHolder.T7zHolder.InternalUnload7z
 0004:0000638C       u_CompressBinaryData..1
 0001:00034D98       u_CompressBinaryData..TPointerMemoryStream
 0001:00034E78       u_CompressBinaryData.Check7zHeader
 0001:00034E5C       u_CompressBinaryData.CheckGZHeader
 0001:00034E54       u_CompressBinaryData.CheckZLibHeader
 0001:00034E30       u_CompressBinaryData.EnsureMemStream
 0001:00035650       u_CompressBinaryData.Finalization
 0004:00006390       u_CompressBinaryData.G7zHolder
 0001:00034F14       u_CompressBinaryData.GZRawCompress2Stream
 0001:00034F24       u_CompressBinaryData.GZRawDecompress2Stream
 0001:00034E90       u_CompressBinaryData.GZRawInternal
 0001:0003529C       u_CompressBinaryData.RawCompress2BinaryData
 0001:00035444       u_CompressBinaryData.RawDecompress2BinaryData
 0001:00034E18       u_CompressBinaryData.Set7zHolder
 0001:00034F34       u_CompressBinaryData.SevenZipRawCompress2Stream
 0001:000350D0       u_CompressBinaryData.SevenZipRawDecompress2Stream
 0001:0003562C       u_CompressBinaryData.TCompressTileRec.Cleanup
 0001:00035628       u_CompressBinaryData.TPointerMemoryStream.Write
 0002:0000035C       u_CompressBinaryData.u_CompressBinaryData
 0003:00004EA4       u_CompressBinaryData.ZCompressTileRec
 0003:00004EB0       u_CompressBinaryData.ZFileTime
 0001:0001F84C       u_DBMS_Connect.FreeDBMSConnection
 0001:0001F81C       u_DBMS_Connect.GetConnectionByPath
 0001:0001F874       u_DBMS_Connect.TDBMS_Connection.AllowSavePassword
 0001:0001F87C       u_DBMS_Connect.TDBMS_Connection.ApplyConnectionParams
 0001:0001FD98       u_DBMS_Connect.TDBMS_Connection.ApplyCredentialsFormParams
 0001:0001FEA8       u_DBMS_Connect.TDBMS_Connection.ApplyParamsFromINI
 0001:0001FF88       u_DBMS_Connect.TDBMS_Connection.ApplySystemDSNtoConnection
 0001:00020014       u_DBMS_Connect.TDBMS_Connection.calc_exclusive_mode
 0001:0002002C       u_DBMS_Connect.TDBMS_Connection.EnsureConnected
 0001:00020174       u_DBMS_Connect.TDBMS_Connection.ForcedSchemaPrefix
 0001:0002018C       u_DBMS_Connect.TDBMS_Connection.FullSyncronizeSQL
 0001:00020268       u_DBMS_Connect.TDBMS_Connection.GetCheckedEngineType
 0001:00020274       u_DBMS_Connect.TDBMS_Connection.GetConnectionErrorMessage
 0001:0002028C       u_DBMS_Connect.TDBMS_Connection.GetEngineType
 0001:00020460       u_DBMS_Connect.TDBMS_Connection.GetEngineTypeUsingSQL
 0001:000201A0       u_DBMS_Connect.TDBMS_Connection.GetInternalParameter
 0001:00020210       u_DBMS_Connect.TDBMS_Connection.GetSelectRowCount1Mode
 0001:0002023C       u_DBMS_Connect.TDBMS_Connection.GetUpsertMode
 0001:0002097C       u_DBMS_Connect.TDBMS_Connection.Init
 0001:000209D0       u_DBMS_Connect.TDBMS_Connection.IsInternalParameter
 0001:000209EC       u_DBMS_Connect.TDBMS_Connection.IsTSSParameter
 0001:00020A30       u_DBMS_Connect.TDBMS_Connection.KeepAuthenticationInfo
 0001:00020A34       u_DBMS_Connect.TDBMS_Connection.NeedReconnect
 0001:00020A3C       u_DBMS_Connect.TDBMS_Connection.OpenDirectSQLFetchCols
 0001:00020A48       u_DBMS_Connect.TDBMS_Connection.PasswordStorage_ApplyStored
 0001:00020AB4       u_DBMS_Connect.TDBMS_Connection.PasswordStorage_ReadParams
 0001:00020C70       u_DBMS_Connect.TDBMS_Connection.PasswordStorage_SaveParams
 0001:00020DD4       u_DBMS_Connect.TDBMS_Connection.ProcessTSSParameter
 0001:0002125C       u_DBMS_Connect.TDBMS_Connection.ResetConnectionError
 0001:0001F9DC       u_DBMS_Connect.TDBMS_Connection.SaveInternalParameter
 0001:0001FC70       u_DBMS_Connect.TDBMS_Connection.Uninit
 0001:00020354       u_DBMS_Connect._CheckSqlFromClause
 0004:00006398       u_DBMS_Provider..2
 0001:000388C8       u_DBMS_Provider..TDBMS_Provider
 0003:00004F3C       u_DBMS_Provider.c_DualMerge_Ins
 0003:00004F30       u_DBMS_Provider.c_DualMerge_Sel
 0003:00004F54       u_DBMS_Provider.c_DualMerge_Upd
 0003:00004F48       u_DBMS_Provider.c_DualMerge_Val
 0003:00004F0C       u_DBMS_Provider.c_InsertOnDupUpdate_Ins
 0003:00004F18       u_DBMS_Provider.c_InsertOnDupUpdate_Sel
 0003:00004F24       u_DBMS_Provider.c_InsertOnDupUpdate_Upd
 0003:00004F90       u_DBMS_Provider.c_Insert_Ins
 0003:00004F9C       u_DBMS_Provider.c_Insert_Val
 0003:00004F6C       u_DBMS_Provider.c_Merge_Ins
 0003:00004F60       u_DBMS_Provider.c_Merge_Sel
 0003:00004F84       u_DBMS_Provider.c_Merge_Upd
 0003:00004F78       u_DBMS_Provider.c_Merge_Val
 0003:00004FA8       u_DBMS_Provider.c_Update_Upd
 0001:00045324       u_DBMS_Provider.Finalization
 0001:00038B18       u_DBMS_Provider.TDBMS_Provider.AddVersionOrderBy
 0001:00038D3C       u_DBMS_Provider.TDBMS_Provider.AutoCreateServiceRecord
 0001:00038E10       u_DBMS_Provider.TDBMS_Provider.AutoCreateServiceVersion
 0001:0003908C       u_DBMS_Provider.TDBMS_Provider.CheckSecondaryConnections
 0001:000390C4       u_DBMS_Provider.TDBMS_Provider.CheckTileInCommonTiles
 0001:000390D4       u_DBMS_Provider.TDBMS_Provider.ChooseConnection
 0001:00039148       u_DBMS_Provider.TDBMS_Provider.ClearUnknownExceptions
 0001:000391A0       u_DBMS_Provider.TDBMS_Provider.Create
 0001:000392F0       u_DBMS_Provider.TDBMS_Provider.CreateAllBaseTablesFromScript
 0001:000393B8       u_DBMS_Provider.TDBMS_Provider.CreateTableByTemplate
 0001:00039DF4       u_DBMS_Provider.TDBMS_Provider.DBMS_Complete
 0001:00039E14       u_DBMS_Provider.TDBMS_Provider.DBMS_DeleteTile
 0001:00039F88       u_DBMS_Provider.TDBMS_Provider.DBMS_EnumTileVersions
 0001:0003C300       u_DBMS_Provider.TDBMS_Provider.DBMS_ExecOption
 0001:0003DC18       u_DBMS_Provider.TDBMS_Provider.DBMS_GetTileRectInfo
 0001:0003DFEC       u_DBMS_Provider.TDBMS_Provider.DBMS_InsertTile
 0001:0003E414       u_DBMS_Provider.TDBMS_Provider.DBMS_MakeTileEnum
 0001:0003E528       u_DBMS_Provider.TDBMS_Provider.DBMS_SelectTile
 0001:0003EB84       u_DBMS_Provider.TDBMS_Provider.DBMS_SetInformation
 0001:0003ECA8       u_DBMS_Provider.TDBMS_Provider.DBMS_SetTileVersion
 0001:0003EEDC       u_DBMS_Provider.TDBMS_Provider.Destroy
 0001:0003EFE4       u_DBMS_Provider.TDBMS_Provider.DoBeginWork
 0001:0003F030       u_DBMS_Provider.TDBMS_Provider.DoEndWork
 0001:0003F04C       u_DBMS_Provider.TDBMS_Provider.DoOnDeadConnection
 0001:0003F070       u_DBMS_Provider.TDBMS_Provider.DoResetConnectionError
 0001:0003F0A0       u_DBMS_Provider.TDBMS_Provider.FillTableNamesForTiles
 0001:0003F234       u_DBMS_Provider.TDBMS_Provider.GetContentTypeAnsiPointer
 0001:0003F310       u_DBMS_Provider.TDBMS_Provider.GetContentTypeWideString
 0001:0003F3F0       u_DBMS_Provider.TDBMS_Provider.GetGuidesConnection
 0001:0003F3F4       u_DBMS_Provider.TDBMS_Provider.GetMaxNextVersionInts
 0001:0003F618       u_DBMS_Provider.TDBMS_Provider.GetNewIdService
 0001:0003F754       u_DBMS_Provider.TDBMS_Provider.GetSQLIntName_Div
 0001:0003FABC       u_DBMS_Provider.TDBMS_Provider.GetSQL_AddIntWhereClause
 0001:0003FC44       u_DBMS_Provider.TDBMS_Provider.GetSQL_CheckPrevVersion
 0001:00040110       u_DBMS_Provider.TDBMS_Provider.GetSQL_DeleteTile
 0001:000402E4       u_DBMS_Provider.TDBMS_Provider.GetSQL_EnumTileVersions
 0001:00040488       u_DBMS_Provider.TDBMS_Provider.GetSQL_GetTileRectInfo
 0001:00040730       u_DBMS_Provider.TDBMS_Provider.GetSQL_InsertIntoService
 0001:00040B74       u_DBMS_Provider.TDBMS_Provider.GetSQL_InsertUpdateTile
 0001:00041918       u_DBMS_Provider.TDBMS_Provider.GetSQL_SelectTile
 0001:000419F8       u_DBMS_Provider.TDBMS_Provider.GetSQL_SelectTilesInternal
 0001:00042090       u_DBMS_Provider.TDBMS_Provider.GetSQL_SetTileVersion
 0001:00043FAC       u_DBMS_Provider.TDBMS_Provider.GetStatementExceptionType
[...]
  3921 0001:00040C04  3923 0001:00040C0A  3929 0001:00040C1A  3935 0001:00040C28
  3939 0001:00040C2C  3942 0001:00040C3A  3943 0001:00040C3E  3944 0001:00040C42
  3947 0001:00040C47  3950 0001:00040C4B  3952 0001:00040C51  3958 0001:00040C64
  3965 0001:00040C75  3966 0001:00040C7C  3974 0001:00040C9B  3978 0001:00040CA5
  3980 0001:00040CAB  3988 0001:00040CCA  3992 0001:00040CD4  3993 0001:00040CDA
  3994 0001:00040CDE  3998 0001:00040CE3  4000 0001:00040CEE  4002 0001:00040D07
  4004 0001:00040D0D  4005 0001:00040D0F  4008 0001:00040D16  4015 0001:00040D27
  4020 0001:00040D33  4021 0001:00040D3B  4023 0001:00040D3F  4026 0001:00040D47
  4029 0001:00040D4D  4031 0001:00040D58  4033 0001:00040D60  4035 0001:00040D68
  4038 0001:00040D6A  4039 0001:00040D6E  4041 0001:00040D73  4044 0001:00040D75
  4046 0001:00040D7D  4051 0001:00040D96  4052 0001:00040DAB  4053 0001:00040DC3
  4055 0001:00040DD5  4058 0001:00040DEF  4079 0001:00040F52  4081 0001:00040F5A
  4085 0001:00040F6A  4092 0001:00040F77  4115 0001:00041125  4120 0001:00041132
  4134 0001:00041257  4139 0001:00041264  4142 0001:00041288  4149 0001:00041326
  4151 0001:00041330  4152 0001:00041342  4153 0001:00041362  4155 0001:00041386
  4159 0001:000413DA  4163 0001:000413F6  4168 0001:00041429  4177 0001:000414D6
  4179 0001:000414DC  4185 0001:0004152E  4186 0001:00041532  4195 0001:00041918
  4197 0001:00041949  4208 0001:000419A6  4224 0001:000419F8  4225 0001:00041A61
  4228 0001:00041A65  4229 0001:00041A72  4230 0001:00041A85  4231 0001:00041A90
  4233 0001:00041A98  4235 0001:00041A9C  4240 0001:00041AA9  4242 0001:00041AAF
  4243 0001:00041ABC  4244 0001:00041AC4  4248 0001:00041AD3  4249 0001:00041AE0
  4250 0001:00041AE8  4253 0001:00041AF5  4259 0001:00041B1C  4261 0001:00041B24
  4267 0001:00041B37  4275 0001:00041B48  4276 0001:00041B4E  4277 0001:00041B52
  4280 0001:00041B57  4283 0001:00041B60  4285 0001:00041B70  4287 0001:00041B7E
  4290 0001:00041B96  4294 0001:00041BBE  4296 0001:00041BCF  4297 0001:00041BE2
  4299 0001:00041BEF  4301 0001:00041C18  4303 0001:00041C1D  4306 0001:00041C5E
  4313 0001:00041C81  4314 0001:00041C91  4315 0001:00041CB8  4318 0001:00041CCA
  4321 0001:00041CDA  4323 0001:00041CDE  4325 0001:00041D0D  4328 0001:00041D1F
  4331 0001:00041D31  4334 0001:00041D40  4337 0001:00041D4F  4343 0001:00041D5C
  4347 0001:00041D9D  4360 0001:00042090  4362 0001:00042100  4364 0001:00042106
  4370 0001:00042119  4377 0001:0004212A  4378 0001:00042130  4379 0001:00042134
  4383 0001:00042139  4385 0001:0004213F  4391 0001:00042152  4397 0001:00042163
  4399 0001:00042169  4400 0001:00042178  4401 0001:0004217E  4402 0001:00042184
  4410 0001:000421A3  4414 0001:000421AD  4415 0001:000421B3  4416 0001:000421B7
  4420 0001:000421BC  4422 0001:000421C6  4423 0001:000421CA  4427 0001:000421CF
  4434 0001:00042240  4436 0001:00042246  4439 0001:00042250  4445 0001:000422AD
  4446 0001:000422B1  4455 0001:00042370  4456 0001:00042394  4457 0001:000423A0
  4458 0001:000423AE  4459 0001:000423D3  4461 0001:000423E7  4465 0001:000423FB
  4467 0001:00042401  4470 0001:0004240B  4472 0001:0004241F  4481 0001:0004244C
  4482 0001:00042470  4483 0001:0004247C  4484 0001:0004248A  4486 0001:000424AD
  4487 0001:000424B8  4490 0001:000424CC  4494 0001:000424E0  4496 0001:000424E6
  4499 0001:000424F0  4501 0001:00042505  4504 0001:0004252C  4505 0001:0004252F
  4506 0001:00042533  4508 0001:0004253D  4509 0001:00042545  4512 0001:00042548
  4513 0001:0004254B  4514 0001:0004254F  4516 0001:00042559  4517 0001:00042561
  4520 0001:00042564  4521 0001:0004256E  4522 0001:0004257C  4523 0001:0004258A
  4525 0001:000425B8  4527 0001:000425CE  4535 0001:000425D8  4536 0001:000425E4
  4537 0001:000425EC  4538 0001:000425F4  4539 0001:000425F6  4543 0001:000425F8
  4544 0001:00042603  4548 0001:0004261A  4551 0001:00042620  4554 0001:0004262B
  4556 0001:0004263C  4557 0001:0004263E  4566 0001:00042648  4567 0001:00042652
  4569 0001:0004265A  4571 0001:0004265E  4572 0001:00042663  4573 0001:00042668
  4576 0001:00042675  4577 0001:0004267F  4578 0001:00042688  4579 0001:00042692
  4580 0001:00042699  4582 0001:0004269F  4591 0001:000426A4  4593 0001:000426BC
  4599 0001:000426D2  4601 0001:000426D6  4605 0001:000426DC  4608 0001:000426EA
  4614 0001:00042700  4617 0001:00042708  4618 0001:00042711  4619 0001:0004271B
  4622 0001:00042720  4623 0001:00042729  4624 0001:00042733  4633 0001:00042738
  4635 0001:00042750  4636 0001:00042766  4638 0001:0004276A  4642 0001:00042770
  4644 0001:0004277E  4646 0001:00042794  4649 0001:0004279C  4650 0001:000427A2
  4651 0001:000427B1  4652 0001:000427B9  4653 0001:000427C0  4656 0001:000427C4
  4657 0001:000427CA  4658 0001:000427D2  4659 0001:000427DA  4662 0001:000427E0
  4663 0001:000427E6  4664 0001:000427EA  4665 0001:000427F2  4666 0001:000427F5
  4667 0001:000427FA  4668 0001:00042800  4669 0001:00042804  4670 0001:00042808
  4671 0001:0004280C  4673 0001:00042810  4674 0001:00042816  4675 0001:0004281C
  4676 0001:00042822  4678 0001:00042828  4687 0001:0004282C  4688 0001:0004283E
  4689 0001:00042847  4692 0001:00042849  4694 0001:00042857  4695 0001:00042863
  4698 0001:00042867  4703 0001:0004286C  4705 0001:00042875  4707 0001:0004287B
  4708 0001:0004288E  4709 0001:00042892  4710 0001:00042894  4712 0001:00042899
  4715 0001:000428A3  4716 0001:000428A5  4721 0001:000428AA  4723 0001:000428B7
  4724 0001:000428BD  4725 0001:000428BF  4729 0001:000428C4  4732 0001:000428D9
  4736 0001:000428E1  4737 0001:000428F3  4741 0001:000428FB  4742 0001:00042908
  4746 0001:0004291A  4748 0001:0004292C  4749 0001:0004293A  4751 0001:00042947
  4752 0001:00042961  4754 0001:00042976  4757 0001:00042997  4761 0001:0004299C
  4768 0001:000429B3  4773 0001:000429B7  4774 0001:000429CB  4777 0001:000429D4
  4779 0001:000429D7  4780 0001:000429DC  4781 0001:000429E1  4782 0001:000429E9
  4792 0001:000429EC  4793 0001:00042A3A  4797 0001:00042A4F  4801 0001:00042AA1
  4802 0001:00042AAC  4803 0001:00042ABA  4804 0001:00042ABC  4805 0001:00042ACA
  4807 0001:00042AF9  4810 0001:00042B13  4812 0001:00042B26  4813 0001:00042B31
  4816 0001:00042B3B  4822 0001:00042B41  4824 0001:00042B4C  4826 0001:00042B5D
  4827 0001:00042B6B  4829 0001:00042B8E  4837 0001:00042B93  4839 0001:00042BA4
  4840 0001:00042BAF  4841 0001:00042BB6  4845 0001:00042BC0  4847 0001:00042BD3
  4850 0001:00042BDE  4853 0001:00042BFC  4854 0001:00042C05  4855 0001:00042C10
  4859 0001:00042C1A  4860 0001:00042C28  4862 0001:00042C4B  4865 0001:00042C50
  4867 0001:00042C5F  4868 0001:00042C6A  4869 0001:00042C71  4875 0001:00042C7B
  4876 0001:00042CA1  4877 0001:00042CCE  4878 0001:00042CF4  4879 0001:00042D1C
  4880 0001:00042D44  4881 0001:00042D6C  4884 0001:00042D94  4888 0001:00042D9E
  4889 0001:00042DB8  4890 0001:00042DD2  4891 0001:00042DEC  4895 0001:00042E06
  4897 0001:00042E13  4898 0001:00042E20  4899 0001:00042E2D  4900 0001:00042E3A
  4902 0001:00042E47  4903 0001:00042E54  4904 0001:00042E61  4907 0001:00042E6F
  4909 0001:00042E83  4911 0001:00042E96  4920 0001:0004302C  4922 0001:00043050
  4923 0001:00043059  4924 0001:0004305B  4928 0001:00043060  4929 0001:00043067
  4930 0001:00043069  4934 0001:0004306E  4935 0001:00043074  4936 0001:00043076
  4940 0001:0004307B  4942 0001:00043080  4943 0001:00043095  4946 0001:000430AD
  4947 0001:000430B7  4951 0001:000430C2  4954 0001:000430D0  4956 0001:0004310C
  4959 0001:00043110  4961 0001:00043112  4965 0001:0004314C  4966 0001:00043150
  4975 0001:00043154  4976 0001:0004317F  4979 0001:00043199  4980 0001:0004319D
  4981 0001:000431A5  4982 0001:000431C2  4983 0001:000431C8  4984 0001:000431D0
  4985 0001:000431E3  4995 0001:00043268  4996 0001:00043296  4998 0001:000432B0
  4999 0001:000432CE  5002 0001:000432E7  5003 0001:000432F6  5012 0001:00043304
  5014 0001:0004332F  5018 0001:00043334  5030 0001:00043342  5031 0001:000433EB
  5033 0001:000433FC  5035 0001:00043403  5043 0001:00043524  5044 0001:0004353D
  5045 0001:0004354C  5047 0001:0004355C  5049 0001:00043570  5059 0001:000435A0
  5060 0001:000435EA  5062 0001:00043604  5063 0001:00043614  5064 0001:00043618
  5067 0001:0004361D  5068 0001:0004363B  5070 0001:0004364B  5072 0001:00043667
  5074 0001:00043681  5075 0001:000436A2  5078 0001:000436C3  5079 0001:000436D3
  5080 0001:000436E1  5082 0001:000436F0  5084 0001:00043710  5086 0001:00043716
  5087 0001:0004371A  5091 0001:00043724  5092 0001:00043742  5094 0001:0004375B
  5100 0001:000437CA  5101 0001:000437CC  5102 0001:000437DA  5104 0001:00043802
  5108 0001:00043816  5110 0001:00043825  5111 0001:00043835  5115 0001:0004383C
  5116 0001:00043840  5120 0001:00043847  5131 0001:00043872  5134 0001:0004387E
  5135 0001:00043884  5136 0001:000438A0  5139 0001:000438B3  5149 0001:00043A10
  5150 0001:00043A27  5151 0001:00043A37  5155 0001:00043A3D  5156 0001:00043A44
  5157 0001:00043A54  5158 0001:00043A62  5159 0001:00043A6E  5161 0001:00043A97
  5163 0001:00043AAB  5171 0001:00043AB8  5173 0001:00043AD1  5174 0001:00043AE0
  5175 0001:00043AE2  5178 0001:00043AE4  5179 0001:00043AF4  5180 0001:00043AF6
  5182 0001:00043AF8  5183 0001:00043B08  5184 0001:00043B0A  5188 0001:00043B0C
  5189 0001:00043B16  5190 0001:00043B27  5191 0001:00043B29  5193 0001:00043B2B
  5194 0001:00043B3C  5195 0001:00043B3E  5198 0001:00043B40  5199 0001:00043B42
  5205 0001:00043BA0  5206 0001:00043BBD  5207 0001:00043BCB  5209 0001:00043BD3
  5210 0001:00043BF1  5211 0001:00043C17  5213 0001:00043C2A  5215 0001:00043C3B
  5216 0001:00043C51  5218 0001:00043C62  5219 0001:00043C77  5222 0001:00043C8E
  5225 0001:00043CAA  5226 0001:00043CC6  5227 0001:00043CDC  5231 0001:00043CF0
  5236 0001:00043D58  5237 0001:00043D7C  5270 0001:00043D7E  5272 0001:00043D86
  5273 0001:00043D94  5276 0001:00043D98  5279 0001:00043DB7  5281 0001:00043DC1
  5278 0001:00043DC7  5285 0001:00043DEA  5286 0001:00043DFD  5287 0001:00043DFF
  5302 0001:00043E40  5305 0001:00043E67  5304 0001:00043E69  5308 0001:00043E7D
  5310 0001:00043E87  5311 0001:00043EA6  5309 0001:00043EA8  5314 0001:00043EBC
  5315 0001:00043ECB  5316 0001:00043EDA  5317 0001:00043EDE  5320 0001:00043EE0
  5321 0001:00043EE2  5325 0001:00043F10  5331 0001:00043F24  5332 0001:00043F27
  5337 0001:00043F2A  5338 0001:00043F38  5339 0001:00043F3B  5340 0001:00043F3E
  5341 0001:00043F48  5345 0001:00043F4A  5346 0001:00043F59  5347 0001:00043F63
  5348 0001:00043F6D  5349 0001:00043F77  5350 0001:00043F7E  5351 0001:00043F9C
  5352 0001:00043FA1  5361 0001:00043FAC  5364 0001:00043FD3  5366 0001:00043FEC
  5368 0001:00043FFC  5369 0001:00043FFE  5372 0001:00044003  5374 0001:00044019
  5375 0001:0004401F  5377 0001:00044023  5380 0001:0004402D  5382 0001:00044042
  5384 0001:00044047  5385 0001:00044049  5388 0001:0004404E  5390 0001:00044066
  5391 0001:00044068  5399 0001:0004406D  5401 0001:00044082  5403 0001:00044087
  5404 0001:00044089  5407 0001:0004408E  5408 0001:000440A7  5409 0001:000440A9
  5411 0001:000440AE  5412 0001:000440C2  5413 0001:000440C4  5420 0001:000440C9
  5421 0001:000440E9  5422 0001:000440FD  5423 0001:000440FF  5425 0001:00044104
  5426 0001:00044118  5427 0001:0004411A  5432 0001:0004411F  5433 0001:0004413A
  5434 0001:0004414E  5435 0001:00044150  5436 0001:0004415A  5438 0001:0004415C
  5439 0001:00044170  5440 0001:00044172  5441 0001:0004417C  5445 0001:0004417E
  5446 0001:00044192  5447 0001:00044194  5450 0001:00044196  5451 0001:000441AA
  5452 0001:000441AC  5455 0001:000441AE  5456 0001:000441C2  5457 0001:000441C4
  5463 0001:000441C6  5464 0001:000441C8  5465 0001:000441D2  5469 0001:00044200
  5470 0001:00044203  5473 0001:00044204  5474 0001:0004420F  5475 0001:0004421D
  5476 0001:0004422B  5477 0001:00044238  5479 0001:00044241  5481 0001:00044257
  5483 0001:0004426D  5493 0001:00044274  5494 0001:000442B6  5495 0001:000442D0
  5496 0001:000442DE  5498 0001:000442E8  5501 0001:0004430C  5502 0001:00044314
  5503 0001:00044322  5505 0001:0004432F  5506 0001:0004433D  5509 0001:0004434C
  5515 0001:0004435B  5516 0001:00044368  5519 0001:0004437C  5512 0001:00044387
  5522 0001:000443A0  5525 0001:000443BF  5526 0001:000443C4  5536 0001:000444B0
  5537 0001:00044501  5538 0001:0004451E  5540 0001:0004452C  5542 0001:00044534
  5545 0001:0004456C  5546 0001:00044577  5547 0001:00044585  5549 0001:00044595
  5550 0001:000445A6  5556 0001:000445B8  5557 0001:000445C8  5558 0001:000445DF
  5559 0001:000445EF  5560 0001:000445FF  5563 0001:00044616  5553 0001:00044621
  5566 0001:0004463D  5569 0001:0004465F  5570 0001:00044664  5573 0001:00044760
  5574 0001:0004476B  5576 0001:00044773  5577 0001:00044781  5578 0001:0004478F
  5580 0001:0004479C  5583 0001:000447B3  5585 0001:000447BF  5587 0001:000447DD
  5589 0001:000447F3  5597 0001:00044808  5598 0001:0004482C  5599 0001:00044830
  5601 0001:0004483B  5603 0001:0004483D  5604 0001:00044841  5606 0001:00044875
  5608 0001:000448B3  5611 0001:00044930  5612 0001:00044939  5613 0001:0004494E
  5619 0001:00044974  5620 0001:00044981  5621 0001:00044984  5622 0001:00044988
  5623 0001:00044997  5624 0001:000449A1  5627 0001:000449A5  5633 0001:000449B2
  5635 0001:000449B4  5649 0001:000449BC  5653 0001:000449D0  5655 0001:000449D7
  5656 0001:000449D9  5657 0001:000449DE  5659 0001:000449EE  5661 0001:000449F4
  5662 0001:000449F6  5664 0001:000449FB  5666 0001:00044A03  5668 0001:00044A09
  5669 0001:00044A0B  5673 0001:00044A10  5675 0001:00044A16  5676 0001:00044A18
  5680 0001:00044A1D  5682 0001:00044A21  5704 0001:00044A2C  5706 0001:00044A4C
  5707 0001:00044A52  5709 0001:00044A56  5710 0001:00044A58  5713 0001:00044A5A
  5724 0001:00044A98  5726 0001:00044A9C  5752 0001:00044AA4  5753 0001:00044AA6
  5758 0001:00044AA8  5759 0001:00044AAC  5760 0001:00044AB2  5767 0001:00044ACB
  5771 0001:00044AD8  5772 0001:00044ADC  5773 0001:00044ADE  5782 0001:00044AE0
  5783 0001:00044B13  5784 0001:00044B1B  5785 0001:00044B29  5788 0001:00044B33
  5792 0001:00044B92  5793 0001:00044BA0  5795 0001:00044BAC  5796 0001:00044BB2
  5798 0001:00044BD0  5799 0001:00044BD2  5800 0001:00044BDD  5803 0001:00044BE6
  5813 0001:00044C84  5814 0001:00044CB6  5815 0001:00044CBE  5816 0001:00044CCB
  5820 0001:00044CD3  5821 0001:00044CD9  5823 0001:00044CE5  5825 0001:00044CF1
  5828 0001:00044CFC  5832 0001:00044D55  5833 0001:00044D63  5835 0001:00044D8A
  5836 0001:00044D8C  5837 0001:00044D9C  5840 0001:00044DA3  5850 0001:00044E78
  5851 0001:00044EAA  5852 0001:00044EB2  5853 0001:00044EBF  5857 0001:00044EC7
  5858 0001:00044ECD  5860 0001:00044ED9  5862 0001:00044EE5  5865 0001:00044EF0
  5869 0001:00044F49  5870 0001:00044F57  5872 0001:00044F7E  5873 0001:00044F80
  5874 0001:00044F90  5877 0001:00044F97  5886 0001:0004506C  5887 0001:0004509D
  5888 0001:000450A5  5889 0001:000450B3  5893 0001:000450BD  5897 0001:00045112
  5898 0001:00045120  5901 0001:0004512C  5902 0001:00045133  5904 0001:00045152
  5905 0001:00045154  5906 0001:0004515F  5909 0001:00045168  5915 0001:00045208
  5916 0001:00045212  5920 0001:00045214  5921 0001:0004521E  5929 0001:00045220
  5930 0001:00045242  5933 0001:00045287  5934 0001:00045295  5936 0001:000452B0
  5938 0001:000452B7

Line numbers for u_DBMS_Provider(u_DBMS_Provider.pas) segment .itext

  5940 0002:000003A0  5941 0002:000003AC  5942 0002:000003C4

Line numbers for i_TSS(i_TSS.pas) segment .text

     7 0001:00000000

Line numbers for u_exports(u_exports.pas) segment .text

   116 0001:00045480   117 0001:0004548C   118 0001:0004549A   119 0001:000454A0
   120 0001:000454A2   123 0001:000454AF   124 0001:000454B3   125 0001:000454B5
   128 0001:000454BF   129 0001:000454C3   130 0001:000454C5   134 0001:000454CF
   139 0001:000454F6   142 0001:00045507   143 0001:00045515   145 0001:0004552C
   146 0001:00045531   148 0001:00045538   154 0001:00045544   155 0001:0004554D
   156 0001:0004555B   157 0001:0004555F   158 0001:00045561   162 0001:0004556B
   163 0001:00045574   164 0001:0004557B   166 0001:0004558C   168 0001:00045593
   174 0001:0004559C   175 0001:000455A5   176 0001:000455B3   177 0001:000455B7
   178 0001:000455B9   181 0001:000455C3   183 0001:000455DE   185 0001:000455E5
   192 0001:000455F0   193 0001:000455F6   194 0001:00045604   195 0001:0004560A
   196 0001:0004560C   199 0001:00045616   201 0001:00045627   203 0001:0004562E
   212 0001:00045638   213 0001:00045641   214 0001:0004564F   215 0001:00045653
   216 0001:00045655   219 0001:0004565F   226 0001:00045686   228 0001:0004568D
   235 0001:00045698   236 0001:000456A7   237 0001:000456B5   238 0001:000456B9
   239 0001:000456BB   242 0001:000456C5   243 0001:000456C9   244 0001:000456CB
   247 0001:000456D5   248 0001:000456D9   249 0001:000456DB   252 0001:000456E5
   257 0001:000456FD   259 0001:00045704   265 0001:00045710   266 0001:0004571C
   267 0001:0004572A   268 0001:0004572E   269 0001:00045730   272 0001:0004573A
   273 0001:0004573E   274 0001:00045740   277 0001:0004574A   282 0001:00045775
   284 0001:0004577C   290 0001:00045788   291 0001:00045794   292 0001:000457A2
   293 0001:000457A6   294 0001:000457A8   297 0001:000457B2   298 0001:000457B6
   299 0001:000457B8   302 0001:000457C2   307 0001:000457DC   309 0001:000457E3
   315 0001:000457EC   316 0001:000457F8   317 0001:00045806   318 0001:0004580A
   319 0001:0004580C   322 0001:00045816   323 0001:0004581A   324 0001:0004581C
   327 0001:00045826   331 0001:0004583E   333 0001:00045845   339 0001:00045850
   340 0001:0004585C   341 0001:0004586A   342 0001:0004586E   343 0001:00045870
   346 0001:0004587A   347 0001:0004587E   348 0001:00045880   351 0001:0004588A
   355 0001:000458A2   357 0001:000458A9   364 0001:000458B4   365 0001:000458C3
   366 0001:000458D1   367 0001:000458D5   368 0001:000458D7   371 0001:000458E1
   372 0001:000458E5   373 0001:000458E7   376 0001:000458F1   377 0001:000458F5
   378 0001:000458F7   381 0001:00045901   386 0001:00045919   388 0001:00045920
   395 0001:0004592C   396 0001:0004593B   397 0001:00045949   398 0001:0004594D
   399 0001:0004594F   402 0001:00045959   403 0001:0004595D   404 0001:0004595F
   407 0001:00045969   408 0001:0004596D   409 0001:0004596F   412 0001:00045979
   417 0001:00045993   419 0001:0004599A   427 0001:000459A4   428 0001:000459B3
   429 0001:000459C1   430 0001:000459C5   431 0001:000459C7   434 0001:000459D1
   435 0001:000459D5   436 0001:000459D7   439 0001:000459E1   440 0001:000459E5
   441 0001:000459E7   445 0001:000459F1   451 0001:00045A0D   453 0001:00045A14
   459 0001:00045A20   460 0001:00045A29   461 0001:00045A37   462 0001:00045A3B
   463 0001:00045A3D   467 0001:00045A47   468 0001:00045A4E   470 0001:00045A5F
   472 0001:00045A66   479 0001:00045A70   480 0001:00045A7F   481 0001:00045A8D
   482 0001:00045A91   483 0001:00045A93   486 0001:00045A9D   487 0001:00045AA1
   488 0001:00045AA3   491 0001:00045AAD   492 0001:00045AB1   493 0001:00045AB3
   497 0001:00045ABD   502 0001:00045AD5   504 0001:00045ADC   511 0001:00045AE8
   512 0001:00045AF4   513 0001:00045B02   514 0001:00045B06   515 0001:00045B08
   525 0001:00045B12   526 0001:00045B16   527 0001:00045B18   530 0001:00045B22
   535 0001:00045B3F   537 0001:00045B46   542 0001:00045B50   543 0001:00045B56
   544 0001:00045B5A   545 0001:00045B61   547 0001:00045B65   549 0001:00045B67
   551 0001:00045B99

Line numbers for TileStorage_DBMS(TileStorage_DBMS.dpr) segment .itext

    66 0002:000003C8    67 0002:000003D8    68 0002:000003E0

Bound resource files

TileStorage_DBMS.res
TileStorage_DBMS.drf


Program entry point at 0002:000003C8
