
 Start         Length     Name                   Class
 0001:00401000 00043EC4H .text                   CODE
 0002:00445000 000003E8H .itext                  ICODE
 0003:00446000 00005284H .data                   DATA
 0004:0044C000 0000639CH .bss                    BSS
 0005:00000000 00000000H .tls                    TLS


Detailed map of segments

 0001:00000000 0000552D C=CODE     S=.text    G=(none)   M=System   ACBP=A9
 0001:00005530 000001A2 C=CODE     S=.text    G=(none)   M=SysInit  ACBP=A9
 0001:000056D4 00000310 C=CODE     S=.text    G=(none)   M=SysConst ACBP=A9
 0001:000059E4 0000020C C=CODE     S=.text    G=(none)   M=Windows  ACBP=A9
 0001:00005BF0 00007A95 C=CODE     S=.text    G=(none)   M=SysUtils ACBP=A9
 0001:0000D688 000007EE C=CODE     S=.text    G=(none)   M=VarUtils ACBP=A9
 0001:0000DE78 00002784 C=CODE     S=.text    G=(none)   M=Variants ACBP=A9
 0001:000105FC 00000070 C=CODE     S=.text    G=(none)   M=RTLConsts ACBP=A9
 0001:0001066C 0000007B C=CODE     S=.text    G=(none)   M=TypInfo  ACBP=A9
 0001:000106E8 00004041 C=CODE     S=.text    G=(none)   M=Classes  ACBP=A9
 0001:0001472C 0000003B C=CODE     S=.text    G=(none)   M=i_DBMS_Provider ACBP=A9
 0001:00014768 00001306 C=CODE     S=.text    G=(none)   M=t_SQL_types ACBP=A9
 0001:00015A70 000002D4 C=CODE     S=.text    G=(none)   M=t_ETS_Path ACBP=A9
 0001:00015D44 000005C7 C=CODE     S=.text    G=(none)   M=t_DBMS_version ACBP=A9
 0001:0001630C 00000428 C=CODE     S=.text    G=(none)   M=t_DBMS_contenttype ACBP=A9
 0001:00016734 0000005A C=CODE     S=.text    G=(none)   M=t_DBMS_service ACBP=A9
 0001:00016790 0000017F C=CODE     S=.text    G=(none)   M=t_DBMS_Template ACBP=A9
 0001:00016910 00000098 C=CODE     S=.text    G=(none)   M=odbcsql  ACBP=A9
 0001:000169A8 0000004B C=CODE     S=.text    G=(none)   M=i_StatementHandleCache ACBP=A9
 0001:000169F4 00000D06 C=CODE     S=.text    G=(none)   M=t_ODBC_Exception ACBP=A9
 0001:000176FC 000018E3 C=CODE     S=.text    G=(none)   M=t_ODBC_Buffer ACBP=A9
 0001:00018FE0 00000EEC C=CODE     S=.text    G=(none)   M=u_Synchronizer ACBP=A9
 0001:00019ECC 00000751 C=CODE     S=.text    G=(none)   M=u_StatementHandleCache ACBP=A9
 0001:0001A620 00000E3A C=CODE     S=.text    G=(none)   M=t_ODBC_Connection ACBP=A9
 0001:0001B45C 00000033 C=CODE     S=.text    G=(none)   M=i_ZoomList ACBP=A9
 0001:0001B490 000000B0 C=CODE     S=.text    G=(none)   M=StrUtils ACBP=A9
 0001:0001B540 000003C4 C=CODE     S=.text    G=(none)   M=u_ZoomList ACBP=A9
 0001:0001B904 00000548 C=CODE     S=.text    G=(none)   M=u_TileArea ACBP=A9
 0001:0001BE4C 0000030E C=CODE     S=.text    G=(none)   M=t_TSS    ACBP=A9
 0001:0001C15C 000011D5 C=CODE     S=.text    G=(none)   M=IniFiles ACBP=A9
 0001:0001D334 000000EA C=CODE     S=.text    G=(none)   M=Contnrs  ACBP=A9
 0001:0001D420 0000000E C=CODE     S=.text    G=(none)   M=NativeNTAPI ACBP=A9
 0001:0001D430 0000028E C=CODE     S=.text    G=(none)   M=NTRegistry ACBP=A9
 0001:0001D6C0 00000FF8 C=CODE     S=.text    G=(none)   M=u_PStoreTools ACBP=A9
 0001:0001E6B8 0000011E C=CODE     S=.text    G=(none)   M=u_DBMS_Utils ACBP=A9
 0001:0001E7D8 00001A95 C=CODE     S=.text    G=(none)   M=u_DBMS_Connect ACBP=A9
 0001:00020270 000002E8 C=CODE     S=.text    G=(none)   M=u_ExecuteSQLArray ACBP=A9
 0001:00020558 00000037 C=CODE     S=.text    G=(none)   M=i_BinaryData ACBP=A9
 0001:00020590 000000B9 C=CODE     S=.text    G=(none)   M=i_Simple7z ACBP=A9
 0001:0002064C 00000288 C=CODE     S=.text    G=(none)   M=SevenZip ACBP=A9
 0001:000208D4 00001575 C=CODE     S=.text    G=(none)   M=u_Simple7z ACBP=A9
 0001:00021E4C 00000249 C=CODE     S=.text    G=(none)   M=u_7zHolder ACBP=A9
 0001:00022098 00000008 C=CODE     S=.text    G=(none)   M=ZLibConst ACBP=A9
 0001:000220A0 00008DC2 C=CODE     S=.text    G=(none)   M=ZLib     ACBP=A9
 0001:0002AE64 000074E1 C=CODE     S=.text    G=(none)   M=ALZLibExApi ACBP=A9
 0001:00032348 00000511 C=CODE     S=.text    G=(none)   M=ALZLibEx ACBP=A9
 0001:0003285C 00000060 C=CODE     S=.text    G=(none)   M=DateUtils ACBP=A9
 0001:000328BC 0000061E C=CODE     S=.text    G=(none)   M=ALZLibExGZ ACBP=A9
 0001:00032EDC 000007C4 C=CODE     S=.text    G=(none)   M=u_CompressBinaryData ACBP=A9
 0001:000336A0 0000041D C=CODE     S=.text    G=(none)   M=u_Exif_Parser ACBP=A9
 0001:00033AC0 00000B5C C=CODE     S=.text    G=(none)   M=u_Tile_Parser ACBP=A9
 0001:0003461C 000003B6 C=CODE     S=.text    G=(none)   M=u_Lang   ACBP=A9
 0001:000349D4 00000F42 C=CODE     S=.text    G=(none)   M=u_DBMS_TileEnum ACBP=A9
 0001:00035918 00000502 C=CODE     S=.text    G=(none)   M=u_SQLScriptParser ACBP=A9
 0001:00035E1C 00000950 C=CODE     S=.text    G=(none)   M=u_DBMS_Template ACBP=A9
 0001:0003676C 0000CDDA C=CODE     S=.text    G=(none)   M=u_DBMS_Provider ACBP=A9
 0001:00043548 000006EB C=CODE     S=.text    G=(none)   M=u_exports ACBP=A9
 0001:00043C34 00000290 C=CODE     S=.text    G=(none)   M=TileStorage_DBMS ACBP=A9
 0002:00000000 00000095 C=ICODE    S=.itext   G=(none)   M=System   ACBP=A9
 0002:00000098 00000011 C=ICODE    S=.itext   G=(none)   M=Windows  ACBP=A9
 0002:000000AC 00000088 C=ICODE    S=.itext   G=(none)   M=SysUtils ACBP=A9
 0002:00000134 0000000F C=ICODE    S=.itext   G=(none)   M=VarUtils ACBP=A9
 0002:00000144 000000AA C=ICODE    S=.itext   G=(none)   M=Variants ACBP=A9
 0002:000001F0 00000008 C=ICODE    S=.itext   G=(none)   M=TypInfo  ACBP=A9
 0002:000001F8 00000092 C=ICODE    S=.itext   G=(none)   M=Classes  ACBP=A9
 0002:0000028C 00000008 C=ICODE    S=.itext   G=(none)   M=t_SQL_types ACBP=A9
 0002:00000294 00000050 C=ICODE    S=.itext   G=(none)   M=u_Synchronizer ACBP=A9
 0002:000002E4 00000018 C=ICODE    S=.itext   G=(none)   M=t_ODBC_Connection ACBP=A9
 0002:000002FC 00000008 C=ICODE    S=.itext   G=(none)   M=IniFiles ACBP=A9
 0002:00000304 0000003B C=ICODE    S=.itext   G=(none)   M=u_PStoreTools ACBP=A9
 0002:00000340 00000014 C=ICODE    S=.itext   G=(none)   M=SevenZip ACBP=A9
 0002:00000354 00000008 C=ICODE    S=.itext   G=(none)   M=ALZLibExApi ACBP=A9
 0002:0000035C 0000003B C=ICODE    S=.itext   G=(none)   M=u_CompressBinaryData ACBP=A9
 0002:00000398 00000008 C=ICODE    S=.itext   G=(none)   M=u_Lang   ACBP=A9
 0002:000003A0 00000026 C=ICODE    S=.itext   G=(none)   M=u_DBMS_Provider ACBP=A9
 0002:000003C8 0000001D C=ICODE    S=.itext   G=(none)   M=TileStorage_DBMS ACBP=A9
 0003:00000000 00000788 C=DATA     S=.data    G=DGROUP   M=System   ACBP=A9
 0003:00000788 00000030 C=DATA     S=.data    G=DGROUP   M=SysInit  ACBP=A9
 0003:000007B8 00000250 C=DATA     S=.data    G=DGROUP   M=SysUtils ACBP=A9
 0003:00000A08 00000008 C=DATA     S=.data    G=DGROUP   M=VarUtils ACBP=A9
 0003:00000A10 00000076 C=DATA     S=.data    G=DGROUP   M=Variants ACBP=A9
 0003:00000A88 0000000C C=DATA     S=.data    G=DGROUP   M=TypInfo  ACBP=A9
 0003:00000A94 00000084 C=DATA     S=.data    G=DGROUP   M=Classes  ACBP=A9
 0003:00000B18 00000480 C=DATA     S=.data    G=DGROUP   M=t_SQL_types ACBP=A9
 0003:00000F98 00000008 C=DATA     S=.data    G=DGROUP   M=IniFiles ACBP=A9
 0003:00000FA0 00000050 C=DATA     S=.data    G=DGROUP   M=SevenZip ACBP=A9
 0003:00000FF0 00000048 C=DATA     S=.data    G=DGROUP   M=u_Simple7z ACBP=A9
 0003:00001038 000006CC C=DATA     S=.data    G=DGROUP   M=ZLib     ACBP=A9
 0003:00001704 00003754 C=DATA     S=.data    G=DGROUP   M=ALZLibExApi ACBP=A9
 0003:00004E58 0000007C C=DATA     S=.data    G=DGROUP   M=ALZLibEx ACBP=A9
 0003:00004ED4 00000010 C=DATA     S=.data    G=DGROUP   M=u_CompressBinaryData ACBP=A9
 0003:00004EE4 00000008 C=DATA     S=.data    G=DGROUP   M=u_Tile_Parser ACBP=A9
 0003:00004EEC 0000004C C=DATA     S=.data    G=DGROUP   M=u_Lang   ACBP=A9
 0003:00004F38 000000A8 C=DATA     S=.data    G=DGROUP   M=u_DBMS_Provider ACBP=A9
 0004:00000000 000027EC C=BSS      S=.bss     G=DGROUP   M=System   ACBP=A9
 0004:000027EC 00000010 C=BSS      S=.bss     G=DGROUP   M=SysInit  ACBP=A9
 0004:000027FC 00000008 C=BSS      S=.bss     G=DGROUP   M=Windows  ACBP=A9
 0004:00002804 00002108 C=BSS      S=.bss     G=DGROUP   M=SysUtils ACBP=A9
 0004:0000490C 0000005C C=BSS      S=.bss     G=DGROUP   M=VarUtils ACBP=A9
 0004:00004968 00000040 C=BSS      S=.bss     G=DGROUP   M=Variants ACBP=A9
 0004:000049A8 00000004 C=BSS      S=.bss     G=DGROUP   M=TypInfo  ACBP=A9
 0004:000049AC 00000034 C=BSS      S=.bss     G=DGROUP   M=Classes  ACBP=A9
 0004:000049E0 00000004 C=BSS      S=.bss     G=DGROUP   M=t_SQL_types ACBP=A9
 0004:000049E4 00000008 C=BSS      S=.bss     G=DGROUP   M=u_Synchronizer ACBP=A9
 0004:000049EC 00000008 C=BSS      S=.bss     G=DGROUP   M=t_ODBC_Connection ACBP=A9
 0004:000049F4 00000004 C=BSS      S=.bss     G=DGROUP   M=IniFiles ACBP=A9
 0004:000049F8 00000008 C=BSS      S=.bss     G=DGROUP   M=u_PStoreTools ACBP=A9
 0004:00004A00 00000004 C=BSS      S=.bss     G=DGROUP   M=SevenZip ACBP=A9
 0004:00004A04 00001984 C=BSS      S=.bss     G=DGROUP   M=ZLib     ACBP=A9
 0004:00006388 00000004 C=BSS      S=.bss     G=DGROUP   M=ALZLibExApi ACBP=A9
 0004:0000638C 00000008 C=BSS      S=.bss     G=DGROUP   M=u_CompressBinaryData ACBP=A9
 0004:00006394 00000004 C=BSS      S=.bss     G=DGROUP   M=u_Lang   ACBP=A9
 0004:00006398 00000004 C=BSS      S=.bss     G=DGROUP   M=u_DBMS_Provider ACBP=A9
 0005:00000000 00000008 C=TLS      S=.tls     G=(none)   M=System   ACBP=A9
 0005:00000008 00000004 C=TLS      S=.tls     G=(none)   M=Classes  ACBP=A9


  Address             Publics by Name

 0001:000323A0       ALZLibEx..EZCompressionError
 0001:00032400       ALZLibEx..EZDecompressionError
 0001:00032348       ALZLibEx..EZLibError
 0001:000327BC       ALZLibEx.EZLibError.Create
 0001:00032810       ALZLibEx.EZLibError.Create
 0001:00032464       ALZLibEx.ZCompressCheck
 0001:00032700       ALZLibEx.ZCompressStream2
 0001:00032488       ALZLibEx.ZDecompressCheck
 0001:00032770       ALZLibEx.ZDecompressStream2
 0003:00004EA0       ALZLibEx.ZErrors
 0003:00004EB8       ALZLibEx.ZFlushes
 0001:000324B8       ALZLibEx.ZInternalCompressStream
 0001:000325D4       ALZLibEx.ZInternalDecompressStream
 0003:00004E58       ALZLibEx.ZLevels
 0003:00004E8C       ALZLibEx.ZStrategies
 0001:0002FA78       ALZLibExApi...
 0003:00002E58       ALZLibExApi...
 0003:0000239C       ALZLibExApi...
 0001:00031A44       ALZLibExApi...
 0003:00002270       ALZLibExApi...
 0003:000023EC       ALZLibExApi...
 0003:000017F4       ALZLibExApi...
 0001:0002D3F8       ALZLibExApi...
 0003:00001730       ALZLibExApi...
 0004:00006388       ALZLibExApi..2
 0001:0002F56C       ALZLibExApi.@inflate_fast
 0001:0002F130       ALZLibExApi.@inflate_table
 0001:00030C24       ALZLibExApi.@_tr_align
 0001:00030C1C       ALZLibExApi.@_tr_flush_bits
 0001:00030D74       ALZLibExApi.@_tr_flush_block
 0001:0002FA7C       ALZLibExApi.@_tr_init
 0001:00030B60       ALZLibExApi.@_tr_stored_block
 0001:000316DC       ALZLibExApi.adler32
 0002:00000354       ALZLibExApi.ALZLibExApi
 0001:00031A4C       ALZLibExApi.crc32
 0001:0002B748       ALZLibExApi.deflate
 0001:0002C030       ALZLibExApi.deflateEnd
 0001:0002AFA8       ALZLibExApi.deflateInit2_
 0001:0002AF8C       ALZLibExApi.deflateInit_
 0001:0002B3F8       ALZLibExApi.deflateReset
 0001:00032300       ALZLibExApi.Finalization
 0001:0002D758       ALZLibExApi.inflate
 0001:0002ED38       ALZLibExApi.inflateEnd
 0001:0002D520       ALZLibExApi.inflateInit2_
 0001:0002D5C4       ALZLibExApi.inflateInit_
 0001:0002D474       ALZLibExApi.inflateReset
 0001:0002AF70       ALZLibExApi.memcpy
 0001:0002AF54       ALZLibExApi.memset
 0001:0002AF38       ALZLibExApi.zcalloc
 0001:0002AF48       ALZLibExApi.zcfree
 0003:00001704       ALZLibExApi.ZLIB_VERSION
 0003:00001708       ALZLibExApi.z_errmsg
 0003:00002B57       ALZLibExApi._dist_code
 0003:00002D57       ALZLibExApi._length_code
 0001:0002AF84       ALZLibExApi._llmod
 0001:00032AE4       ALZLibExGZ.GZCompressStream
 0001:000328BC       ALZLibExGZ.GZCompressStream
 0001:00032E88       ALZLibExGZ.GZDecompressStream
 0001:00032AF8       ALZLibExGZ.GZDecompressStream
 0004:000049B4       Classes..95
 0001:000107A4       Classes..EFCreateError
 0001:00010858       Classes..EFilerError
 0001:00010744       Classes..EFileStreamError
 0001:00010800       Classes..EFOpenError
 0001:00010960       Classes..EListError
 0001:000108B0       Classes..EReadError
 0001:000106E8       Classes..EStreamError
 0001:000109B8       Classes..EStringListError
 0001:00010908       Classes..EWriteError
 0001:00010F68       Classes..TCustomMemoryStream
 0001:00010EE0       Classes..TFileStream
 0001:00010E68       Classes..THandleStream
 0001:00010A18       Classes..TList
 0001:00010FE4       Classes..TMemoryStream
 0001:00010AD4       Classes..TPersistent
 0001:00011060       Classes..TRegGroup
 0001:000110B8       Classes..TRegGroups
 0001:00010DF8       Classes..TStream
 0001:00010CE0       Classes..TStringList
 0001:00010BA8       Classes..TStrings
 0001:00010A7C       Classes..TThreadList
 0001:00014528       Classes.BinToHex
 0002:000001F8       Classes.Classes
 0003:00000A94       Classes.Convert
 0003:00000AA4       Classes.Convert
 0001:000145F0       Classes.DoneThreadSynchronization
 0001:00011B84       Classes.DoWrite
 0001:0001467C       Classes.Finalization
 0004:000049C0       Classes.FindGlobalComponentProcs
 0001:00014608       Classes.FreeIntConstList
 0004:000049C4       Classes.GlobalFixupList
 0005:00000008       Classes.GlobalLists
 0004:000049AC       Classes.GlobalNameSpace
 0001:00014564       Classes.HexToBin
 0001:000145BC       Classes.InitThreadSynchronization
 0004:000049B8       Classes.IntConstList
 0001:00014674       Classes.ModuleUnload
 0001:000111AC       Classes.PointerInModule
 0001:00013D88       Classes.PropValueError
 0001:00013520       Classes.RaiseException
 0001:00013D70       Classes.ReadError
 0004:000049BC       Classes.RegGroups
 0001:00013C40       Classes.RemoveFixupReferences
 0001:00013CEC       Classes.RemoveFixups
 0001:000114C8       Classes.ReturnAddr
 0001:00011CE4       Classes.ReturnAddr
 0001:000140D4       Classes.SkipBinary
 0001:00014104       Classes.SkipCollection
 0001:000140AC       Classes.SkipList
 0001:0001335C       Classes.StringListCompareStrings
 0004:000049B0       Classes.SyncEvent
 0003:00000B14       Classes.SyncList
 0001:00013A7C       Classes.TCustomMemoryStream.Read
 0001:00013AB4       Classes.TCustomMemoryStream.Seek
 0001:00013A74       Classes.TCustomMemoryStream.SetPointer
 0001:00013888       Classes.TFileStream.Create
 0001:000138CC       Classes.TFileStream.Create
 0001:00013A40       Classes.TFileStream.Destroy
 0001:000137C4       Classes.THandleStream.Create
 0001:00013800       Classes.THandleStream.Read
 0001:00013820       Classes.THandleStream.Seek
 0001:0001384C       Classes.THandleStream.SetSize
 0001:00013860       Classes.THandleStream.SetSize
 0001:00013810       Classes.THandleStream.Write
 0004:000049C8       Classes.ThreadLock
 0001:00011420       Classes.TList.Add
 0001:00011454       Classes.TList.Clear
 0001:0001146C       Classes.TList.Delete
 0001:00011400       Classes.TList.Destroy
 0001:00011504       Classes.TList.Error
 0001:000114CC       Classes.TList.Error
 0001:00011684       Classes.TList.Extract
 0001:00011558       Classes.TList.Get
 0001:00011580       Classes.TList.Grow
 0001:000115B4       Classes.TList.IndexOf
 0001:000116C0       Classes.TList.Notify
 0001:000115D4       Classes.TList.SetCapacity
 0001:00011610       Classes.TList.SetCount
 0001:00013B04       Classes.TMemoryStream.Clear
 0001:00013AD8       Classes.TMemoryStream.Destroy
 0001:00013B70       Classes.TMemoryStream.Realloc
 0001:00013B1C       Classes.TMemoryStream.SetCapacity
 0001:00013B44       Classes.TMemoryStream.SetSize
 0001:00013BF0       Classes.TMemoryStream.Write
 0001:000117E0       Classes.TPersistent.Assign
 0001:000117F4       Classes.TPersistent.AssignError
 0001:000118C4       Classes.TPersistent.AssignTo
 0001:000118CC       Classes.TPersistent.DefineProperties
 0001:000117B4       Classes.TPersistent.Destroy
 0001:000118D0       Classes.TPersistent.GetNamePath
 0001:00011980       Classes.TPersistent.GetOwner
 0001:00013D94       Classes.TReader.CheckValue
 0001:00013DB8       Classes.TReader.EndOfList
 0001:00013DCC       Classes.TReader.NextValue
 0001:00013DDC       Classes.TReader.Read
 0001:00013E28       Classes.TReader.ReadBuffer
 0001:00013E64       Classes.TReader.ReadListBegin
 0001:00013E6C       Classes.TReader.ReadListEnd
 0001:00013E74       Classes.TReader.ReadStr
 0001:00013EB0       Classes.TReader.ReadString
 0001:00014050       Classes.TReader.ReadValue
 0001:00013F6C       Classes.TReader.ReadWideString
 0001:00014358       Classes.TReader.SkipBytes
 0001:00014310       Classes.TReader.SkipProperty
 0001:00014064       Classes.TReader.SkipSetBody
 0001:00014160       Classes.TReader.SkipValue
 0001:00011110       Classes.TRegGroup.Create
 0001:0001116C       Classes.TRegGroup.Destroy
 0001:000111CC       Classes.TRegGroup.UnregisterModuleClasses
 0001:00011278       Classes.TRegGroups.Create
 0001:000112EC       Classes.TRegGroups.Destroy
 0001:0001134C       Classes.TRegGroups.Lock
 0001:00011358       Classes.TRegGroups.Unlock
 0001:00011364       Classes.TRegGroups.UnregisterModuleClasses
 0001:000136D0       Classes.TStream.CopyFrom
 0001:00013448       Classes.TStream.GetPosition
 0001:0001347C       Classes.TStream.GetSize
 0001:00013660       Classes.TStream.ReadBuffer
 0001:000135F0       Classes.TStream.Seek
 0001:0001356C       Classes.TStream.Seek
 0001:00013468       Classes.TStream.SetPosition
 0001:000134CC       Classes.TStream.SetSize
 0001:000134C8       Classes.TStream.SetSize
 0001:00013698       Classes.TStream.WriteBuffer
 0001:00012DE8       Classes.TStringList.Add
 0001:00012DF8       Classes.TStringList.AddObject
 0001:00012E5C       Classes.TStringList.Changed
 0001:00012E78       Classes.TStringList.Changing
 0001:00012E94       Classes.TStringList.Clear
 0001:000133C4       Classes.TStringList.CompareStrings
 0001:0001338C       Classes.TStringList.CustomSort
 0001:00012ED4       Classes.TStringList.Delete
 0001:00012D8C       Classes.TStringList.Destroy
 0001:00012F40       Classes.TStringList.Exchange
 0001:00012F9C       Classes.TStringList.ExchangeItems
 0001:00012FC0       Classes.TStringList.Find
 0001:00013044       Classes.TStringList.Get
 0001:00013078       Classes.TStringList.GetCapacity
 0001:0001307C       Classes.TStringList.GetCount
 0001:00013080       Classes.TStringList.GetObject
 0001:000130A8       Classes.TStringList.Grow
 0001:000130DC       Classes.TStringList.IndexOf
 0001:00013118       Classes.TStringList.Insert
 0001:0001317C       Classes.TStringList.InsertItem
 0001:00013128       Classes.TStringList.InsertObject
 0001:000131F8       Classes.TStringList.Put
 0001:00013254       Classes.TStringList.PutObject
 0001:00013294       Classes.TStringList.QuickSort
 0001:00013328       Classes.TStringList.SetCapacity
 0001:00013344       Classes.TStringList.SetUpdateState
 0001:0001337C       Classes.TStringList.Sort
 0001:000119B4       Classes.TStrings.Add
 0001:000119D8       Classes.TStrings.AddObject
 0001:000119FC       Classes.TStrings.AddStrings
 0001:00011AB4       Classes.TStrings.Assign
 0001:00011B6C       Classes.TStrings.BeginUpdate
 0001:00012C74       Classes.TStrings.CompareStrings
 0001:00011BDC       Classes.TStrings.DefineProperties
 0001:00011984       Classes.TStrings.Destroy
 0001:00011C28       Classes.TStrings.EndUpdate
 0001:00011C3C       Classes.TStrings.Equals
 0001:00011D20       Classes.TStrings.Error
 0001:00011CE8       Classes.TStrings.Error
 0001:00011D78       Classes.TStrings.Exchange
 0001:00011E64       Classes.TStrings.ExtractName
 0001:00011EE0       Classes.TStrings.GetCapacity
 0001:00012B78       Classes.TStrings.GetDelimiter
 0001:00012B90       Classes.TStrings.GetLineBreak
 0001:00011EE8       Classes.TStrings.GetName
 0001:00012CB8       Classes.TStrings.GetNameValueSeparator
 0001:00011F48       Classes.TStrings.GetObject
 0001:00012BC4       Classes.TStrings.GetQuoteChar
 0001:00012BDC       Classes.TStrings.GetStrictDelimiter
 0001:00011F4C       Classes.TStrings.GetText
 0001:00011FA0       Classes.TStrings.GetTextStr
 0001:000120D8       Classes.TStrings.GetValue
 0001:00012CEC       Classes.TStrings.GetValueFromIndex
 0001:00012164       Classes.TStrings.IndexOf
 0001:000121F0       Classes.TStrings.IndexOfName
 0001:000122C4       Classes.TStrings.IndexOfObject
 0001:000122F8       Classes.TStrings.InsertObject
 0001:00012328       Classes.TStrings.LoadFromFile
 0001:0001237C       Classes.TStrings.LoadFromStream
 0001:00012428       Classes.TStrings.Move
 0001:000124D8       Classes.TStrings.Put
 0001:00012508       Classes.TStrings.PutObject
 0001:0001250C       Classes.TStrings.ReadData
 0001:000125BC       Classes.TStrings.SaveToFile
 0001:00012614       Classes.TStrings.SaveToStream
 0001:00012674       Classes.TStrings.SetCapacity
 0001:000129DC       Classes.TStrings.SetDelimitedText
 0001:00012BF4       Classes.TStrings.SetDelimiter
 0001:00012C10       Classes.TStrings.SetLineBreak
 0001:00012CD0       Classes.TStrings.SetNameValueSeparator
 0001:00012C3C       Classes.TStrings.SetQuoteChar
 0001:00012C58       Classes.TStrings.SetStrictDelimiter
 0001:00012678       Classes.TStrings.SetStringsAdapter
 0001:000126AC       Classes.TStrings.SetText
 0001:000126FC       Classes.TStrings.SetTextStr
 0001:000128A0       Classes.TStrings.SetUpdateState
 0001:000128A4       Classes.TStrings.SetValue
 0001:00012958       Classes.TStrings.WriteData
 0001:000116C4       Classes.TThreadList.Create
 0001:00011718       Classes.TThreadList.Destroy
 0001:00011794       Classes.TThreadList.LockList
 0001:000117A8       Classes.TThreadList.UnlockList
 0001:000143A0       Classes.TWriter.Write
 0001:000143EC       Classes.TWriter.WriteBuffer
 0001:00014404       Classes.TWriter.WriteListBegin
 0001:0001440C       Classes.TWriter.WriteListEnd
 0001:00014414       Classes.TWriter.WriteMinStr
 0001:000144C0       Classes.TWriter.WriteString
 0001:00014514       Classes.TWriter.WriteValue
 0001:000113B4       Classes.UnRegisterModuleClasses
 0001:0001D334       Contnrs..TObjectList
 0001:0001D39C       Contnrs.TObjectList.Add
 0001:0001D3A4       Contnrs.TObjectList.Create
 0001:0001D3E0       Contnrs.TObjectList.GetItem
 0001:0001D3F4       Contnrs.TObjectList.Notify
 0001:0003285C       DateUtils.DateTimeToUnix
 0001:00032890       DateUtils.UnixToDateTime
 0004:000049F4       IniFiles..8
 0001:0001C15C       IniFiles..EIniFileException
 0001:0001C1BC       IniFiles..TCustomIniFile
 0001:0001C28C       IniFiles..TIniFile
 0001:0001D2EC       IniFiles.Finalization
 0002:000002FC       IniFiles.IniFiles
 0001:0001C344       IniFiles.TCustomIniFile.Create
 0001:0001CA5C       IniFiles.TCustomIniFile.ReadBinaryStream
 0001:0001C518       IniFiles.TCustomIniFile.ReadBool
 0001:0001C544       IniFiles.TCustomIniFile.ReadDate
 0001:0001C5FC       IniFiles.TCustomIniFile.ReadDateTime
 0001:0001C6B4       IniFiles.TCustomIniFile.ReadFloat
 0001:0001C3EC       IniFiles.TCustomIniFile.ReadInteger
 0001:0001CD4C       IniFiles.TCustomIniFile.ReadSections
 0001:0001C76C       IniFiles.TCustomIniFile.ReadTime
 0001:0001C380       IniFiles.TCustomIniFile.SectionExists
 0001:0001C9EC       IniFiles.TCustomIniFile.ValueExists
 0001:0001CBD8       IniFiles.TCustomIniFile.WriteBinaryStream
 0001:0001C9D0       IniFiles.TCustomIniFile.WriteBool
 0001:0001C824       IniFiles.TCustomIniFile.WriteDate
 0001:0001C88C       IniFiles.TCustomIniFile.WriteDateTime
 0001:0001C8EC       IniFiles.TCustomIniFile.WriteFloat
 0001:0001C4BC       IniFiles.TCustomIniFile.WriteInteger
 0001:0001C950       IniFiles.TCustomIniFile.WriteTime
 0001:0001D2A0       IniFiles.TIniFile.DeleteKey
 0001:0001CE00       IniFiles.TIniFile.Destroy
 0001:0001D24C       IniFiles.TIniFile.EraseSection
 0001:0001CFF8       IniFiles.TIniFile.ReadSection
 0001:0001CEF8       IniFiles.TIniFile.ReadSections
 0001:0001D100       IniFiles.TIniFile.ReadSectionValues
 0001:0001CE2C       IniFiles.TIniFile.ReadString
 0001:0001D2D0       IniFiles.TIniFile.UpdateFile
 0001:0001CE8C       IniFiles.TIniFile.WriteString
 0003:00000F98       IniFiles.Values
 0001:0001D420       NativeNTAPI.NtQueryValueKey
 0001:0001D428       NativeNTAPI.NtSetValueKey
 0001:0001D430       NTRegistry.InternalPrepareRegValue
 0001:0001D4A0       NTRegistry.NTRegistryClearInfo
 0001:0001D4C4       NTRegistry.NTRegistryReadBuffer
 0001:0001D5E4       NTRegistry.NTRegistrySaveBuffer
 0001:00016910       odbcsql.SQLAllocHandle
 0001:00016980       odbcsql.SQLBindCol
 0001:00016990       odbcsql.SQLBindParameter
 0001:00016950       odbcsql.SQLCloseCursor
 0001:00016930       odbcsql.SQLConnectA
 0001:00016988       odbcsql.SQLDataSourcesA
 0001:00016968       odbcsql.SQLDescribeColA
 0001:00016938       odbcsql.SQLDisconnect
 0001:00016940       odbcsql.SQLDriverConnectA
 0001:00016948       odbcsql.SQLExecDirectA
 0001:00016958       odbcsql.SQLFetch
 0001:00016920       odbcsql.SQLFreeHandle
 0001:00016998       odbcsql.SQLFreeStmt
 0001:00016970       odbcsql.SQLGetData
 0001:00016928       odbcsql.SQLGetDiagRecA
 0001:00016978       odbcsql.SQLGetInfoA
 0001:00016960       odbcsql.SQLNumResultCols
 0001:00016918       odbcsql.SQLSetEnvAttr
 0001:000169A0       odbcsql.SQL_SUCCEEDED
 0004:00004A00       SevenZip..2
 0003:00000FA0       SevenZip.CLSID_CFormat7z
 0001:000207E0       SevenZip.Finalization
 0003:00000FD8       SevenZip.SevCompressionMethod
 0002:00000340       SevenZip.SevenZip
 0003:00000FB0       SevenZip.ZipCompressionMethod
 0003:00000FC8       SevenZip.ZipEncryptionMethod
 0001:0001B490       StrUtils.PosEx
 0001:00005640       SysInit.@GetTls
 0001:0000568C       SysInit.@InitLib
 0001:00005560       SysInit.AllocTlsBuffer
 0004:000027F4       SysInit.DllProc
 0001:0000561C       SysInit.ExitProcessTLS
 0001:000055E4       SysInit.ExitThreadTLS
 0001:0000556C       SysInit.GetTlsSize
 0004:000027F0       SysInit.HInstance
 0001:00005680       SysInit.InitializeModule
 0001:000055B8       SysInit.InitProcessTLS
 0001:00005574       SysInit.InitThreadTLS
 0001:00005530       SysInit.LocalAlloc
 0001:00005538       SysInit.LocalFree
 0003:00000790       SysInit.Module
 0004:000027ED       SysInit.ModuleIsCpp
 0004:000027EC       SysInit.ModuleIsLib
 0003:0000078C       SysInit.PtrToNil
 0001:00005540       SysInit.TlsAlloc
 0004:000027F8       SysInit.tlsBuffer
 0001:00005548       SysInit.TlsFree
 0001:00005550       SysInit.TlsGetValue
 0003:00000788       SysInit.TlsIndex
 0005:0000000C       SysInit.TlsLast
 0003:000007A8       SysInit.TlsProc
 0001:00005558       SysInit.TlsSetValue
 0004:000005B0       System..6
 0001:00000110       System..TInterfacedObject
 0001:0000001C       System..TObject
 0001:0000208C       System.@AbstractError
 0001:00002AB8       System.@AfterConstruction
 0001:000029AC       System.@AsClass
 0001:0000360C       System.@Assert
 0001:00002190       System.@AStrCmp
 0001:00002B08       System.@BeforeDestruction
 0001:000029F8       System.@CallDynaInst
 0001:00002A60       System.@ClassCreate
 0001:00002AB0       System.@ClassDestroy
 0001:000020FC       System.@Close
 0001:00001F1C       System.@Copy
 0001:00004518       System.@CopyArray
 0001:000043FC       System.@CopyRecord
 0001:00004634       System.@DispCallByIDError
 0001:00004624       System.@Dispose
 0001:0000302C       System.@DoneExcept
 0001:000048E0       System.@DynArrayAsg
 0001:000048A4       System.@DynArrayClear
 0001:000046E4       System.@DynArrayHigh
 0001:000046DC       System.@DynArrayLength
 0001:00004898       System.@DynArraySetLength
 0001:00003114       System.@ExceptionHandler
 0001:00002200       System.@FillChar
 0001:000043D8       System.@Finalize
 0001:000042EC       System.@FinalizeArray
 0001:000042A0       System.@FinalizeRecord
 0001:00002758       System.@FpuInit
 0001:00002694       System.@FpuMaskInit
 0001:00001DE0       System.@FreeMem
 0001:00001DC4       System.@GetMem
 0001:000035F4       System.@Halt
 0001:00003518       System.@Halt0
 0001:00002C1C       System.@HandleAnyException
 0001:00002ED0       System.@HandleFinally
 0001:00002F78       System.@HandleFinallyInternal
 0001:00002D48       System.@HandleOnException
 0001:00004294       System.@Initialize
 0001:00004200       System.@InitializeArray
 0001:000041D0       System.@InitializeRecord
 0001:000033B8       System.@InitImports
 0001:00003390       System.@InitResStringImports
 0001:000033DC       System.@InitWideStrings
 0001:00004FB8       System.@IntfCast
 0001:00004F74       System.@IntfClear
 0001:00004F8C       System.@IntfCopy
 0001:00002764       System.@IntOver
 0001:00002988       System.@IsClass
 0001:00002664       System.@isNECWindows
 0001:00003650       System.@LStrArrayClr
 0001:00003680       System.@LStrAsg
 0001:000038F8       System.@LStrCat
 0001:00003944       System.@LStrCat3
 0001:000039C0       System.@LStrCatN
 0001:0000362C       System.@LStrClr
 0001:00003A54       System.@LStrCmp
 0001:00003B14       System.@LStrCopy
 0001:00003B54       System.@LStrDelete
 0001:0000389C       System.@LStrFromArray
 0001:00003814       System.@LStrFromChar
 0001:00003824       System.@LStrFromPChar
 0001:0000371C       System.@LStrFromPCharLen
 0001:00003854       System.@LStrFromPWChar
 0001:00003788       System.@LStrFromPWCharLen
 0001:00003890       System.@LStrFromString
 0001:000038B4       System.@LStrFromWStr
 0001:00003B9C       System.@LStrInsert
 0001:000036C4       System.@LStrLAsg
 0001:000038EC       System.@LStrLen
 0001:00003D3C       System.@LStrSetLength
 0001:00003AAC       System.@LStrToPChar
 0001:000038C8       System.@LStrToString
 0001:00004610       System.@New
 0001:000036F0       System.@NewAnsiString
 0001:00003DA8       System.@NewWideString
 0001:00002378       System.@Pow10
 0001:00002184       System.@PStrCpy
 0001:00002154       System.@PStrNCat
 0001:00002FD8       System.@RaiseAgain
 0001:00002FB0       System.@RaiseExcept
 0001:00001DF8       System.@ReallocMem
 0001:00002080       System.@ROUND
 0001:00003600       System.@RunError
 0001:000032C8       System.@StartLib
 0001:00000218       System.@strlen
 0001:0000305C       System.@TryFinallyExit
 0001:00003B0C       System.@UniqueStringA
 0001:0000229C       System.@ValLong
 0001:000042D4       System.@VarClr
 0001:000043E4       System.@VarCopy
 0001:00003DE8       System.@WStrArrayClr
 0001:00003E0C       System.@WStrAsg
 0001:00003F54       System.@WStrCat
 0001:00003FB4       System.@WStrCat3
 0001:00004024       System.@WStrCatN
 0001:00003DD0       System.@WStrClr
 0001:0000406C       System.@WStrCmp
 0001:000040F0       System.@WStrCopy
 0001:00003F28       System.@WStrFromLStr
 0001:00003E3C       System.@WStrFromPCharLen
 0001:00003EEC       System.@WStrFromPWChar
 0001:00003EC8       System.@WStrFromPWCharLen
 0001:00003E34       System.@WStrLAsg
 0001:00003F48       System.@WStrLen
 0001:0000418C       System.@WStrSetLength
 0001:00003F38       System.@WStrToPWChar
 0001:00001EEC       System.@_IOTest
 0001:00004660       System.@_llmod
 0001:0000463C       System.@_llmul
 0004:00000028       System.AbstractErrorProc
 0001:00004E14       System.AddModuleUnloadProc
 0001:00004E04       System.AddModuleUnloadProc
 0001:0000067C       System.AllocateLargeBlock
 0001:00001DAC       System.AllocMem
 0001:000005BC       System.AllocNewSequentialFeedMediumPool
 0004:000005B8       System.AllocSize2SmallBlockTypeIndX4
 0001:00005420       System.AnsiToUtf8
 0001:00001350       System.AppendStringToBuffer
 0004:00000020       System.AssertErrorProc
 0001:00000550       System.BinMediumSequentialFeedRemainder
 0001:00001B5C       System.BuildBlockTypeLookupTable
 0001:00001234       System.CardinalToStrBuf
 0001:0000374C       System.CharFromWChar
 0001:00000198       System.CharNext
 0001:00002B98       System.CheckJmp
 0001:00001598       System.CheckSmallBlockPoolForLeaks
 0004:0000003C       System.CmdLine
 0004:00000038       System.CmdShow
 0001:000046EC       System.CopyArray
 0003:00000038       System.Copyright
 0003:00000024       System.DebugHook
 0003:00000020       System.Default8087CW
 0004:000005B4       System.DefaultSystemCodePage
 0001:00004930       System.DelayLoadResourceModule
 0001:000002BC       System.DestroyWindow
 0003:00000778       System.dig
 0004:00000000       System.DispCallByIDProc
 0001:00004704       System.DynArrayClear
 0001:0000470C       System.DynArraySetLength
 0003:00000750       System.errCaption
 0001:00001EE0       System.Error
 0003:00000004       System.ErrorAddr
 0001:00001E94       System.ErrorAt
 0004:00000008       System.ErrorProc
 0004:000003E0       System.ErrOutput
 0001:00001E68       System.ExceptAddr
 0004:0000000C       System.ExceptClsProc
 0004:0000001C       System.ExceptionClass
 0001:00001E48       System.ExceptObject
 0004:00000010       System.ExceptObjProc
 0004:00000004       System.ExceptProc
 0003:00000000       System.ExitCode
 0001:0000345C       System.ExitDll
 0004:00000040       System.ExitProc
 0001:000001A0       System.ExitProcess
 0004:00000024       System.ExitProcessProc
 0004:000027B4       System.ExpectedMemoryLeaks
 0004:000027B8       System.ExpectedMemoryLeaksListLocked
 0003:00000008       System.FileMode
 0001:000054D0       System.Finalization
 0001:000046FC       System.FinalizeArray
 0001:00001D58       System.FinalizeMemoryManager
 0001:000031FC       System.FinalizeUnits
 0001:000049B0       System.FindBS
 0001:000001B0       System.FindClose
 0001:000001B8       System.FindFirstFile
 0001:00004908       System.FindHInstance
 0001:00004978       System.FindResourceHInstance
 0001:000020F0       System.Flush
 0001:00002370       System.FPower10
 0001:00001CC8       System.FreeAllMemory
 0001:000006E0       System.FreeLargeBlock
 0001:000001C0       System.FreeLibrary
 0001:00005088       System.FreeMemory
 0001:000054C8       System.GetACP
 0001:00000280       System.GetCmdShow
 0001:000001C8       System.GetCommandLine
 0001:00000278       System.GetCurrentThreadId
 0001:000029C8       System.GetDynaMethod
 0001:000011F8       System.GetFirstAndLastSmallBlockInPool
 0001:000011B8       System.GetFirstMediumBlockInPool
 0001:0000265C       System.GetKeyboardType
 0001:000001D0       System.GetLocaleInfo
 0001:00005078       System.GetMemory
 0001:000001D8       System.GetModuleFileName
 0001:000001E0       System.GetModuleHandle
 0001:00001464       System.GetObjectClass
 0001:000001E8       System.GetProcAddress
 0001:000001F0       System.GetStartupInfo
 0001:00000170       System.GetStdHandle
 0001:000001F8       System.GetThreadLocale
 0004:000027C0       System.InitContext
 0001:00001BA0       System.InitializeMemoryManager
 0001:00003260       System.InitUnits
 0005:00000004       System.InOutRes
 0004:00000048       System.Input
 0001:000004F0       System.InsertMediumBlockIntoBin
 0001:00000270       System.InterlockedDecrement
 0001:00000268       System.InterlockedIncrement
 0001:000020A8       System.InternalFlush
 0001:000013E4       System.InternalIsValidClass
 0001:00003AC0       System.InternalUniqueString
 0001:00002880       System.InvokeImplGetter
 0001:00001F60       System.IOResult
 0004:00000044       System.IsConsole
 0004:00000034       System.IsLibrary
 0004:00000045       System.IsMultiThread
 0001:00001368       System.IsValidVMTAddress
 0003:00000028       System.JITEnable
 0004:000027A4       System.LargeBlocksCircularList
 0004:000027A0       System.LargeBlocksLocked
 0004:00000714       System.LastSequentiallyFedMediumBlock
 0003:00000030       System.LibModuleList
 0001:00000200       System.LoadLibraryEx
 0001:00004B94       System.LoadResourceModule
 0001:00005470       System.LoadResString
 0001:00000208       System.LoadString
 0001:00000324       System.LockCmpxchg
 0001:0000148C       System.LockExpectedMemoryLeaksList
 0001:00000634       System.LockLargeBlocks
 0001:00000210       System.lstrcpyn
 0004:0000002C       System.MainInstance
 0004:00000030       System.MainThreadID
 0001:000033F8       System.MakeErrorMessage
 0001:00003074       System.MapToRunError
 0004:00000720       System.MediumBlockBinBitmaps
 0004:0000071C       System.MediumBlockBinGroupBitmap
 0004:000007A0       System.MediumBlockBins
 0004:00000700       System.MediumBlockPoolsCircularList
 0004:00000710       System.MediumBlocksLocked
 0004:00000718       System.MediumSequentialFeedBytesLeft
 0003:0000071C       System.MemoryManager
 0001:000001A8       System.MessageBox
 0004:000006FE       System.MinimumBlockAlignment
 0004:000027BC       System.MMSharingWindow
 0003:00000034       System.ModuleUnloadList
 0001:00001F80       System.Move
 0001:0000032C       System.Move12
 0001:00000340       System.Move20
 0001:00000360       System.Move28
 0001:0000038C       System.Move36
 0001:000003AC       System.Move44
 0001:000003D0       System.Move52
 0001:000003FC       System.Move60
 0001:0000042C       System.Move68
 0001:00000464       System.MoveX16L4
 0001:00000494       System.MoveX8L4
 0001:00000220       System.MultiByteToWideChar
 0004:000005AD       System.NeverSleepOnMMThreadContention
 0001:00001194       System.NextMediumBlock
 0003:0000002C       System.NoErrMsg
 0001:00002B84       System.NotifyAnyExcept
 0001:00002B58       System.NotifyExcept
 0001:00002BB8       System.NotifyExceptFinally
 0001:00004E98       System.NotifyModuleUnload
 0001:00002B34       System.NotifyNonDelphiException
 0001:00002B70       System.NotifyOnExcept
 0001:00002B18       System.NotifyReRaise
 0001:00002BE0       System.NotifyTerminate
 0001:00002BFC       System.NotifyUnhandled
 0004:00000214       System.Output
 0001:00003BF8       System.Pos
 0001:0000413C       System.Pos
 0001:00000178       System.RaiseException
 0004:00000014       System.RaiseExceptionProc
 0005:00000000       System.RaiseListPtr
 0001:00000784       System.ReallocateLargeBlock
 0001:00000228       System.RegCloseKey
 0001:00004EF4       System.RegisterModule
 0001:00000230       System.RegOpenKeyEx
 0001:00000238       System.RegQueryValueEx
 0003:00000734       System.reMap
 0001:000004B0       System.RemoveMediumFreeBlock
 0001:00004E34       System.RemoveModuleUnloadProc
 0001:00004E0C       System.RemoveModuleUnloadProc
 0004:000005AC       System.ReportMemoryLeaksOnShutdown
 0001:00000180       System.RtlUnwind
 0004:00000018       System.RTLUnwindProc
 0003:00000758       System.runErrMsg
 0001:00001E88       System.RunErrorAt
 0001:000016E4       System.ScanForMemoryLeaks
 0001:000031B4       System.SetExceptionHandler
 0001:00001F0C       System.SetInOutRes
 0001:000002B4       System.Sleep
 0003:0000003C       System.SmallBlockTypes
 0001:00001164       System.SysAllocMem
 0001:00000250       System.SysAllocStringLen
 0001:00000C54       System.SysFreeMem
 0001:00000260       System.SysFreeString
 0001:000008D0       System.SysGetMem
 0001:00000E4C       System.SysReallocMem
 0001:00000258       System.SysReAllocStringLen
 0001:00001500       System.SysRegisterExpectedMemoryLeak
 0002:00000000       System.System
 0001:00001540       System.SysUnregisterExpectedMemoryLeak
 0004:00000046       System.Test8086
 0001:00004FE8       System.TInterfacedObject.AfterConstruction
 0001:00004FF4       System.TInterfacedObject.BeforeDestruction
 0001:00005004       System.TInterfacedObject.NewInstance
 0001:00005014       System.TInterfacedObject.QueryInterface
 0001:0000503C       System.TInterfacedObject._AddRef
 0001:00005050       System.TInterfacedObject._Release
 0001:00002A30       System.TObject.AfterConstruction
 0001:00002A34       System.TObject.BeforeDestruction
 0001:00002774       System.TObject.ClassName
 0001:00002788       System.TObject.ClassParent
 0001:0000276C       System.TObject.ClassType
 0001:00002860       System.TObject.CleanupInstance
 0001:000027CC       System.TObject.Create
 0001:00002A2C       System.TObject.DefaultHandler
 0001:000027EC       System.TObject.Destroy
 0001:00002A38       System.TObject.Dispatch
 0001:000027FC       System.TObject.Free
 0001:000027B0       System.TObject.FreeInstance
 0001:000028B0       System.TObject.GetInterface
 0001:00002944       System.TObject.GetInterfaceEntry
 0001:00002A10       System.TObject.InheritsFrom
 0001:00002808       System.TObject.InitInstance
 0001:000027C4       System.TObject.InstanceSize
 0001:00002794       System.TObject.NewInstance
 0001:00002A24       System.TObject.SafeCallException
 0001:000049D0       System.ToLongPath
 0001:00000188       System.UnhandledExceptionFilter
 0001:000050A0       System.UnicodeToUtf8
 0001:00003B04       System.UniqueString
 0001:00004F04       System.UnregisterModule
 0001:000031D4       System.UnsetExceptionHandler
 0001:00005368       System.UTF8Decode
 0001:000052AC       System.UTF8Encode
 0001:0000517C       System.Utf8ToUnicode
 0003:00000010       System.VarAddRefProc
 0003:0000000C       System.VarClearProc
 0003:00000014       System.VarCopyProc
 0003:00000018       System.VarToLStrProc
 0003:0000001C       System.VarToWStrProc
 0001:000002A4       System.VirtualAlloc
 0001:000002AC       System.VirtualFree
 0001:00000248       System.VirtualQuery
 0001:0000376C       System.WCharFromChar
 0001:00000240       System.WideCharToMultiByte
 0001:0000348C       System.WriteErrorMessage
 0001:00000190       System.WriteFile
 0001:00003DA0       System.WStrError
 0001:00003DC0       System.WStrSet
 0004:00002914       SysUtils..35
 0001:00005C58       SysUtils..EAbort
 0001:000064CC       SysUtils..EAbstractError
 0001:000062A4       SysUtils..EAccessViolation
 0001:0000646C       SysUtils..EAssertionFailed
 0001:000063B8       SysUtils..EControlC
 0001:00006248       SysUtils..EConvertError
 0001:00005ECC       SysUtils..EDivByZero
 0001:00005DBC       SysUtils..EExternal
 0001:00005E14       SysUtils..EExternalException
 0001:00005CAC       SysUtils..EHeapException
 0001:00005D64       SysUtils..EInOutError
 0001:00005E74       SysUtils..EIntError
 0001:00006528       SysUtils..EIntfCastError
 0001:00005F7C       SysUtils..EIntOverflow
 0001:000061EC       SysUtils..EInvalidCast
 0001:00006030       SysUtils..EInvalidOp
 0001:00006190       SysUtils..EInvalidPointer
 0001:00005FD8       SysUtils..EMathError
 0001:00006584       SysUtils..EOSError
 0001:00005D08       SysUtils..EOutOfMemory
 0001:000060E0       SysUtils..EOverflow
 0001:00006304       SysUtils..EPrivilege
 0001:00005F24       SysUtils..ERangeError
 0001:000065DC       SysUtils..ESafecallException
 0001:0000635C       SysUtils..EStackOverflow
 0001:00006138       SysUtils..EUnderflow
 0001:00006410       SysUtils..EVariantError
 0001:00005BF0       SysUtils..Exception
 0001:00006088       SysUtils..EZeroDivide
 0001:0000687C       SysUtils..TMultiReadExclusiveWriteSynchronizer
 0001:000067A0       SysUtils..TThreadLocalCounter
 0001:0000B418       SysUtils.Abort
 0001:0000B798       SysUtils.AbstractErrorHandler
 0003:00000838       SysUtils.AccessMode
 0001:00006BB8       SysUtils.AnsiCompareText
 0001:00006CF4       SysUtils.AnsiExtractQuotedStr
 0001:0000BFE4       SysUtils.AnsiPos
 0001:0000C01C       SysUtils.AnsiStrPos
 0001:0000C0BC       SysUtils.AnsiStrRScan
 0001:0000C0F0       SysUtils.AnsiStrScan
 0001:00006B80       SysUtils.AnsiUpperCase
 0001:00009420       SysUtils.AppendChars
 0001:00008828       SysUtils.AppendChars
 0001:00009804       SysUtils.AppendFormat
 0001:00008C0C       SysUtils.AppendFormat
 0001:00008888       SysUtils.AppendNumber
 0001:00009480       SysUtils.AppendNumber
 0001:0000886C       SysUtils.AppendString
 0001:00009464       SysUtils.AppendString
 0001:0000B77C       SysUtils.AssertErrorHandler
 0001:000074D8       SysUtils.BackfillGetDiskFreeSpaceEx
 0001:000071A8       SysUtils.BoolToStr
 0001:0000BD60       SysUtils.ByteToCharIndex
 0001:0000BD3C       SysUtils.ByteToCharLen
 0001:0000BD00       SysUtils.ByteType
 0001:0000BC8C       SysUtils.ByteTypeTest
 0001:000073D0       SysUtils.ChangeFileExt
 0001:0000BF74       SysUtils.CharLength
 0001:0000BE58       SysUtils.CharToByteIndex
 0001:0000BEDC       SysUtils.CharToByteLen
 0001:0000D1F8       SysUtils.ClearHashTables
 0001:00006A58       SysUtils.CompareStr
 0001:00006AC0       SysUtils.CompareText
 0001:00007088       SysUtils.CompareWith
 0001:0000B1B8       SysUtils.ConvertAddr
 0001:00008978       SysUtils.ConvertEraString
 0001:00009570       SysUtils.ConvertEraString
 0001:0000690C       SysUtils.ConvertError
 0001:00006924       SysUtils.ConvertErrorFmt
 0001:00008AF4       SysUtils.ConvertYearString
 0001:000096EC       SysUtils.ConvertYearString
 0001:0000BDC8       SysUtils.CountChars
 0001:0000B6C0       SysUtils.CreateAssertException
 0001:0000B848       SysUtils.CreateAVObject
 0001:0000B5F0       SysUtils.CreateInOutError
 0003:00000830       SysUtils.cSimpleBoolStrs
 0004:0000280C       SysUtils.CurrencyDecimals
 0004:00002808       SysUtils.CurrencyFormat
 0004:00002804       SysUtils.CurrencyString
 0001:00008814       SysUtils.CurrentYear
 0001:0000828C       SysUtils.CurrToStr
 0001:00006DFC       SysUtils.CvtInt
 0001:00006E68       SysUtils.CvtInt64
 0003:00000870       SysUtils.CWNear
 0004:0000280D       SysUtils.DateSeparator
 0001:0000A03C       SysUtils.DateTimeToString
 0001:000093C4       SysUtils.DateTimeToString
 0001:00008388       SysUtils.DateTimeToTimeStamp
 0001:000087EC       SysUtils.DayOfWeek
 0003:0000086C       SysUtils.DCon10
 0004:0000280B       SysUtils.DecimalSeparator
 0001:0000875C       SysUtils.DecodeDate
 0001:00008610       SysUtils.DecodeDateFully
 0001:0000847C       SysUtils.DecodeTime
 0003:00000900       SysUtils.DefLongDayNames
 0003:000008B4       SysUtils.DefLongMonthNames
 0003:000008E4       SysUtils.DefShortDayNames
 0003:00000884       SysUtils.DefShortMonthNames
 0001:000068F0       SysUtils.DivMod
 0001:0000BB70       SysUtils.DoneExceptions
 0001:0000B5C4       SysUtils.EHeapException.FreeInstance
 0003:000007B8       SysUtils.EmptyStr
 0003:000007BC       SysUtils.EmptyWideStr
 0001:000085E0       SysUtils.EncodeDate
 0001:0000843C       SysUtils.EncodeTime
 0001:0000AE24       SysUtils.EnumEraNames
 0001:0000AE60       SysUtils.EnumEraYearOffsets
 0004:000028D4       SysUtils.EraNames
 0001:0000A36C       SysUtils.EraToYear
 0004:000028F0       SysUtils.EraYearOffsets
 0001:0000B670       SysUtils.ErrorHandler
 0003:0000091C       SysUtils.ErrorMap
 0001:0000BADC       SysUtils.ExceptHandler
 0001:0000B438       SysUtils.Exception.Create
 0001:0000B474       SysUtils.Exception.CreateFmt
 0001:0000B4F4       SysUtils.Exception.CreateRes
 0001:0000B530       SysUtils.Exception.CreateResFmt
 0001:0000B1C4       SysUtils.ExceptionErrorMessage
 0003:00000954       SysUtils.ExceptMap
 0001:000072F4       SysUtils.ExistsLockedOrShared
 0001:0000749C       SysUtils.ExpandFileName
 0001:00007464       SysUtils.ExtractFileName
 0004:00002910       SysUtils.FalseBoolStrs
 0003:00000860       SysUtils.FCon1E18
 0001:00007334       SysUtils.FileExists
 0001:000071F4       SysUtils.FileOpen
 0001:0000724C       SysUtils.FileRead
 0001:000072A4       SysUtils.FileSeek
 0001:00007278       SysUtils.FileWrite
 0001:0000D4F8       SysUtils.Finalization
 0004:00004908       SysUtils.FLanguages
 0001:00007F1C       SysUtils.FloatToDecimal
 0001:0000825C       SysUtils.FloatToStr
 0001:00007C48       SysUtils.FloatToText
 0003:00000874       SysUtils.FMSecsPerDay
 0001:00007B28       SysUtils.FmtStr
 0003:00000880       SysUtils.Format
 0003:0000087C       SysUtils.Format
 0001:00007B14       SysUtils.Format
 0001:0000775C       SysUtils.FormatBuf
 0001:00007750       SysUtils.FormatClearStr
 0001:0000A09C       SysUtils.FormatDateTime
 0001:000076D4       SysUtils.FormatError
 0003:00000858       SysUtils.FormatErrorStrs
 0001:0000772C       SysUtils.FormatVarToStr
 0001:0000D1C4       SysUtils.FreeAndNil
 0001:0000CD08       SysUtils.FreeTerminateProcs
 0001:000088D4       SysUtils.GetCount
 0001:000094CC       SysUtils.GetCount
 0001:000094F8       SysUtils.GetDate
 0001:00008900       SysUtils.GetDate
 0001:0000A284       SysUtils.GetDateOrder
 0003:0000082C       SysUtils.GetDiskFreeSpaceEx
 0001:0000AED8       SysUtils.GetEraNamesAndYearOffsets
 0001:0000A318       SysUtils.GetEraYearOffset
 0001:0000B830       SysUtils.GetExceptionClass
 0001:0000BA14       SysUtils.GetExceptionObject
 0001:0000C250       SysUtils.GetFormatSettings
 0001:0000AB4C       SysUtils.GetLocaleChar
 0001:0000C5C8       SysUtils.GetLocaleFormatSettings
 0001:0000AD14       SysUtils.GetLocaleMonthDayNames
 0001:0000AB00       SysUtils.GetLocaleStr
 0001:0000CC1C       SysUtils.GetModuleName
 0001:0000ABB4       SysUtils.GetMonthDayNames
 0001:00009530       SysUtils.GetTime
 0001:00008938       SysUtils.GetTime
 0001:0000CADC       SysUtils.HashName
 0003:00000828       SysUtils.HexDisplayPrefix
 0003:00000878       SysUtils.IMSecsPerDay
 0001:0000CD2C       SysUtils.InitDriveSpacePtr
 0001:0000BAEC       SysUtils.InitExceptions
 0001:0000C130       SysUtils.InitLeadBytes
 0001:0000BC1C       SysUtils.InitPlatformId
 0001:0000C18C       SysUtils.InitSysLocale
 0001:0000CD94       SysUtils.InterlockedDecrement
 0001:0000CDA0       SysUtils.InterlockedExchange
 0001:0000CDA8       SysUtils.InterlockedExchangeAdd
 0001:0000CD88       SysUtils.InterlockedIncrement
 0001:00006F5C       SysUtils.IntToHex
 0001:00006E48       SysUtils.IntToStr
 0001:00006F34       SysUtils.IntToStr
 0004:0000291C       SysUtils.InvalidPointer
 0001:000084D8       SysUtils.IsLeapYear
 0001:0000737C       SysUtils.LastDelimiter
 0003:00000808       SysUtils.LeadBytes
 0004:000028D2       SysUtils.ListSeparator
 0001:0000AB78       SysUtils.LocalGetLocaleStr
 0001:0000ACD8       SysUtils.LocalGetLocaleStr
 0004:00002814       SysUtils.LongDateFormat
 0004:000028A8       SysUtils.LongDayNames
 0004:0000285C       SysUtils.LongMonthNames
 0004:00002828       SysUtils.LongTimeFormat
 0001:000069D0       SysUtils.LowerCase
 0001:0000B7B0       SysUtils.MapException
 0001:0000CB04       SysUtils.ModuleUnloaded
 0003:000007D8       SysUtils.MonthDays
 0004:00002809       SysUtils.NegCurrFormat
 0001:0000BFAC       SysUtils.NextCharIndex
 0004:00002918       SysUtils.OutOfMemory
 0001:00007C04       SysUtils.PutExponent
 0001:00006C88       SysUtils.QuotedStr
 0001:0000B76C       SysUtils.RaiseAssertException
 0001:0000CC60       SysUtils.RaiseLastOSError
 0001:0000CC54       SysUtils.RaiseLastOSError
 0001:0000B414       SysUtils.ReturnAddr
 0001:00006B5C       SysUtils.SameText
 0001:0000A0B8       SysUtils.ScanBlanks
 0001:0000A248       SysUtils.ScanChar
 0001:0000A3C8       SysUtils.ScanDate
 0001:0000A0DC       SysUtils.ScanNumber
 0001:0000A170       SysUtils.ScanString
 0001:0000A714       SysUtils.ScanTime
 0001:0000A2D0       SysUtils.ScanToNumber
 0003:00000844       SysUtils.ShareMode
 0004:00002810       SysUtils.ShortDateFormat
 0004:0000288C       SysUtils.ShortDayNames
 0004:0000282C       SysUtils.ShortMonthNames
 0004:00002824       SysUtils.ShortTimeFormat
 0001:0000B34C       SysUtils.ShowException
 0001:0000CC4C       SysUtils.Sleep
 0001:00007694       SysUtils.StrAlloc
 0001:0000BD24       SysUtils.StrByteType
 0001:0000BF4C       SysUtils.StrCharLength
 0001:0000757C       SysUtils.StrEnd
 0001:0000C92C       SysUtils.StringReplace
 0001:000075A0       SysUtils.StrLCopy
 0001:0000754C       SysUtils.StrLen
 0001:00007AD4       SysUtils.StrLFmt
 0001:000075D4       SysUtils.StrLIComp
 0001:00007590       SysUtils.StrMove
 0001:000076A8       SysUtils.StrNew
 0001:0000BF6C       SysUtils.StrNextChar
 0001:00007680       SysUtils.StrPas
 0001:0000762C       SysUtils.StrPos
 0001:00007618       SysUtils.StrScan
 0001:0000A90C       SysUtils.StrToDate
 0001:0000A9E4       SysUtils.StrToDateTime
 0001:000082BC       SysUtils.StrToFloat
 0001:00006F84       SysUtils.StrToInt
 0001:00006FC0       SysUtils.StrToIntDef
 0001:0000A978       SysUtils.StrToTime
 0001:0000D1D4       SysUtils.Supports
 0001:0000AAB4       SysUtils.SysErrorMessage
 0004:000028C4       SysUtils.SysLocale
 0001:0000877C       SysUtils.SystemTimeToDateTime
 0002:000000AC       SysUtils.SysUtils
 0003:00000A04       SysUtils.TerminateProcList
 0001:00008148       SysUtils.TextToFloat
 0004:0000280A       SysUtils.ThousandSeparator
 0004:0000281C       SysUtils.TimeAMString
 0004:00002820       SysUtils.TimePMString
 0004:00002818       SysUtils.TimeSeparator
 0001:0000D0EC       SysUtils.TMultiReadExclusiveWriteSynchronizer.BeginRead
 0001:0000CFF0       SysUtils.TMultiReadExclusiveWriteSynchronizer.BeginWrite
 0001:0000CFAC       SysUtils.TMultiReadExclusiveWriteSynchronizer.BlockReaders
 0001:0000CEF0       SysUtils.TMultiReadExclusiveWriteSynchronizer.Create
 0001:0000CF64       SysUtils.TMultiReadExclusiveWriteSynchronizer.Destroy
 0001:0000D15C       SysUtils.TMultiReadExclusiveWriteSynchronizer.EndRead
 0001:0000D09C       SysUtils.TMultiReadExclusiveWriteSynchronizer.EndWrite
 0001:0000CFC4       SysUtils.TMultiReadExclusiveWriteSynchronizer.UnblockOneWriter
 0001:0000CFB8       SysUtils.TMultiReadExclusiveWriteSynchronizer.UnblockReaders
 0001:0000CFD0       SysUtils.TMultiReadExclusiveWriteSynchronizer.WaitForReadSignal
 0001:0000CFE0       SysUtils.TMultiReadExclusiveWriteSynchronizer.WaitForWriteSignal
 0001:0000AF88       SysUtils.TranslateDateFormat
 0001:00006BFC       SysUtils.Trim
 0001:00006C50       SysUtils.TrimRight
 0004:0000290C       SysUtils.TrueBoolStrs
 0001:00008514       SysUtils.TryEncodeDate
 0001:000083CC       SysUtils.TryEncodeTime
 0001:0000710C       SysUtils.TryStrToBool
 0001:0000836C       SysUtils.TryStrToCurr
 0001:0000A940       SysUtils.TryStrToDate
 0001:0000AA18       SysUtils.TryStrToDateTime
 0001:000082F8       SysUtils.TryStrToFloat
 0001:00008340       SysUtils.TryStrToFloat
 0001:00008314       SysUtils.TryStrToFloat
 0001:00006FD8       SysUtils.TryStrToInt
 0001:0000A9AC       SysUtils.TryStrToTime
 0001:0000CE9C       SysUtils.TThreadLocalCounter.Delete
 0001:0000CDB0       SysUtils.TThreadLocalCounter.Destroy
 0001:0000CE08       SysUtils.TThreadLocalCounter.HashIndex
 0001:0000CE24       SysUtils.TThreadLocalCounter.Open
 0001:0000CEAC       SysUtils.TThreadLocalCounter.Recycle
 0003:000007D4       SysUtils.TwoDigitYearCenturyWindow
 0004:00003914       SysUtils.UnitHashBuckets
 0001:00006948       SysUtils.UpperCase
 0004:00002920       SysUtils.ValidatedUnitHashBuckets
 0001:00006FF8       SysUtils.VerifyBoolStrArray
 0003:000007CC       SysUtils.Win32BuildNumber
 0001:0000CCF8       SysUtils.Win32Check
 0003:000007D0       SysUtils.Win32CSDVersion
 0003:000007C4       SysUtils.Win32MajorVersion
 0003:000007C8       SysUtils.Win32MinorVersion
 0003:000007C0       SysUtils.Win32Platform
 0001:00043C34       TileStorage_DBMS.Finalization
 0002:000003C8       TileStorage_DBMS.TileStorage_DBMS
 0004:000049A8       TypInfo..6
 0003:00000A88       TypInfo.BooleanIdents
 0003:00000A90       TypInfo.DotSep
 0001:00010698       TypInfo.Finalization
 0002:000001F0       TypInfo.TypInfo
 0001:0001635C       t_DBMS_contenttype..TContentTypeList
 0001:000163CC       t_DBMS_contenttype.TContentTypeList.AddItem
 0001:00016440       t_DBMS_contenttype.TContentTypeList.Clear
 0001:0001647C       t_DBMS_contenttype.TContentTypeList.Create
 0001:000164BC       t_DBMS_contenttype.TContentTypeList.Destroy
 0001:000164EC       t_DBMS_contenttype.TContentTypeList.FindItemByAnsiContentTypeText
 0001:00016560       t_DBMS_contenttype.TContentTypeList.FindItemByAnsiValueInternal
 0001:000165C0       t_DBMS_contenttype.TContentTypeList.FindItemByIdContentType
 0001:00016678       t_DBMS_contenttype.TContentTypeList.FindItemByWideContentTypeText
 0001:00016704       t_DBMS_contenttype.TContentTypeList.SetCapacity
 0001:00016734       t_DBMS_service.TDBMS_Service_Info.CalcBackToTilePos
 0001:00016774       t_DBMS_service.TDBMS_Service_Info.XYMaskWidth
 0001:000167F0       t_DBMS_Template.TSQLTile.HXToTableNameChar
 0001:00016858       t_DBMS_Template.TSQLTile.HXYToTableNamePos
 0001:0001687C       t_DBMS_Template.TSQLTile.HYToTableNameChar
 0001:000168E4       t_DBMS_Template.TSQLTile.ZoomToTableNameChar
 0001:00015D94       t_DBMS_version..TVersionList
 0001:000162E0       t_DBMS_version.TVersionAA.Clear
 0001:00015E00       t_DBMS_version.TVersionList.AddItem
 0001:00015EF4       t_DBMS_version.TVersionList.Clear
 0001:00015F30       t_DBMS_version.TVersionList.Create
 0001:00015F70       t_DBMS_version.TVersionList.Destroy
 0001:00015FA0       t_DBMS_version.TVersionList.FindItemByAnsiValue
 0001:0001601C       t_DBMS_version.TVersionList.FindItemByAnsiValueInternal
 0001:00016090       t_DBMS_version.TVersionList.FindItemByIdVer
 0001:00016150       t_DBMS_version.TVersionList.FindItemByIdVerInternal
 0001:000161B8       t_DBMS_version.TVersionList.FindItemByVersion
 0001:0001622C       t_DBMS_version.TVersionList.FindItemByWideValue
 0001:000162BC       t_DBMS_version.TVersionList.GetItemByIndex
 0001:00015CD4       t_ETS_Path.TETS_Path_DelimPos.Get3Parts
 0001:00015AB0       t_ETS_Path.TETS_Path_Divided_W.ApplyFrom
 0001:00015C38       t_ETS_Path.TETS_Path_Divided_W.AsEndpoint
 0001:00015C78       t_ETS_Path.TETS_Path_Divided_W.Clear
 0001:00015C98       t_ETS_Path.TETS_Path_Divided_W.CopyFrom
 0001:00017810       t_ODBC_Buffer.OdbcAlloc
 0001:000178AC       t_ODBC_Buffer.OdbcFetchStmt
 0001:00017854       t_ODBC_Buffer.OdbcFreeBuffer
 0001:00017878       t_ODBC_Buffer.OdbcFreeColBuffer
 0001:00017904       t_ODBC_Buffer.OdbcNumericToInt
 0001:00017828       t_ODBC_Buffer.OdbcRealloc
 0001:0001795C       t_ODBC_Buffer.OdbcTryEncodeTimeStamp
 0001:00018EB4       t_ODBC_Buffer.TDescribeColData.IsLOB
 0001:00018F10       t_ODBC_Buffer.TDescribeColData.LOBDataType
 0001:000179D4       t_ODBC_Buffer.TOdbcFetchCols.Close
 0001:00017B54       t_ODBC_Buffer.TOdbcFetchCols.ColIndex
 0001:00017BD8       t_ODBC_Buffer.TOdbcFetchCols.ColToAnsiCharDef
 0001:00017CA4       t_ODBC_Buffer.TOdbcFetchCols.ColToAnsiString
 0001:00017DD4       t_ODBC_Buffer.TOdbcFetchCols.ColToDateTime
 0001:00018160       t_ODBC_Buffer.TOdbcFetchCols.ColToLongInt
 0001:0001837C       t_ODBC_Buffer.TOdbcFetchCols.ColToSmallInt
 0001:000185A8       t_ODBC_Buffer.TOdbcFetchCols.DescribeAndBind
 0001:00018A78       t_ODBC_Buffer.TOdbcFetchCols.FetchLOBs
 0001:00018C2C       t_ODBC_Buffer.TOdbcFetchCols.FetchRecord
 0001:00018C5C       t_ODBC_Buffer.TOdbcFetchCols.GetLOBBuffer
 0001:00018D64       t_ODBC_Buffer.TOdbcFetchCols.GetOptionalAnsiChar
 0001:00018D98       t_ODBC_Buffer.TOdbcFetchCols.GetOptionalLongInt
 0001:00018DC8       t_ODBC_Buffer.TOdbcFetchCols.GetOptionalSmallInt
 0001:00017A8C       t_ODBC_Buffer.TOdbcFetchCols.Init
 0001:00017AA8       t_ODBC_Buffer.TOdbcFetchCols.InternalColData
 0001:00017AD0       t_ODBC_Buffer.TOdbcFetchCols.InternalFreeColNames
 0001:00017B00       t_ODBC_Buffer.TOdbcFetchCols.InternalFreeLOBs
 0001:00018DF8       t_ODBC_Buffer.TOdbcFetchCols.IsNull
 0001:00018EA4       t_ODBC_Buffer.TOdbcFetchCols.WithColNames
 0001:00018EAC       t_ODBC_Buffer.TOdbcFetchCols.WithLOBs
 0001:00018F30       t_ODBC_Buffer.TOdbcFetchCols10.Init
 0001:00018F50       t_ODBC_Buffer.TOdbcFetchCols12.Init
 0001:00018FA8       t_ODBC_Buffer.TOdbcFetchCols2.Init
 0001:00018F8C       t_ODBC_Buffer.TOdbcFetchCols3.Init
 0001:00018F70       t_ODBC_Buffer.TOdbcFetchCols5.Init
 0001:00018FC4       t_ODBC_Buffer.TOdbcFetchCols7.Init
 0004:000049EC       t_ODBC_Connection..1
 0001:0001B420       t_ODBC_Connection.Finalization
 0004:000049F0       t_ODBC_Connection.gEnv
 0001:0001A658       t_ODBC_Connection.Load_DSN_Params_from_ODBC
 0001:0001A684       t_ODBC_Connection.TODBCConnection.CheckByteaAsLoOff
 0001:0001A7EC       t_ODBC_Connection.TODBCConnection.CheckDirectSQLSingleNotNull
 0001:0001A8A8       t_ODBC_Connection.TODBCConnection.CheckSQLResult
 0001:0001A8DC       t_ODBC_Connection.TODBCConnection.Connect
 0001:0001ABDC       t_ODBC_Connection.TODBCConnection.Connected
 0001:0001ABE4       t_ODBC_Connection.TODBCConnection.DisConnect
 0001:0001AC14       t_ODBC_Connection.TODBCConnection.ExecuteDirectSQL
 0001:0001ACBC       t_ODBC_Connection.TODBCConnection.ExecuteDirectWithBlob
 0001:0001ADC0       t_ODBC_Connection.TODBCConnection.GetDSN
 0001:0001ADE8       t_ODBC_Connection.TODBCConnection.GetHENV
 0001:0001ADF0       t_ODBC_Connection.TODBCConnection.GetPWD
 0001:0001AE18       t_ODBC_Connection.TODBCConnection.GetUID
 0001:0001AE40       t_ODBC_Connection.TODBCConnection.Init
 0001:0001AE94       t_ODBC_Connection.TODBCConnection.ODBCDriverInfoA
 0001:0001B000       t_ODBC_Connection.TODBCConnection.OpenDirectSQLFetchCols
 0001:0001B0EC       t_ODBC_Connection.TODBCConnection.SetDSN
 0001:0001B10C       t_ODBC_Connection.TODBCConnection.SetPWD
 0001:0001B12C       t_ODBC_Connection.TODBCConnection.SetUID
 0001:0001B14C       t_ODBC_Connection.TODBCConnection.TableExistsDirect
 0001:0001B1E0       t_ODBC_Connection.TODBCConnection.Uninit
 0001:0001B1F8       t_ODBC_Connection.TOdbcEnvironment.Close
 0001:0001B214       t_ODBC_Connection.TOdbcEnvironment.FindDSN
 0001:0001B314       t_ODBC_Connection.TOdbcEnvironment.Init
 0001:0001B328       t_ODBC_Connection.TOdbcEnvironment.Load
 0002:000002E4       t_ODBC_Connection.t_ODBC_Connection
 0001:00017290       t_ODBC_Exception..EODBCAllocateEnvironment
 0001:00016DCC       t_ODBC_Exception..EODBCBindColError
 0001:00016A50       t_ODBC_Exception..EODBCConnectionError
 0001:0001708C       t_ODBC_Exception..EODBCConvertDateTimeError
 0001:00016EF0       t_ODBC_Exception..EODBCConvertError
 0001:00016F50       t_ODBC_Exception..EODBCConvertFromDateError
 0001:00016FB8       t_ODBC_Exception..EODBCConvertFromTimeError
 0001:00017020       t_ODBC_Exception..EODBCConvertFromTimeStampError
 0001:000171C4       t_ODBC_Exception..EODBCConvertLOBError
 0001:000170F4       t_ODBC_Exception..EODBCConvertLongintError
 0001:0001715C       t_ODBC_Exception..EODBCConvertSmallintError
 0001:00016D68       t_ODBC_Exception..EODBCDescribeColError
 0001:00016C9C       t_ODBC_Exception..EODBCDirectExecBlobError
 0001:00016C38       t_ODBC_Exception..EODBCDirectExecError
 0001:00016AB4       t_ODBC_Exception..EODBCEnvironmentError
 0001:000169F4       t_ODBC_Exception..EODBCException
 0001:00016BD8       t_ODBC_Exception..EODBCFetchStmtError
 0001:00016E2C       t_ODBC_Exception..EODBCGetDataLOBError
 0001:00016D04       t_ODBC_Exception..EODBCNumResultColsError
 0001:00016B78       t_ODBC_Exception..EODBCOpenFetchError
 0001:00016E90       t_ODBC_Exception..EODBCSimpleError
 0001:00016B18       t_ODBC_Exception..EODBCStatementError
 0001:00017228       t_ODBC_Exception..EODBCUnknownDataTypeError
 0001:000172F8       t_ODBC_Exception.CheckStatementResult
 0001:00017678       t_ODBC_Exception.EODBCException.CreateWithDiag
 0001:000174CC       t_ODBC_Exception.MakeODBCInfoMessage
 0001:00017328       t_ODBC_Exception.tError
 0004:000049E0       t_SQL_types..32
 0003:00000EBC       t_SQL_types.c_ODBC_SQLSTATE_ConnectionIsDead_1
 0003:00000EE8       t_SQL_types.c_ODBC_SQLSTATE_ConnectionIsDead_2
 0003:00000F14       t_SQL_types.c_ODBC_SQLSTATE_DataTruncation
 0003:00000E64       t_SQL_types.c_ODBC_SQLSTATE_NoSpaceAvailable_1
 0003:00000E90       t_SQL_types.c_ODBC_SQLSTATE_NoSpaceAvailable_2
 0003:00000E38       t_SQL_types.c_ODBC_SQLSTATE_PrimaryKeyViolation
 0003:00000F6C       t_SQL_types.c_ODBC_SQLSTATE_ReadOnlyConnection
 0003:00000DE0       t_SQL_types.c_ODBC_SQLSTATE_TableNotEists_1
 0003:00000E0C       t_SQL_types.c_ODBC_SQLSTATE_TableNotEists_2
 0003:00000F40       t_SQL_types.c_ODBC_SQLSTATE_UnsynchronizedStatements
 0003:00000D88       t_SQL_types.c_SQL_DateTimeForEmptyVersion
 0003:00000B70       t_SQL_types.c_SQL_DateTime_FieldName
 0003:00000B44       t_SQL_types.c_SQL_DateTime_FunctionName
 0003:00000B9C       t_SQL_types.c_SQL_DateTime_Literal_Prefix
 0003:00000D0C       t_SQL_types.c_SQL_DUAL_Create
 0003:00000BC8       t_SQL_types.c_SQL_Empty_Version_Denied
 0003:00000B18       t_SQL_types.c_SQL_Engine_Name
 0003:00000D38       t_SQL_types.c_SQL_ENUM_SVC_Tables
 0003:00000CBC       t_SQL_types.c_SQL_FROM
 0003:00000C84       t_SQL_types.c_SQL_INT1_FieldName
 0003:00000C58       t_SQL_types.c_SQL_INT2_FieldName
 0003:00000C2C       t_SQL_types.c_SQL_INT3_FieldName
 0003:00000C00       t_SQL_types.c_SQL_INT4_FieldName
 0003:00000BD4       t_SQL_types.c_SQL_INT8_FieldName
 0003:00000CB0       t_SQL_types.c_SQL_INT_With_Size
 0003:00000D00       t_SQL_types.c_SQL_ProcedureNew_Mode
 0003:00000D64       t_SQL_types.c_SQL_QuotedIdentifierForcedForTiles
 0003:00000D70       t_SQL_types.c_SQL_QuotedIdentifierValue
 0003:00000CE8       t_SQL_types.c_SQL_RowCount1_Mode
 0003:00000CF4       t_SQL_types.c_SQL_UpsertMode
 0001:0001586C       t_SQL_types.Finalization
 0001:00015474       t_SQL_types.GetEngineTypeByODBCDescription
 0001:000157C4       t_SQL_types.GetEngineTypeUsingSelectFromDualException
 0001:000157C0       t_SQL_types.GetEngineTypeUsingSelectVersionException
 0001:000156E4       t_SQL_types.GetEngineTypeUsingSQL_Version_Upper
 0001:000157C8       t_SQL_types.OdbcEceptionStartsWith
 0001:00015818       t_SQL_types.StandardExceptionType
 0002:0000028C       t_SQL_types.t_SQL_types
 0001:0001BEF8       t_TSS.TTSS_Info.ApplyDefinition
 0001:0001BFCC       t_TSS.TTSS_Info.Clear
 0001:0001BFE8       t_TSS.TTSS_Info.TileInSection
 0001:0001C050       t_TSS.TTSS_Primary_Params.ApplyAlgorithmValue
 0001:0001C0AC       t_TSS.TTSS_Primary_Params.ApplyLinkValue
 0001:0001C140       t_TSS.TTSS_Primary_Params.UseSingleConn
 0001:00021EB0       u_7zHolder..T7zHolder
 0001:00021F28       u_7zHolder.T7zHolder.CheckIfInitOrFailed
 0001:00021F34       u_7zHolder.T7zHolder.Create
 0001:00021F78       u_7zHolder.T7zHolder.CreateCompressor
 0001:00021F9C       u_7zHolder.T7zHolder.CreateDecompressor
 0001:00021FC0       u_7zHolder.T7zHolder.Destroy
 0001:00021FF4       u_7zHolder.T7zHolder.InternalLoad7z
 0001:00022074       u_7zHolder.T7zHolder.InternalUnload7z
 0004:0000638C       u_CompressBinaryData..1
 0001:00032F04       u_CompressBinaryData..TPointerMemoryStream
 0001:00032FE4       u_CompressBinaryData.Check7zHeader
 0001:00032FC8       u_CompressBinaryData.CheckGZHeader
 0001:00032FC0       u_CompressBinaryData.CheckZLibHeader
 0001:00032F9C       u_CompressBinaryData.EnsureMemStream
 0001:0003364C       u_CompressBinaryData.Finalization
 0004:00006390       u_CompressBinaryData.G7zHolder
 0001:00033080       u_CompressBinaryData.GZRawCompress2Stream
 0001:00033090       u_CompressBinaryData.GZRawDecompress2Stream
 0001:00032FFC       u_CompressBinaryData.GZRawInternal
 0001:00033298       u_CompressBinaryData.RawCompress2BinaryData
 0001:0003342C       u_CompressBinaryData.RawDecompress2BinaryData
 0001:00032F84       u_CompressBinaryData.Set7zHolder
 0001:000330A0       u_CompressBinaryData.SevenZipRawCompress2Stream
 0001:0003319C       u_CompressBinaryData.SevenZipRawDecompress2Stream
 0001:00033618       u_CompressBinaryData.TCompressTileRec.Cleanup
 0001:00033614       u_CompressBinaryData.TPointerMemoryStream.Write
 0002:0000035C       u_CompressBinaryData.u_CompressBinaryData
 0003:00004ED4       u_CompressBinaryData.ZCompressTileRec
 0001:0001E858       u_DBMS_Connect.FreeDBMSConnection
 0001:0001E828       u_DBMS_Connect.GetConnectionByPath
 0001:0001E880       u_DBMS_Connect.TDBMS_Connection.AllowSavePassword
 0001:0001E888       u_DBMS_Connect.TDBMS_Connection.ApplyConnectionParams
 0001:0001EDA4       u_DBMS_Connect.TDBMS_Connection.ApplyCredentialsFormParams
 0001:0001EEB4       u_DBMS_Connect.TDBMS_Connection.ApplyParamsFromINI
 0001:0001EF94       u_DBMS_Connect.TDBMS_Connection.ApplySystemDSNtoConnection
 0001:0001F020       u_DBMS_Connect.TDBMS_Connection.calc_exclusive_mode
 0001:0001F038       u_DBMS_Connect.TDBMS_Connection.EnsureConnected
 0001:0001F180       u_DBMS_Connect.TDBMS_Connection.ForcedSchemaPrefix
 0001:0001F198       u_DBMS_Connect.TDBMS_Connection.FullSyncronizeSQL
 0001:0001F274       u_DBMS_Connect.TDBMS_Connection.GetCheckedEngineType
 0001:0001F280       u_DBMS_Connect.TDBMS_Connection.GetConnectionErrorMessage
 0001:0001F298       u_DBMS_Connect.TDBMS_Connection.GetEngineType
 0001:0001F46C       u_DBMS_Connect.TDBMS_Connection.GetEngineTypeUsingSQL
 0001:0001F1AC       u_DBMS_Connect.TDBMS_Connection.GetInternalParameter
 0001:0001F21C       u_DBMS_Connect.TDBMS_Connection.GetSelectRowCount1Mode
 0001:0001F248       u_DBMS_Connect.TDBMS_Connection.GetUpsertMode
 0001:0001F988       u_DBMS_Connect.TDBMS_Connection.Init
 0001:0001F9DC       u_DBMS_Connect.TDBMS_Connection.IsInternalParameter
 0001:0001F9F8       u_DBMS_Connect.TDBMS_Connection.IsTSSParameter
 0001:0001FA3C       u_DBMS_Connect.TDBMS_Connection.KeepAuthenticationInfo
 0001:0001FA40       u_DBMS_Connect.TDBMS_Connection.NeedReconnect
 0001:0001FA48       u_DBMS_Connect.TDBMS_Connection.OpenDirectSQLFetchCols
 0001:0001FA54       u_DBMS_Connect.TDBMS_Connection.PasswordStorage_ApplyStored
 0001:0001FAC0       u_DBMS_Connect.TDBMS_Connection.PasswordStorage_ReadParams
 0001:0001FC7C       u_DBMS_Connect.TDBMS_Connection.PasswordStorage_SaveParams
 0001:0001FDE0       u_DBMS_Connect.TDBMS_Connection.ProcessTSSParameter
 0001:00020268       u_DBMS_Connect.TDBMS_Connection.ResetConnectionError
 0001:0001E9E8       u_DBMS_Connect.TDBMS_Connection.SaveInternalParameter
 0001:0001EC7C       u_DBMS_Connect.TDBMS_Connection.Uninit
 0001:0001F360       u_DBMS_Connect._CheckSqlFromClause
 0004:00006398       u_DBMS_Provider..2
 0001:000368D4       u_DBMS_Provider..TDBMS_Provider
 0003:00004F68       u_DBMS_Provider.c_DualMerge_Ins
 0003:00004F5C       u_DBMS_Provider.c_DualMerge_Sel
 0003:00004F80       u_DBMS_Provider.c_DualMerge_Upd
 0003:00004F74       u_DBMS_Provider.c_DualMerge_Val
 0003:00004F38       u_DBMS_Provider.c_InsertOnDupUpdate_Ins
 0003:00004F44       u_DBMS_Provider.c_InsertOnDupUpdate_Sel
 0003:00004F50       u_DBMS_Provider.c_InsertOnDupUpdate_Upd
 0003:00004FBC       u_DBMS_Provider.c_Insert_Ins
 0003:00004FC8       u_DBMS_Provider.c_Insert_Val
 0003:00004F98       u_DBMS_Provider.c_Merge_Ins
 0003:00004F8C       u_DBMS_Provider.c_Merge_Sel
 0003:00004FB0       u_DBMS_Provider.c_Merge_Upd
 0003:00004FA4       u_DBMS_Provider.c_Merge_Val
 0003:00004FD4       u_DBMS_Provider.c_Update_Upd
 0001:000433EC       u_DBMS_Provider.Finalization
 0001:00036B24       u_DBMS_Provider.TDBMS_Provider.AddVersionOrderBy
 0001:00036D48       u_DBMS_Provider.TDBMS_Provider.AutoCreateServiceRecord
 0001:00036E1C       u_DBMS_Provider.TDBMS_Provider.AutoCreateServiceVersion
 0001:00037098       u_DBMS_Provider.TDBMS_Provider.CheckSecondaryConnections
 0001:000370D0       u_DBMS_Provider.TDBMS_Provider.CheckTileInCommonTiles
 0001:000370E0       u_DBMS_Provider.TDBMS_Provider.ChooseConnection
 0001:00037154       u_DBMS_Provider.TDBMS_Provider.ClearUnknownExceptions
 0001:000371AC       u_DBMS_Provider.TDBMS_Provider.Create
 0001:000372FC       u_DBMS_Provider.TDBMS_Provider.CreateAllBaseTablesFromScript
 0001:000373C4       u_DBMS_Provider.TDBMS_Provider.CreateTableByTemplate
 0001:00037E00       u_DBMS_Provider.TDBMS_Provider.DBMS_Complete
 0001:00037E20       u_DBMS_Provider.TDBMS_Provider.DBMS_DeleteTile
 0001:00037F94       u_DBMS_Provider.TDBMS_Provider.DBMS_EnumTileVersions
 0001:0003A30C       u_DBMS_Provider.TDBMS_Provider.DBMS_ExecOption
 0001:0003BC24       u_DBMS_Provider.TDBMS_Provider.DBMS_GetTileRectInfo
 0001:0003BFF8       u_DBMS_Provider.TDBMS_Provider.DBMS_InsertTile
 0001:0003C478       u_DBMS_Provider.TDBMS_Provider.DBMS_MakeTileEnum
 0001:0003C58C       u_DBMS_Provider.TDBMS_Provider.DBMS_SelectTile
 0001:0003CC4C       u_DBMS_Provider.TDBMS_Provider.DBMS_SetInformation
 0001:0003CD70       u_DBMS_Provider.TDBMS_Provider.DBMS_SetTileVersion
 0001:0003CFA4       u_DBMS_Provider.TDBMS_Provider.Destroy
 0001:0003D0AC       u_DBMS_Provider.TDBMS_Provider.DoBeginWork
 0001:0003D0F8       u_DBMS_Provider.TDBMS_Provider.DoEndWork
 0001:0003D114       u_DBMS_Provider.TDBMS_Provider.DoOnDeadConnection
 0001:0003D138       u_DBMS_Provider.TDBMS_Provider.DoResetConnectionError
 0001:0003D168       u_DBMS_Provider.TDBMS_Provider.FillTableNamesForTiles
 0001:0003D2FC       u_DBMS_Provider.TDBMS_Provider.GetContentTypeAnsiPointer
 0001:0003D3D8       u_DBMS_Provider.TDBMS_Provider.GetContentTypeWideString
 0001:0003D4B8       u_DBMS_Provider.TDBMS_Provider.GetGuidesConnection
 0001:0003D4BC       u_DBMS_Provider.TDBMS_Provider.GetMaxNextVersionInts
 0001:0003D6E0       u_DBMS_Provider.TDBMS_Provider.GetNewIdService
 0001:0003D81C       u_DBMS_Provider.TDBMS_Provider.GetSQLIntName_Div
 0001:0003DB84       u_DBMS_Provider.TDBMS_Provider.GetSQL_AddIntWhereClause
 0001:0003DD0C       u_DBMS_Provider.TDBMS_Provider.GetSQL_CheckPrevVersion
 0001:0003E1D8       u_DBMS_Provider.TDBMS_Provider.GetSQL_DeleteTile
 0001:0003E3AC       u_DBMS_Provider.TDBMS_Provider.GetSQL_EnumTileVersions
 0001:0003E550       u_DBMS_Provider.TDBMS_Provider.GetSQL_GetTileRectInfo
 0001:0003E7F8       u_DBMS_Provider.TDBMS_Provider.GetSQL_InsertIntoService
 0001:0003EC3C       u_DBMS_Provider.TDBMS_Provider.GetSQL_InsertUpdateTile
 0001:0003F9E0       u_DBMS_Provider.TDBMS_Provider.GetSQL_SelectTile
 0001:0003FAC0       u_DBMS_Provider.TDBMS_Provider.GetSQL_SelectTilesInternal
 0001:00040158       u_DBMS_Provider.TDBMS_Provider.GetSQL_SetTileVersion
 0001:00042074       u_DBMS_Provider.TDBMS_Provider.GetStatementExceptionType
 0001:000422C8       u_DBMS_Provider.TDBMS_Provider.GetUndefinedConnection
 0001:000422CC       u_DBMS_Provider.TDBMS_Provider.GetUnknownExceptions
 0001:00040438       u_DBMS_Provider.TDBMS_Provider.GetVersionAnsiPointer
 0001:00040514       u_DBMS_Provider.TDBMS_Provider.GetVersionWideString
 0001:000405F4       u_DBMS_Provider.TDBMS_Provider.GuidesBeginWork
 0001:00040610       u_DBMS_Provider.TDBMS_Provider.GuidesEndWork
 0001:0004062C       u_DBMS_Provider.TDBMS_Provider.HasUnknownExceptions
 0001:000406A0       u_DBMS_Provider.TDBMS_Provider.InternalCalcSQLTile
 0001:00040710       u_DBMS_Provider.TDBMS_Provider.InternalDivideXY
 0001:0004076C       u_DBMS_Provider.TDBMS_Provider.InternalGetContentTypeAnsiValues
 0001:000407D0       u_DBMS_Provider.TDBMS_Provider.InternalGetServiceNameByDB
 0001:000407E8       u_DBMS_Provider.TDBMS_Provider.InternalGetServiceNameByHost
 0001:00040800       u_DBMS_Provider.TDBMS_Provider.InternalGetVersionAnsiValues
 0001:00040864       u_DBMS_Provider.TDBMS_Provider.InternalProv_Cleanup
 0001:0004088C       u_DBMS_Provider.TDBMS_Provider.InternalProv_ClearGuides
 0001:000408A8       u_DBMS_Provider.TDBMS_Provider.InternalProv_ClearServiceInfo
 0001:000408F4       u_DBMS_Provider.TDBMS_Provider.InternalProv_Connect
 0001:00040A9C       u_DBMS_Provider.TDBMS_Provider.InternalProv_Disconnect
 0001:00040AB4       u_DBMS_Provider.TDBMS_Provider.InternalProv_ReadServiceInfo
 0001:000410F4       u_DBMS_Provider.TDBMS_Provider.InternalProv_SetStorageIdentifier
 0001:00041214       u_DBMS_Provider.TDBMS_Provider.IsUninitialized
 0001:0004121C       u_DBMS_Provider.TDBMS_Provider.MakeEmptyVersionInDB
 0001:00041330       u_DBMS_Provider.TDBMS_Provider.MakePtrVersionInDB
 0001:00041668       u_DBMS_Provider.TDBMS_Provider.MakeVersionByFormParams
 0001:00041AD8       u_DBMS_Provider.TDBMS_Provider.ParseMakeVersionSource
 0001:00041E20       u_DBMS_Provider.TDBMS_Provider.ParseVersionSource
 0001:00041FD8       u_DBMS_Provider.TDBMS_Provider.ParseVerValueToVerNumber
 0001:0004233C       u_DBMS_Provider.TDBMS_Provider.ReadContentTypesFromDB
 0001:00042578       u_DBMS_Provider.TDBMS_Provider.ReadVersionsFromDB
 0001:00042828       u_DBMS_Provider.TDBMS_Provider.SaveUnknownException
 0001:000428D0       u_DBMS_Provider.TDBMS_Provider.SQLDateTimeToDBValue
 0001:000429F8       u_DBMS_Provider.TDBMS_Provider.SQLDateTimeToVersionValue
 0001:00042A3C       u_DBMS_Provider.TDBMS_Provider.SwitchHostToVersion
 0001:00042A84       u_DBMS_Provider.TDBMS_Provider.TryToObtainVerByTile
 0001:00042BA0       u_DBMS_Provider.TDBMS_Provider.Uninitialize
 0001:00042BA8       u_DBMS_Provider.TDBMS_Provider.UpdateServiceVerComp
 0001:00042D4C       u_DBMS_Provider.TDBMS_Provider.UpdateTileLoadMode
 0001:00042F40       u_DBMS_Provider.TDBMS_Provider.UpdateTileSaveMode
 0001:00043134       u_DBMS_Provider.TDBMS_Provider.UpdateVerByTileMode
 0001:000432D0       u_DBMS_Provider.TDBMS_Provider.UseSectionByTableXY
 0001:000432DC       u_DBMS_Provider.TDBMS_Provider.UseSectionByTileXY
 0001:000432E8       u_DBMS_Provider.TDBMS_Provider.VersionExistsInDBWithIdVer
 0002:000003A0       u_DBMS_Provider.u_DBMS_Provider
 0001:00039DE0       u_DBMS_Provider._AddFormWithPreparedMakeVersion
 0001:00038FD8       u_DBMS_Provider._AddHtmlLabelCheckbox
 0001:00038D48       u_DBMS_Provider._AddListOfVersions
 0001:000389D0       u_DBMS_Provider._AddPreamble
 0001:00038408       u_DBMS_Provider._AddReturnFooter
 0001:00038670       u_DBMS_Provider._AddTable3ColHeader
 0001:000385E8       u_DBMS_Provider._AddTileLoadModeLine
 0001:00038468       u_DBMS_Provider._AddTileLoadSaveModeLine
 0001:0003862C       u_DBMS_Provider._AddTileSaveModeLine
 0001:000387C8       u_DBMS_Provider._AddVerByTileItem
 0001:000386E0       u_DBMS_Provider._AddVerCompItem
 0001:00036ABC       u_DBMS_Provider._AddWithFieldValue
 0001:0003697C       u_DBMS_Provider._AddWithoutFieldValue
 0001:00038FB4       u_DBMS_Provider._AllowSavePassword
 0001:00041B80       u_DBMS_Provider._AllowSaveQualifierValue
 0001:000390C4       u_DBMS_Provider._CalcSQLTileFromForm
 0001:000415EC       u_DBMS_Provider._DecodedValue
 0001:00038944       u_DBMS_Provider._ExtractPart
 0001:00041F08       u_DBMS_Provider._ExtractTailByte
 0001:00037354       u_DBMS_Provider._GetTxtSQL
 0001:00039CD4       u_DBMS_Provider._GetUrlForRequestType
 0001:00041C68       u_DBMS_Provider._ParseExtractedValue
 0001:000393B4       u_DBMS_Provider._ParseFormValues
 0001:00038CE0       u_DBMS_Provider._ReloadVersions
 0001:00038914       u_DBMS_Provider._TrimLeftDelims
 0001:00035E1C       u_DBMS_Template..TSQLScriptParser_SQL
 0001:00035F70       u_DBMS_Template.TSQLScriptParser_SQL.Create
 0001:00036068       u_DBMS_Template.TSQLScriptParser_SQL.Destroy
[...]
  3935 0001:0003ECB5  3936 0001:0003ECB9  3938 0001:0003ECBE  3942 0001:0003ECCC
  3944 0001:0003ECD2  3950 0001:0003ECE2  3956 0001:0003ECF0  3960 0001:0003ECF4
  3963 0001:0003ED02  3964 0001:0003ED06  3965 0001:0003ED0A  3968 0001:0003ED0F
  3971 0001:0003ED13  3973 0001:0003ED19  3979 0001:0003ED2C  3986 0001:0003ED3D
  3987 0001:0003ED44  3995 0001:0003ED63  3999 0001:0003ED6D  4001 0001:0003ED73
  4009 0001:0003ED92  4013 0001:0003ED9C  4014 0001:0003EDA2  4015 0001:0003EDA6
  4019 0001:0003EDAB  4021 0001:0003EDB6  4023 0001:0003EDCF  4025 0001:0003EDD5
  4026 0001:0003EDD7  4029 0001:0003EDDE  4036 0001:0003EDEF  4041 0001:0003EDFB
  4042 0001:0003EE03  4044 0001:0003EE07  4047 0001:0003EE0F  4050 0001:0003EE15
  4052 0001:0003EE20  4054 0001:0003EE28  4056 0001:0003EE30  4059 0001:0003EE32
  4060 0001:0003EE36  4062 0001:0003EE3B  4065 0001:0003EE3D  4067 0001:0003EE45
  4072 0001:0003EE5E  4073 0001:0003EE73  4074 0001:0003EE8B  4076 0001:0003EE9D
  4079 0001:0003EEB7  4100 0001:0003F01A  4102 0001:0003F022  4106 0001:0003F032
  4113 0001:0003F03F  4136 0001:0003F1ED  4141 0001:0003F1FA  4155 0001:0003F31F
  4160 0001:0003F32C  4163 0001:0003F350  4170 0001:0003F3EE  4172 0001:0003F3F8
  4173 0001:0003F40A  4174 0001:0003F42A  4176 0001:0003F44E  4180 0001:0003F4A2
  4184 0001:0003F4BE  4189 0001:0003F4F1  4198 0001:0003F59E  4200 0001:0003F5A4
  4206 0001:0003F5F6  4207 0001:0003F5FA  4216 0001:0003F9E0  4218 0001:0003FA11
  4229 0001:0003FA6E  4245 0001:0003FAC0  4246 0001:0003FB29  4249 0001:0003FB2D
  4250 0001:0003FB3A  4251 0001:0003FB4D  4252 0001:0003FB58  4254 0001:0003FB60
  4256 0001:0003FB64  4261 0001:0003FB71  4263 0001:0003FB77  4264 0001:0003FB84
  4265 0001:0003FB8C  4269 0001:0003FB9B  4270 0001:0003FBA8  4271 0001:0003FBB0
  4274 0001:0003FBBD  4280 0001:0003FBE4  4282 0001:0003FBEC  4288 0001:0003FBFF
  4296 0001:0003FC10  4297 0001:0003FC16  4298 0001:0003FC1A  4301 0001:0003FC1F
  4304 0001:0003FC28  4306 0001:0003FC38  4308 0001:0003FC46  4311 0001:0003FC5E
  4315 0001:0003FC86  4317 0001:0003FC97  4318 0001:0003FCAA  4320 0001:0003FCB7
  4322 0001:0003FCE0  4324 0001:0003FCE5  4327 0001:0003FD26  4334 0001:0003FD49
  4335 0001:0003FD59  4336 0001:0003FD80  4339 0001:0003FD92  4342 0001:0003FDA2
  4344 0001:0003FDA6  4346 0001:0003FDD5  4349 0001:0003FDE7  4352 0001:0003FDF9
  4355 0001:0003FE08  4358 0001:0003FE17  4364 0001:0003FE24  4368 0001:0003FE65
  4381 0001:00040158  4383 0001:000401C8  4385 0001:000401CE  4391 0001:000401E1
  4398 0001:000401F2  4399 0001:000401F8  4400 0001:000401FC  4404 0001:00040201
  4406 0001:00040207  4412 0001:0004021A  4418 0001:0004022B  4420 0001:00040231
  4421 0001:00040240  4422 0001:00040246  4423 0001:0004024C  4431 0001:0004026B
  4435 0001:00040275  4436 0001:0004027B  4437 0001:0004027F  4441 0001:00040284
  4443 0001:0004028E  4444 0001:00040292  4448 0001:00040297  4455 0001:00040308
  4457 0001:0004030E  4460 0001:00040318  4466 0001:00040375  4467 0001:00040379
  4476 0001:00040438  4477 0001:0004045C  4478 0001:00040468  4479 0001:00040476
  4480 0001:0004049B  4482 0001:000404AF  4486 0001:000404C3  4488 0001:000404C9
  4491 0001:000404D3  4493 0001:000404E7  4502 0001:00040514  4503 0001:00040538
  4504 0001:00040544  4505 0001:00040552  4507 0001:00040575  4508 0001:00040580
  4511 0001:00040594  4515 0001:000405A8  4517 0001:000405AE  4520 0001:000405B8
  4522 0001:000405CD  4525 0001:000405F4  4526 0001:000405F7  4527 0001:000405FB
  4529 0001:00040605  4530 0001:0004060D  4533 0001:00040610  4534 0001:00040613
  4535 0001:00040617  4537 0001:00040621  4538 0001:00040629  4541 0001:0004062C
  4542 0001:00040636  4543 0001:00040644  4544 0001:00040652  4546 0001:00040680
  4548 0001:00040696  4556 0001:000406A0  4557 0001:000406AC  4558 0001:000406B4
  4559 0001:000406BC  4560 0001:000406BE  4564 0001:000406C0  4565 0001:000406CB
  4569 0001:000406E2  4572 0001:000406E8  4575 0001:000406F3  4577 0001:00040704
  4578 0001:00040706  4587 0001:00040710  4588 0001:0004071A  4590 0001:00040722
  4592 0001:00040726  4593 0001:0004072B  4594 0001:00040730  4597 0001:0004073D
  4598 0001:00040747  4599 0001:00040750  4600 0001:0004075A  4601 0001:00040761
  4603 0001:00040767  4612 0001:0004076C  4614 0001:00040784  4620 0001:0004079A
  4622 0001:0004079E  4626 0001:000407A4  4629 0001:000407B2  4635 0001:000407C8
  4638 0001:000407D0  4639 0001:000407D9  4640 0001:000407E3  4643 0001:000407E8
  4644 0001:000407F1  4645 0001:000407FB  4654 0001:00040800  4656 0001:00040818
  4657 0001:0004082E  4659 0001:00040832  4663 0001:00040838  4665 0001:00040846
  4667 0001:0004085C  4670 0001:00040864  4671 0001:0004086A  4672 0001:00040879
  4673 0001:00040881  4674 0001:00040888  4677 0001:0004088C  4678 0001:00040892
  4679 0001:0004089A  4680 0001:000408A2  4683 0001:000408A8  4684 0001:000408AE
  4685 0001:000408B2  4686 0001:000408BA  4687 0001:000408BD  4688 0001:000408C2
  4689 0001:000408C8  4690 0001:000408CC  4691 0001:000408D0  4692 0001:000408D4
  4694 0001:000408D8  4695 0001:000408DE  4696 0001:000408E4  4697 0001:000408EA
  4699 0001:000408F0  4708 0001:000408F4  4709 0001:00040906  4710 0001:0004090F
  4713 0001:00040911  4715 0001:0004091F  4716 0001:0004092B  4719 0001:0004092F
  4724 0001:00040934  4726 0001:0004093D  4728 0001:00040943  4729 0001:00040956
  4730 0001:0004095A  4731 0001:0004095C  4733 0001:00040961  4736 0001:0004096B
  4737 0001:0004096D  4742 0001:00040972  4744 0001:0004097F  4745 0001:00040985
  4746 0001:00040987  4750 0001:0004098C  4753 0001:000409A1  4757 0001:000409A9
  4758 0001:000409BB  4762 0001:000409C3  4763 0001:000409D0  4767 0001:000409E2
  4769 0001:000409F4  4770 0001:00040A02  4772 0001:00040A0F  4773 0001:00040A29
  4775 0001:00040A3E  4778 0001:00040A5F  4782 0001:00040A64  4789 0001:00040A7B
  4794 0001:00040A7F  4795 0001:00040A93  4798 0001:00040A9C  4800 0001:00040A9F
  4801 0001:00040AA4  4802 0001:00040AA9  4803 0001:00040AB1  4813 0001:00040AB4
  4814 0001:00040B02  4818 0001:00040B17  4822 0001:00040B69  4823 0001:00040B74
  4824 0001:00040B82  4825 0001:00040B84  4826 0001:00040B92  4828 0001:00040BC1
  4831 0001:00040BDB  4833 0001:00040BEE  4834 0001:00040BF9  4837 0001:00040C03
  4843 0001:00040C09  4845 0001:00040C14  4847 0001:00040C25  4848 0001:00040C33
  4850 0001:00040C56  4858 0001:00040C5B  4860 0001:00040C6C  4861 0001:00040C77
  4862 0001:00040C7E  4866 0001:00040C88  4868 0001:00040C9B  4871 0001:00040CA6
  4874 0001:00040CC4  4875 0001:00040CCD  4876 0001:00040CD8  4880 0001:00040CE2
  4881 0001:00040CF0  4883 0001:00040D13  4886 0001:00040D18  4888 0001:00040D27
  4889 0001:00040D32  4890 0001:00040D39  4896 0001:00040D43  4897 0001:00040D69
  4898 0001:00040D96  4899 0001:00040DBC  4900 0001:00040DE4  4901 0001:00040E0C
  4902 0001:00040E34  4905 0001:00040E5C  4909 0001:00040E66  4910 0001:00040E80
  4911 0001:00040E9A  4912 0001:00040EB4  4916 0001:00040ECE  4918 0001:00040EDB
  4919 0001:00040EE8  4920 0001:00040EF5  4921 0001:00040F02  4923 0001:00040F0F
  4924 0001:00040F1C  4925 0001:00040F29  4928 0001:00040F37  4930 0001:00040F4B
  4932 0001:00040F5E  4941 0001:000410F4  4943 0001:00041118  4944 0001:00041121
  4945 0001:00041123  4949 0001:00041128  4950 0001:0004112F  4951 0001:00041131
  4955 0001:00041136  4956 0001:0004113C  4957 0001:0004113E  4961 0001:00041143
  4963 0001:00041148  4964 0001:0004115D  4967 0001:00041175  4968 0001:0004117F
  4972 0001:0004118A  4975 0001:00041198  4977 0001:000411D4  4980 0001:000411D8
  4982 0001:000411DA  4986 0001:00041214  4987 0001:00041218  4996 0001:0004121C
  4997 0001:00041247  5000 0001:00041261  5001 0001:00041265  5002 0001:0004126D
  5003 0001:0004128A  5004 0001:00041290  5005 0001:00041298  5006 0001:000412AB
  5016 0001:00041330  5017 0001:0004135E  5019 0001:00041378  5020 0001:00041396
  5023 0001:000413AF  5024 0001:000413BE  5033 0001:000413CC  5035 0001:000413F7
  5039 0001:000413FC  5051 0001:0004140A  5052 0001:000414B3  5054 0001:000414C4
  5056 0001:000414CB  5064 0001:000415EC  5065 0001:00041605  5066 0001:00041614
  5068 0001:00041624  5070 0001:00041638  5080 0001:00041668  5081 0001:000416B2
  5083 0001:000416CC  5084 0001:000416DC  5085 0001:000416E0  5088 0001:000416E5
  5089 0001:00041703  5091 0001:00041713  5093 0001:0004172F  5095 0001:00041749
  5096 0001:0004176A  5099 0001:0004178B  5100 0001:0004179B  5101 0001:000417A9
  5103 0001:000417B8  5105 0001:000417D8  5107 0001:000417DE  5108 0001:000417E2
  5112 0001:000417EC  5113 0001:0004180A  5115 0001:00041823  5121 0001:00041892
  5122 0001:00041894  5123 0001:000418A2  5125 0001:000418CA  5129 0001:000418DE
  5131 0001:000418ED  5132 0001:000418FD  5136 0001:00041904  5137 0001:00041908
  5141 0001:0004190F  5152 0001:0004193A  5155 0001:00041946  5156 0001:0004194C
  5157 0001:00041968  5160 0001:0004197B  5170 0001:00041AD8  5171 0001:00041AEF
  5172 0001:00041AFF  5176 0001:00041B05  5177 0001:00041B0C  5178 0001:00041B1C
  5179 0001:00041B2A  5180 0001:00041B36  5182 0001:00041B5F  5184 0001:00041B73
  5192 0001:00041B80  5194 0001:00041B99  5195 0001:00041BA8  5196 0001:00041BAA
  5199 0001:00041BAC  5200 0001:00041BBC  5201 0001:00041BBE  5203 0001:00041BC0
  5204 0001:00041BD0  5205 0001:00041BD2  5209 0001:00041BD4  5210 0001:00041BDE
  5211 0001:00041BEF  5212 0001:00041BF1  5214 0001:00041BF3  5215 0001:00041C04
  5216 0001:00041C06  5219 0001:00041C08  5220 0001:00041C0A  5226 0001:00041C68
  5227 0001:00041C85  5228 0001:00041C93  5230 0001:00041C9B  5231 0001:00041CB9
  5232 0001:00041CDF  5234 0001:00041CF2  5236 0001:00041D03  5237 0001:00041D19
  5239 0001:00041D2A  5240 0001:00041D3F  5243 0001:00041D56  5246 0001:00041D72
  5247 0001:00041D8E  5248 0001:00041DA4  5252 0001:00041DB8  5257 0001:00041E20
  5258 0001:00041E44  5291 0001:00041E46  5293 0001:00041E4E  5294 0001:00041E5C
  5297 0001:00041E60  5300 0001:00041E7F  5302 0001:00041E89  5299 0001:00041E8F
  5306 0001:00041EB2  5307 0001:00041EC5  5308 0001:00041EC7  5323 0001:00041F08
  5326 0001:00041F2F  5325 0001:00041F31  5329 0001:00041F45  5331 0001:00041F4F
  5332 0001:00041F6E  5330 0001:00041F70  5335 0001:00041F84  5336 0001:00041F93
  5337 0001:00041FA2  5338 0001:00041FA6  5341 0001:00041FA8  5342 0001:00041FAA
  5346 0001:00041FD8  5352 0001:00041FEC  5353 0001:00041FEF  5358 0001:00041FF2
  5359 0001:00042000  5360 0001:00042003  5361 0001:00042006  5362 0001:00042010
  5366 0001:00042012  5367 0001:00042021  5368 0001:0004202B  5369 0001:00042035
  5370 0001:0004203F  5371 0001:00042046  5372 0001:00042064  5373 0001:00042069
  5382 0001:00042074  5385 0001:0004209B  5387 0001:000420B4  5389 0001:000420C4
  5390 0001:000420C6  5393 0001:000420CB  5395 0001:000420E1  5396 0001:000420E7
  5398 0001:000420EB  5401 0001:000420F5  5403 0001:0004210A  5405 0001:0004210F
  5406 0001:00042111  5409 0001:00042116  5411 0001:0004212E  5412 0001:00042130
  5420 0001:00042135  5422 0001:0004214A  5424 0001:0004214F  5425 0001:00042151
  5428 0001:00042156  5429 0001:0004216F  5430 0001:00042171  5432 0001:00042176
  5433 0001:0004218A  5434 0001:0004218C  5441 0001:00042191  5442 0001:000421B1
  5443 0001:000421C5  5444 0001:000421C7  5446 0001:000421CC  5447 0001:000421E0
  5448 0001:000421E2  5453 0001:000421E7  5454 0001:00042202  5455 0001:00042216
  5456 0001:00042218  5457 0001:00042222  5459 0001:00042224  5460 0001:00042238
  5461 0001:0004223A  5462 0001:00042244  5466 0001:00042246  5467 0001:0004225A
  5468 0001:0004225C  5471 0001:0004225E  5472 0001:00042272  5473 0001:00042274
  5476 0001:00042276  5477 0001:0004228A  5478 0001:0004228C  5484 0001:0004228E
  5485 0001:00042290  5486 0001:0004229A  5490 0001:000422C8  5491 0001:000422CB
  5494 0001:000422CC  5495 0001:000422D7  5496 0001:000422E5  5497 0001:000422F3
  5498 0001:00042300  5500 0001:00042309  5502 0001:0004231F  5504 0001:00042335
  5514 0001:0004233C  5515 0001:0004237E  5516 0001:00042398  5517 0001:000423A6
  5519 0001:000423B0  5522 0001:000423D4  5523 0001:000423DC  5524 0001:000423EA
  5526 0001:000423F7  5527 0001:00042405  5530 0001:00042414  5536 0001:00042423
  5537 0001:00042430  5540 0001:00042444  5533 0001:0004244F  5543 0001:00042468
  5546 0001:00042487  5547 0001:0004248C  5557 0001:00042578  5558 0001:000425C9
  5559 0001:000425E6  5561 0001:000425F4  5563 0001:000425FC  5566 0001:00042634
  5567 0001:0004263F  5568 0001:0004264D  5570 0001:0004265D  5571 0001:0004266E
  5577 0001:00042680  5578 0001:00042690  5579 0001:000426A7  5580 0001:000426B7
  5581 0001:000426C7  5584 0001:000426DE  5574 0001:000426E9  5587 0001:00042705
  5590 0001:00042727  5591 0001:0004272C  5594 0001:00042828  5595 0001:00042833
  5597 0001:0004283B  5598 0001:00042849  5599 0001:00042857  5601 0001:00042864
  5604 0001:0004287B  5606 0001:00042887  5608 0001:000428A5  5610 0001:000428BB
  5618 0001:000428D0  5619 0001:000428F4  5620 0001:000428F8  5622 0001:00042903
  5624 0001:00042905  5625 0001:00042909  5627 0001:0004293D  5629 0001:0004297B
  5632 0001:000429F8  5633 0001:00042A01  5634 0001:00042A16  5640 0001:00042A3C
  5641 0001:00042A49  5642 0001:00042A4C  5643 0001:00042A50  5644 0001:00042A5F
  5645 0001:00042A69  5648 0001:00042A6D  5654 0001:00042A7A  5656 0001:00042A7C
  5670 0001:00042A84  5674 0001:00042A98  5676 0001:00042A9F  5677 0001:00042AA1
  5678 0001:00042AA6  5680 0001:00042AB6  5682 0001:00042ABC  5683 0001:00042ABE
  5685 0001:00042AC3  5687 0001:00042ACB  5689 0001:00042AD1  5690 0001:00042AD3
  5694 0001:00042AD8  5696 0001:00042ADE  5697 0001:00042AE0  5701 0001:00042AE5
  5703 0001:00042AE9  5725 0001:00042AF4  5727 0001:00042B14  5728 0001:00042B1A
  5730 0001:00042B1E  5731 0001:00042B20  5734 0001:00042B22  5745 0001:00042B60
  5747 0001:00042B64  5773 0001:00042B6C  5774 0001:00042B6E  5779 0001:00042B70
  5780 0001:00042B74  5781 0001:00042B7A  5788 0001:00042B93  5792 0001:00042BA0
  5793 0001:00042BA4  5794 0001:00042BA6  5803 0001:00042BA8  5804 0001:00042BDB
  5805 0001:00042BE3  5806 0001:00042BF1  5809 0001:00042BFB  5813 0001:00042C5A
  5814 0001:00042C68  5816 0001:00042C74  5817 0001:00042C7A  5819 0001:00042C98
  5820 0001:00042C9A  5821 0001:00042CA5  5824 0001:00042CAE  5834 0001:00042D4C
  5835 0001:00042D7E  5836 0001:00042D86  5837 0001:00042D93  5841 0001:00042D9B
  5842 0001:00042DA1  5844 0001:00042DAD  5846 0001:00042DB9  5849 0001:00042DC4
  5853 0001:00042E1D  5854 0001:00042E2B  5856 0001:00042E52  5857 0001:00042E54
  5858 0001:00042E64  5861 0001:00042E6B  5871 0001:00042F40  5872 0001:00042F72
  5873 0001:00042F7A  5874 0001:00042F87  5878 0001:00042F8F  5879 0001:00042F95
  5881 0001:00042FA1  5883 0001:00042FAD  5886 0001:00042FB8  5890 0001:00043011
  5891 0001:0004301F  5893 0001:00043046  5894 0001:00043048  5895 0001:00043058
  5898 0001:0004305F  5907 0001:00043134  5908 0001:00043165  5909 0001:0004316D
  5910 0001:0004317B  5914 0001:00043185  5918 0001:000431DA  5919 0001:000431E8
  5922 0001:000431F4  5923 0001:000431FB  5925 0001:0004321A  5926 0001:0004321C
  5927 0001:00043227  5930 0001:00043230  5936 0001:000432D0  5937 0001:000432DA
  5941 0001:000432DC  5942 0001:000432E6  5950 0001:000432E8  5951 0001:0004330A
  5954 0001:0004334F  5955 0001:0004335D  5957 0001:00043378  5959 0001:0004337F

Line numbers for u_DBMS_Provider(u_DBMS_Provider.pas) segment .itext

  5961 0002:000003A0  5962 0002:000003AC  5963 0002:000003C4

Line numbers for i_TSS(i_TSS.pas) segment .text

     7 0001:00000000

Line numbers for u_exports(u_exports.pas) segment .text

   116 0001:00043548   117 0001:00043554   118 0001:00043562   119 0001:00043568
   120 0001:0004356A   123 0001:00043577   124 0001:0004357B   125 0001:0004357D
   128 0001:00043587   129 0001:0004358B   130 0001:0004358D   134 0001:00043597
   139 0001:000435BE   142 0001:000435CF   143 0001:000435DD   145 0001:000435F4
   146 0001:000435F9   148 0001:00043600   154 0001:0004360C   155 0001:00043615
   156 0001:00043623   157 0001:00043627   158 0001:00043629   162 0001:00043633
   163 0001:0004363C   164 0001:00043643   166 0001:00043654   168 0001:0004365B
   174 0001:00043664   175 0001:0004366D   176 0001:0004367B   177 0001:0004367F
   178 0001:00043681   181 0001:0004368B   183 0001:000436A6   185 0001:000436AD
   192 0001:000436B8   193 0001:000436BE   194 0001:000436CC   195 0001:000436D2
   196 0001:000436D4   199 0001:000436DE   201 0001:000436EF   203 0001:000436F6
   212 0001:00043700   213 0001:00043709   214 0001:00043717   215 0001:0004371B
   216 0001:0004371D   219 0001:00043727   226 0001:0004374E   228 0001:00043755
   235 0001:00043760   236 0001:0004376F   237 0001:0004377D   238 0001:00043781
   239 0001:00043783   242 0001:0004378D   243 0001:00043791   244 0001:00043793
   247 0001:0004379D   248 0001:000437A1   249 0001:000437A3   252 0001:000437AD
   257 0001:000437C5   259 0001:000437CC   265 0001:000437D8   266 0001:000437E4
   267 0001:000437F2   268 0001:000437F6   269 0001:000437F8   272 0001:00043802
   273 0001:00043806   274 0001:00043808   277 0001:00043812   282 0001:0004383D
   284 0001:00043844   290 0001:00043850   291 0001:0004385C   292 0001:0004386A
   293 0001:0004386E   294 0001:00043870   297 0001:0004387A   298 0001:0004387E
   299 0001:00043880   302 0001:0004388A   307 0001:000438A4   309 0001:000438AB
   315 0001:000438B4   316 0001:000438C0   317 0001:000438CE   318 0001:000438D2
   319 0001:000438D4   322 0001:000438DE   323 0001:000438E2   324 0001:000438E4
   327 0001:000438EE   331 0001:00043906   333 0001:0004390D   339 0001:00043918
   340 0001:00043924   341 0001:00043932   342 0001:00043936   343 0001:00043938
   346 0001:00043942   347 0001:00043946   348 0001:00043948   351 0001:00043952
   355 0001:0004396A   357 0001:00043971   364 0001:0004397C   365 0001:0004398B
   366 0001:00043999   367 0001:0004399D   368 0001:0004399F   371 0001:000439A9
   372 0001:000439AD   373 0001:000439AF   376 0001:000439B9   377 0001:000439BD
   378 0001:000439BF   381 0001:000439C9   386 0001:000439E1   388 0001:000439E8
   395 0001:000439F4   396 0001:00043A03   397 0001:00043A11   398 0001:00043A15
   399 0001:00043A17   402 0001:00043A21   403 0001:00043A25   404 0001:00043A27
   407 0001:00043A31   408 0001:00043A35   409 0001:00043A37   412 0001:00043A41
   417 0001:00043A5B   419 0001:00043A62   427 0001:00043A6C   428 0001:00043A7B
   429 0001:00043A89   430 0001:00043A8D   431 0001:00043A8F   434 0001:00043A99
   435 0001:00043A9D   436 0001:00043A9F   439 0001:00043AA9   440 0001:00043AAD
   441 0001:00043AAF   445 0001:00043AB9   451 0001:00043AD5   453 0001:00043ADC
   459 0001:00043AE8   460 0001:00043AF1   461 0001:00043AFF   462 0001:00043B03
   463 0001:00043B05   467 0001:00043B0F   468 0001:00043B16   470 0001:00043B27
   472 0001:00043B2E   479 0001:00043B38   480 0001:00043B47   481 0001:00043B55
   482 0001:00043B59   483 0001:00043B5B   486 0001:00043B65   487 0001:00043B69
   488 0001:00043B6B   491 0001:00043B75   492 0001:00043B79   493 0001:00043B7B
   497 0001:00043B85   502 0001:00043B9D   504 0001:00043BA4   511 0001:00043BB0
   512 0001:00043BBC   513 0001:00043BCA   514 0001:00043BCE   515 0001:00043BD0
   525 0001:00043BDA   526 0001:00043BDE   527 0001:00043BE0   530 0001:00043BEA
   535 0001:00043C07   537 0001:00043C0E   542 0001:00043C18   543 0001:00043C1E
   544 0001:00043C22   545 0001:00043C29   547 0001:00043C2D   549 0001:00043C2F
   551 0001:00043C61

Line numbers for TileStorage_DBMS(TileStorage_DBMS.dpr) segment .itext

    66 0002:000003C8    67 0002:000003D8    68 0002:000003E0

Bound resource files

TileStorage_DBMS.res
TileStorage_DBMS.drf


Program entry point at 0002:000003C8
